Archive member included to satisfy reference by file (symbol)

C:\Users\matlab\Documents\MCUXpressoIDE_10.3.1_2233\workspace2\uvoice1060_bare_afe\libs\libpryon_lite-U.a(pryon_lite.o)
                              ./audio/amazon/amazon_wake_word.o (PryonLite_GetModelAttributes)
C:\Users\matlab\Documents\MCUXpressoIDE_10.3.1_2233\workspace2\uvoice1060_bare_afe\libs\libpryon_lite-U.a(mtdnn_decoder.o)
                              C:\Users\matlab\Documents\MCUXpressoIDE_10.3.1_2233\workspace2\uvoice1060_bare_afe\libs\libpryon_lite-U.a(pryon_lite.o) (prlDecoderInitMtdnn)
C:\Users\matlab\Documents\MCUXpressoIDE_10.3.1_2233\workspace2\uvoice1060_bare_afe\libs\libpryon_lite-U.a(mtdnn_spotter.o)
                              C:\Users\matlab\Documents\MCUXpressoIDE_10.3.1_2233\workspace2\uvoice1060_bare_afe\libs\libpryon_lite-U.a(mtdnn_decoder.o) (prlMultiTargetDnnKeywordSpotterInit)
C:\Users\matlab\Documents\MCUXpressoIDE_10.3.1_2233\workspace2\uvoice1060_bare_afe\libs\libpryon_lite-U.a(prl_cfg_mtdnn.o)
                              C:\Users\matlab\Documents\MCUXpressoIDE_10.3.1_2233\workspace2\uvoice1060_bare_afe\libs\libpryon_lite-U.a(pryon_lite.o) (prlMultiTargetDnnSpotterCfgThresholdOverride)
C:\Users\matlab\Documents\MCUXpressoIDE_10.3.1_2233\workspace2\uvoice1060_bare_afe\libs\libpryon_lite-U.a(prl_version.o)
                              C:\Users\matlab\Documents\MCUXpressoIDE_10.3.1_2233\workspace2\uvoice1060_bare_afe\libs\libpryon_lite-U.a(pryon_lite.o) (sWWApiVersion)
C:\Users\matlab\Documents\MCUXpressoIDE_10.3.1_2233\workspace2\uvoice1060_bare_afe\libs\libpryon_lite-U.a(batch-scorer.o)
                              C:\Users\matlab\Documents\MCUXpressoIDE_10.3.1_2233\workspace2\uvoice1060_bare_afe\libs\libpryon_lite-U.a(mtdnn_decoder.o) (prlBatchScorerInit)
C:\Users\matlab\Documents\MCUXpressoIDE_10.3.1_2233\workspace2\uvoice1060_bare_afe\libs\libpryon_lite-U.a(frame_stacker_processor.o)
                              C:\Users\matlab\Documents\MCUXpressoIDE_10.3.1_2233\workspace2\uvoice1060_bare_afe\libs\libpryon_lite-U.a(mtdnn_decoder.o) (prlFrameStackerInit)
C:\Users\matlab\Documents\MCUXpressoIDE_10.3.1_2233\workspace2\uvoice1060_bare_afe\libs\libpryon_lite-U.a(feature-window.o)
                              C:\Users\matlab\Documents\MCUXpressoIDE_10.3.1_2233\workspace2\uvoice1060_bare_afe\libs\libpryon_lite-U.a(mtdnn_decoder.o) (prlSlidingFeatureWindowInit)
C:\Users\matlab\Documents\MCUXpressoIDE_10.3.1_2233\workspace2\uvoice1060_bare_afe\libs\libpryon_lite-U.a(feature-window-scorer-processor.o)
                              C:\Users\matlab\Documents\MCUXpressoIDE_10.3.1_2233\workspace2\uvoice1060_bare_afe\libs\libpryon_lite-U.a(mtdnn_decoder.o) (prlSlidingFeatureWindowScorerInit)
C:\Users\matlab\Documents\MCUXpressoIDE_10.3.1_2233\workspace2\uvoice1060_bare_afe\libs\libpryon_lite-U.a(dnn_provider.o)
                              C:\Users\matlab\Documents\MCUXpressoIDE_10.3.1_2233\workspace2\uvoice1060_bare_afe\libs\libpryon_lite-U.a(pryon_lite.o) (prlDnnGetRequiredMemSize)
C:\Users\matlab\Documents\MCUXpressoIDE_10.3.1_2233\workspace2\uvoice1060_bare_afe\libs\libpryon_lite-U.a(prl_cfg.o)
                              C:\Users\matlab\Documents\MCUXpressoIDE_10.3.1_2233\workspace2\uvoice1060_bare_afe\libs\libpryon_lite-U.a(pryon_lite.o) (prlModelWWCfgInit)
C:\Users\matlab\Documents\MCUXpressoIDE_10.3.1_2233\workspace2\uvoice1060_bare_afe\libs\libpryon_lite-U.a(prl_cfg_common.o)
                              C:\Users\matlab\Documents\MCUXpressoIDE_10.3.1_2233\workspace2\uvoice1060_bare_afe\libs\libpryon_lite-U.a(prl_cfg.o) (prlLoadModelChunkHeader)
C:\Users\matlab\Documents\MCUXpressoIDE_10.3.1_2233\workspace2\uvoice1060_bare_afe\libs\libpryon_lite-U.a(prl_cfg_feat.o)
                              C:\Users\matlab\Documents\MCUXpressoIDE_10.3.1_2233\workspace2\uvoice1060_bare_afe\libs\libpryon_lite-U.a(prl_cfg.o) (prlFeatConfigInit)
C:\Users\matlab\Documents\MCUXpressoIDE_10.3.1_2233\workspace2\uvoice1060_bare_afe\libs\libpryon_lite-U.a(prl_cfg_scorer.o)
                              C:\Users\matlab\Documents\MCUXpressoIDE_10.3.1_2233\workspace2\uvoice1060_bare_afe\libs\libpryon_lite-U.a(prl_cfg.o) (prlScorerConfigInit)
C:\Users\matlab\Documents\MCUXpressoIDE_10.3.1_2233\workspace2\uvoice1060_bare_afe\libs\libpryon_lite-U.a(prl_cfg_read_buffer_default.o)
                              C:\Users\matlab\Documents\MCUXpressoIDE_10.3.1_2233\workspace2\uvoice1060_bare_afe\libs\libpryon_lite-U.a(prl_cfg.o) (freeModelMemory)
C:\Users\matlab\Documents\MCUXpressoIDE_10.3.1_2233\workspace2\uvoice1060_bare_afe\libs\libpryon_lite-U.a(prl_feat_ex.o)
                              C:\Users\matlab\Documents\MCUXpressoIDE_10.3.1_2233\workspace2\uvoice1060_bare_afe\libs\libpryon_lite-U.a(pryon_lite.o) (prlFeatExGetRequiredMemSize)
C:\Users\matlab\Documents\MCUXpressoIDE_10.3.1_2233\workspace2\uvoice1060_bare_afe\libs\libpryon_lite-U.a(prl_feat_norm.o)
[...]
Memory Configuration

Name             Origin             Length             Attributes
BOARD_FLASH      0x60202000         0x019fe000         xr
SRAM_DTC         0x20000000         0x00080000         xrw
SRAM_ITC         0x00000000         0x00000000         xrw
SRAM_OC          0x20200000         0x00080000         xrw
*default*        0x00000000         0xffffffff

Linker script and memory map

LOAD ./xip/fsl_flexspi_nor_boot.o
LOAD ./xip/uvoice1060_flexspi_nor_config.o
LOAD ./xip/uvoice1060_sdram_ini_dcd.o
LOAD ./wifi_wwd/platform/wwd_SDIO.o
LOAD ./wifi_wwd/platform/wwd_platform.o
LOAD ./wifi_wwd/platform/wwd_platform_separate_mcu.o
LOAD ./wifi_wwd/platform/wwd_resources.o
LOAD ./wifi_wwd/network/wwd_buffer.o
LOAD ./wifi_wwd/network/wwd_network.o
LOAD ./wifi_wwd/WWD/internal/chips/wwd_ap.o
LOAD ./wifi_wwd/WWD/internal/chips/wwd_chip_specific_functions.o
LOAD ./wifi_wwd/WWD/internal/bus_protocols/SDIO/wwd_bus_protocol.o
LOAD ./wifi_wwd/WWD/internal/bus_protocols/wwd_bus_common.o
LOAD ./wifi_wwd/WWD/internal/tlv.o
LOAD ./wifi_wwd/WWD/internal/wwd_ap_common.o
LOAD ./wifi_wwd/WWD/internal/wwd_clm.o
LOAD ./wifi_wwd/WWD/internal/wwd_debug.o
LOAD ./wifi_wwd/WWD/internal/wwd_eapol.o
LOAD ./wifi_wwd/WWD/internal/wwd_internal.o
LOAD ./wifi_wwd/WWD/internal/wwd_management.o
LOAD ./wifi_wwd/WWD/internal/wwd_rtos_interface.o
LOAD ./wifi_wwd/WWD/internal/wwd_sdpcm.o
LOAD ./wifi_wwd/WWD/internal/wwd_thread.o
LOAD ./wifi_wwd/WWD/internal/wwd_thread_internal.o
LOAD ./wifi_wwd/WWD/internal/wwd_wifi.o
LOAD ./wifi_wwd/WWD/internal/wwd_wifi_chip_common.o
LOAD ./wifi_wwd/WWD/internal/wwd_wifi_sleep.o
LOAD ./wifi_wwd/FreeRTOS/wwd_rtos.o
LOAD ./wifi_wwd/wifi.o
LOAD ./utilities/fsl_shell.o
LOAD ./utilities/fsl_str.o
LOAD ./usb/phy/usb_phy.o
LOAD ./usb/device/source/ehci/usb_device_ehci.o
LOAD ./usb/device/source/usb_device_dci.o
LOAD ./startup/startup_mimxrt1062.o
LOAD ./source/RealityAI_sound_classifier.o
LOAD ./source/audio_processing_task.o
LOAD ./source/dhcp_server.o
LOAD ./source/join_wifi.o
LOAD ./source/main.o
LOAD ./source/os_hooks.o
LOAD ./source/semihost_hardfault.o
LOAD ./source/sln_shell.o
LOAD ./source/tcp_send.o
LOAD ./source/tcpecho.o
LOAD ./source/test_apsta.o
LOAD ./source/test_join.o
LOAD ./source/test_scan.o
LOAD ./source/udpecho.o
LOAD ./source/wlanif_add.o
LOAD ./sdmmc/src/fsl_sdio.o
LOAD ./sdmmc/src/fsl_sdmmc_common.o
LOAD ./sdmmc/port/fsl_sdmmc_event.o
LOAD ./sdmmc/port/fsl_sdmmc_host_uvoice.o
LOAD ./osa/usb_osa_freertos.o
LOAD ./lwip/src/netif/ppp/polarssl/arc4.o
LOAD ./lwip/src/netif/ppp/polarssl/des.o
LOAD ./lwip/src/netif/ppp/polarssl/md4.o
LOAD ./lwip/src/netif/ppp/polarssl/md5.o
LOAD ./lwip/src/netif/ppp/polarssl/sha1.o
LOAD ./lwip/src/netif/ppp/auth.o
LOAD ./lwip/src/netif/ppp/ccp.o
LOAD ./lwip/src/netif/ppp/chap-md5.o
LOAD ./lwip/src/netif/ppp/chap-new.o
LOAD ./lwip/src/netif/ppp/chap_ms.o
LOAD ./lwip/src/netif/ppp/demand.o
LOAD ./lwip/src/netif/ppp/eap.o
LOAD ./lwip/src/netif/ppp/eui64.o
LOAD ./lwip/src/netif/ppp/fsm.o
LOAD ./lwip/src/netif/ppp/ipcp.o
LOAD ./lwip/src/netif/ppp/ipv6cp.o
LOAD ./lwip/src/netif/ppp/lcp.o
LOAD ./lwip/src/netif/ppp/lwip_ecp.o
LOAD ./lwip/src/netif/ppp/magic.o
LOAD ./lwip/src/netif/ppp/mppe.o
LOAD ./lwip/src/netif/ppp/multilink.o
LOAD ./lwip/src/netif/ppp/ppp.o
LOAD ./lwip/src/netif/ppp/pppapi.o
LOAD ./lwip/src/netif/ppp/pppcrypt.o
LOAD ./lwip/src/netif/ppp/pppoe.o
LOAD ./lwip/src/netif/ppp/pppol2tp.o
LOAD ./lwip/src/netif/ppp/pppos.o
LOAD ./lwip/src/netif/ppp/upap.o
LOAD ./lwip/src/netif/ppp/utils.o
LOAD ./lwip/src/netif/ppp/vj.o
LOAD ./lwip/src/netif/bridgeif.o
LOAD ./lwip/src/netif/bridgeif_fdb.o
LOAD ./lwip/src/netif/ethernet.o
LOAD ./lwip/src/netif/lowpan6.o
LOAD ./lwip/src/netif/lowpan6_ble.o
LOAD ./lwip/src/netif/lowpan6_common.o
LOAD ./lwip/src/netif/slipif.o
LOAD ./lwip/src/netif/zepif.o
LOAD ./lwip/src/core/ipv6/dhcp6.o
LOAD ./lwip/src/core/ipv6/ethip6.o
LOAD ./lwip/src/core/ipv6/icmp6.o
LOAD ./lwip/src/core/ipv6/inet6.o
LOAD ./lwip/src/core/ipv6/ip6.o
LOAD ./lwip/src/core/ipv6/ip6_addr.o
LOAD ./lwip/src/core/ipv6/ip6_frag.o
LOAD ./lwip/src/core/ipv6/mld6.o
LOAD ./lwip/src/core/ipv6/nd6.o
LOAD ./lwip/src/core/ipv4/autoip.o
LOAD ./lwip/src/core/ipv4/dhcp.o
LOAD ./lwip/src/core/ipv4/etharp.o
LOAD ./lwip/src/core/ipv4/icmp.o
LOAD ./lwip/src/core/ipv4/igmp.o
LOAD ./lwip/src/core/ipv4/ip4.o
LOAD ./lwip/src/core/ipv4/ip4_addr.o
LOAD ./lwip/src/core/ipv4/ip4_frag.o
LOAD ./lwip/src/core/altcp.o
LOAD ./lwip/src/core/altcp_alloc.o
LOAD ./lwip/src/core/altcp_tcp.o
LOAD ./lwip/src/core/def.o
LOAD ./lwip/src/core/dns.o
LOAD ./lwip/src/core/inet_chksum.o
LOAD ./lwip/src/core/init.o
LOAD ./lwip/src/core/ip.o
LOAD ./lwip/src/core/mem.o
LOAD ./lwip/src/core/memp.o
LOAD ./lwip/src/core/netif.o
LOAD ./lwip/src/core/pbuf.o
LOAD ./lwip/src/core/raw.o
LOAD ./lwip/src/core/stats.o
LOAD ./lwip/src/core/sys.o
LOAD ./lwip/src/core/tcp.o
LOAD ./lwip/src/core/tcp_in.o
LOAD ./lwip/src/core/tcp_out.o
LOAD ./lwip/src/core/timeouts.o
LOAD ./lwip/src/core/udp.o
LOAD ./lwip/src/api/api_lib.o
LOAD ./lwip/src/api/api_msg.o
LOAD ./lwip/src/api/err.o
LOAD ./lwip/src/api/if_api.o
LOAD ./lwip/src/api/netbuf.o
LOAD ./lwip/src/api/netdb.o
LOAD ./lwip/src/api/netifapi.o
LOAD ./lwip/src/api/sockets.o
LOAD ./lwip/src/api/tcpip.o
LOAD ./lwip/port/ethernetif.o
LOAD ./lwip/port/sys_arch.o
LOAD ./drivers/flexspi_hyper_flash.o
LOAD ./drivers/fsl_clock.o
LOAD ./drivers/fsl_common.o
LOAD ./drivers/fsl_dcp.o
LOAD ./drivers/fsl_dmamux.o
LOAD ./drivers/fsl_edma.o
LOAD ./drivers/fsl_enet.o
LOAD ./drivers/fsl_flexram.o
LOAD ./drivers/fsl_flexspi.o
LOAD ./drivers/fsl_gpio.o
LOAD ./drivers/fsl_gpt.o
LOAD ./drivers/fsl_lpi2c.o
LOAD ./drivers/fsl_lpuart.o
LOAD ./drivers/fsl_pit.o
LOAD ./drivers/fsl_pwm.o
LOAD ./drivers/fsl_sai.o
LOAD ./drivers/fsl_sai_edma.o
LOAD ./drivers/fsl_trng.o
LOAD ./drivers/fsl_usdhc_uvoice.o
LOAD ./drivers/fsl_xbara.o
LOAD ./drivers/sln_RT10xx_RGB_LED_driver.o
LOAD ./device/system_MIMXRT1062.o
LOAD ./component/uart/lpuart_adapter.o
LOAD ./component/serial_manager/usb_cdc_adapter/usb_device_cdc_acm.o
LOAD ./component/serial_manager/usb_cdc_adapter/usb_device_ch9.o
LOAD ./component/serial_manager/usb_cdc_adapter/usb_device_class.o
LOAD ./component/serial_manager/usb_cdc_adapter/usb_device_descriptor.o
LOAD ./component/serial_manager/serial_manager.o
LOAD ./component/serial_manager/serial_port_uart.o
LOAD ./component/serial_manager/serial_port_usb.o
LOAD ./component/lists/generic_list.o
LOAD ./codec/fsl_codec_common.o
LOAD ./codec/fsl_tfa9894.o
LOAD ./board/board.o
LOAD ./board/clock_config.o
LOAD ./board/fsl_phy.o
LOAD ./board/perf.o
LOAD ./board/pin_mux.o
LOAD ./audio/pdm_mic/sln_pdm_mic.o
LOAD ./audio/audio_samples/wake_word_prompt.o
LOAD ./audio/audio_processing/pdm_to_pcm_task.o
LOAD ./audio/amplifier/sln_amplifier.o
LOAD ./audio/amazon/amazon_wake_word.o
LOAD ./amazon-freertos/FreeRTOS/portable/fsl_tickless_systick.o
LOAD ./amazon-freertos/FreeRTOS/portable/heap_4.o
LOAD ./amazon-freertos/FreeRTOS/portable/port.o
LOAD ./amazon-freertos/FreeRTOS/event_groups.o
LOAD ./amazon-freertos/FreeRTOS/list.o
LOAD ./amazon-freertos/FreeRTOS/queue.o
LOAD ./amazon-freertos/FreeRTOS/stream_buffer.o
LOAD ./amazon-freertos/FreeRTOS/tasks.o
LOAD ./amazon-freertos/FreeRTOS/timers.o
LOAD C:\Users\matlab\Documents\MCUXpressoIDE_10.3.1_2233\workspace2\uvoice1060_bare_afe\libs\libpryon_lite-U.a
LOAD C:\Users\matlab\Documents\MCUXpressoIDE_10.3.1_2233\workspace2\uvoice1060_bare_afe\libs\libarm_cortexM7lfdp_math.a
START GROUP
LOAD c:/nxp/mcuxpressoide_10.3.1_2233/ide/plugins/com.nxp.mcuxpresso.tools.win32_10.3.0.201811011841/tools/bin/../lib/gcc/arm-none-eabi/7.3.1/../../../../arm-none-eabi/lib/thumb/v7e-m/fpv5/hard\libcr_semihost_nf.a
LOAD c:/nxp/mcuxpressoide_10.3.1_2233/ide/plugins/com.nxp.mcuxpresso.tools.win32_10.3.0.201811011841/tools/bin/../lib/gcc/arm-none-eabi/7.3.1/../../../../arm-none-eabi/lib/thumb/v7e-m/fpv5/hard\libcr_c.a
LOAD c:/nxp/mcuxpressoide_10.3.1_2233/ide/plugins/com.nxp.mcuxpresso.tools.win32_10.3.0.201811011841/tools/bin/../lib/gcc/arm-none-eabi/7.3.1/thumb/v7e-m/fpv5/hard\libcr_eabihelpers.a
LOAD c:/nxp/mcuxpressoide_10.3.1_2233/ide/plugins/com.nxp.mcuxpresso.tools.win32_10.3.0.201811011841/tools/bin/../lib/gcc/arm-none-eabi/7.3.1/thumb/v7e-m/fpv5/hard\libgcc.a
END GROUP
                0x60202000                __base_BOARD_FLASH = 0x60202000
                0x60202000                __base_Flash = 0x60202000
                0x61c00000                __top_BOARD_FLASH = 0x61c00000
                0x61c00000                __top_Flash = 0x61c00000
                0x20000000                __base_SRAM_DTC = 0x20000000
                0x20000000                __base_RAM = 0x20000000
                0x20080000                __top_SRAM_DTC = 0x20080000
                0x20080000                __top_RAM = 0x20080000
                0x00000000                __base_SRAM_ITC = 0x0
                0x00000000                __base_RAM2 = 0x0
                0x00000000                __top_SRAM_ITC = 0x0
                0x00000000                __top_RAM2 = 0x0
                0x20200000                __base_SRAM_OC = 0x20200000
                0x20200000                __base_RAM3 = 0x20200000
                0x20280000                __top_SRAM_OC = 0x20280000
                0x20280000                __top_RAM3 = 0x20280000

.text           0x60202000    0x86770
 FILL mask 0xff
                0x60202000                __vectors_start__ = ABSOLUTE (.)
 *(SORT_BY_ALIGNMENT(.isr_vector))
 .isr_vector    0x60202000      0x2b8 ./startup/startup_mimxrt1062.o
                0x60202000                g_pfnVectors
                0x60202000                __Vectors
                0x602022b8                . = ALIGN (0x4)
                0x602022b8                __section_table_start = .
                0x602022b8                __data_section_table = .
                0x602022b8        0x4 LONG 0x60289678 LOADADDR (.data)
                0x602022bc        0x4 LONG 0x20000000 ADDR (.data)
                0x602022c0        0x4 LONG 0x4b09c SIZEOF (.data)
                0x602022c4        0x4 LONG 0x60288770 LOADADDR (.data_RAM2)
                0x602022c8        0x4 LONG 0x0 ADDR (.data_RAM2)
                0x602022cc        0x4 LONG 0x0 SIZEOF (.data_RAM2)
                0x602022d0        0x4 LONG 0x60288770 LOADADDR (.data_RAM3)
                0x602022d4        0x4 LONG 0x20200000 ADDR (.data_RAM3)
                0x602022d8        0x4 LONG 0xf08 SIZEOF (.data_RAM3)
                0x602022dc                __data_section_table_end = .
                0x602022dc                __bss_section_table = .
                0x602022dc        0x4 LONG 0x20051000 ADDR (.bss)
                0x602022e0        0x4 LONG 0x3ee34 SIZEOF (.bss)
                0x602022e4        0x4 LONG 0x0 ADDR (.bss_RAM2)
                0x602022e8        0x4 LONG 0x0 SIZEOF (.bss_RAM2)
                0x602022ec        0x4 LONG 0x20200f08 ADDR (.bss_RAM3)
                0x602022f0        0x4 LONG 0x4590 SIZEOF (.bss_RAM3)
                0x602022f4                __bss_section_table_end = .
                0x602022f4                __section_table_end = .
 *(SORT_BY_ALIGNMENT(.after_vectors*))
 .after_vectors.reset
                0x602022f4       0x60 ./startup/startup_mimxrt1062.o
                0x602022f4                ResetISR
 .after_vectors.init_data
                0x60202354       0x1e ./startup/startup_mimxrt1062.o
                0x60202354                data_init
 .after_vectors.init_bss
                0x60202372       0x12 ./startup/startup_mimxrt1062.o
                0x60202372                bss_init
 .after_vectors
                0x60202384        0xc ./startup/startup_mimxrt1062.o
                0x60202384                NMI_Handler
                0x60202386                HardFault_Handler
                0x6020238e                KPP_DriverIRQHandler
                0x6020238e                FLEXSPI2_DriverIRQHandler
                0x6020238e                LPSPI2_DriverIRQHandler
                0x6020238e                LCDIF_DriverIRQHandler
                0x6020238e                Reserved87_DriverIRQHandler
                0x6020238e                CCM_2_DriverIRQHandler
                0x6020238e                PIT_DriverIRQHandler
                0x6020238e                PMU_EVENT_DriverIRQHandler
                0x6020238e                PWM4_FAULT_DriverIRQHandler
                0x6020238e                FLEXRAM_DriverIRQHandler
                0x6020238e                SAI3_RX_DriverIRQHandler
                0x6020238e                LPSPI4_DriverIRQHandler
                0x6020238e                SEMC_DriverIRQHandler
                0x6020238e                SPDIF_DriverIRQHandler
                0x6020238e                PWM4_3_DriverIRQHandler
                0x6020238e                ACMP4_DriverIRQHandler
                0x6020238e                USB_PHY1_DriverIRQHandler
                0x6020238e                GPIO3_Combined_0_15_DriverIRQHandler
                0x6020238e                CAN3_DriverIRQHandler
                0x6020238e                Reserved171_DriverIRQHandler
                0x6020238e                BEE_DriverIRQHandler
                0x6020238e                GPR_IRQ_DriverIRQHandler
                0x6020238e                PWM2_FAULT_DriverIRQHandler
                0x6020238e                PWM3_1_DriverIRQHandler
                0x6020238e                TMR1_DriverIRQHandler
                0x6020238e                TRNG_DriverIRQHandler
                0x6020238e                PWM3_2_DriverIRQHandler
                0x6020238e                ENET_1588_Timer_DriverIRQHandler
                0x6020238e                FLEXIO2_DriverIRQHandler
                0x6020238e                GPIO2_Combined_16_31_DriverIRQHandler
                0x6020238e                Reserved143_DriverIRQHandler
                0x6020238e                PWM4_1_DriverIRQHandler
                0x6020238e                PWM3_3_DriverIRQHandler
                0x6020238e                IntDefaultHandler
                0x6020238e                SRC_DriverIRQHandler
                0x6020238e                GPIO1_INT4_DriverIRQHandler
                0x6020238e                Reserved144_DriverIRQHandler
                0x6020238e                ENC3_DriverIRQHandler
                0x6020238e                PWM3_FAULT_DriverIRQHandler
                0x6020238e                EWM_DriverIRQHandler
                0x6020238e                TSC_DIG_DriverIRQHandler
                0x6020238e                WDOG1_DriverIRQHandler
                0x6020238e                FLEXIO1_DriverIRQHandler
                0x6020238e                Reserved78_DriverIRQHandler
                0x6020238e                TMR4_DriverIRQHandler
                0x6020238e                ENC2_DriverIRQHandler
                0x6020238e                ADC_ETC_IRQ2_DriverIRQHandler
                0x6020238e                GPIO1_Combined_16_31_DriverIRQHandler
                0x6020238e                GPIO1_INT7_DriverIRQHandler
                0x6020238e                DCDC_DriverIRQHandler
                0x6020238e                PWM4_0_DriverIRQHandler
                0x6020238e                ADC_ETC_ERROR_IRQ_DriverIRQHandler
                0x6020238e                ACMP2_DriverIRQHandler
                0x6020238e                GPIO5_Combined_0_15_DriverIRQHandler
                0x6020238e                GPIO1_INT0_DriverIRQHandler
                0x6020238e                GPIO1_INT2_DriverIRQHandler
                0x6020238e                RTWDOG_DriverIRQHandler
                0x6020238e                GPT2_DriverIRQHandler
                0x6020238e                USB_PHY2_DriverIRQHandler
                0x6020238e                PWM2_1_DriverIRQHandler
                0x6020238e                PWM1_1_DriverIRQHandler
                0x6020238e                PXP_DriverIRQHandler
                0x6020238e                ADC1_DriverIRQHandler
                0x6020238e                PWM1_0_DriverIRQHandler
                0x6020238e                SJC_DriverIRQHandler
                0x6020238e                ENC1_DriverIRQHandler
                0x6020238e                ENC4_DriverIRQHandler
                0x6020238e                CAN2_DriverIRQHandler
                0x6020238e                DCP_DriverIRQHandler
                0x6020238e                CTI0_ERROR_DriverIRQHandler
                0x6020238e                GPT1_DriverIRQHandler
                0x6020238e                ACMP3_DriverIRQHandler
                0x6020238e                CSU_DriverIRQHandler
                0x6020238e                GPIO1_INT5_DriverIRQHandler
                0x6020238e                TMR3_DriverIRQHandler
                0x6020238e                TMR2_DriverIRQHandler
                0x6020238e                CTI1_ERROR_DriverIRQHandler
                0x6020238e                GPIO1_Combined_0_15_DriverIRQHandler
                0x6020238e                PWM4_2_DriverIRQHandler
                0x6020238e                CORE_DriverIRQHandler
                0x6020238e                CSI_DriverIRQHandler
                0x6020238e                PWM2_3_DriverIRQHandler
                0x6020238e                XBAR1_IRQ_2_3_DriverIRQHandler
                0x6020238e                SNVS_HP_WRAPPER_TZ_DriverIRQHandler
                0x6020238e                GPIO3_Combined_16_31_DriverIRQHandler
                0x6020238e                PWM1_FAULT_DriverIRQHandler
                0x6020238e                ENET2_1588_Timer_DriverIRQHandler
                0x6020238e                PWM2_2_DriverIRQHandler
                0x6020238e                SNVS_HP_WRAPPER_DriverIRQHandler
                0x6020238e                XBAR1_IRQ_0_1_DriverIRQHandler
                0x6020238e                ADC_ETC_IRQ1_DriverIRQHandler
                0x6020238e                LPSPI1_DriverIRQHandler
                0x6020238e                GPIO1_INT3_DriverIRQHandler
                0x6020238e                DCP_VMI_DriverIRQHandler
                0x6020238e                GPC_DriverIRQHandler
                0x6020238e                GPIO2_Combined_0_15_DriverIRQHandler
                0x6020238e                PWM1_2_DriverIRQHandler
                0x6020238e                USB_OTG1_DriverIRQHandler
                0x6020238e                TEMP_LOW_HIGH_DriverIRQHandler
                0x6020238e                SAI3_TX_DriverIRQHandler
                0x6020238e                FLEXIO3_DriverIRQHandler
                0x6020238e                WDOG2_DriverIRQHandler
                0x6020238e                Reserved68_DriverIRQHandler
                0x6020238e                PWM3_0_DriverIRQHandler
                0x6020238e                GPIO4_Combined_0_15_DriverIRQHandler
                0x6020238e                GPIO4_Combined_16_31_DriverIRQHandler
                0x6020238e                GPIO6_7_8_9_DriverIRQHandler
                0x6020238e                GPIO5_Combined_16_31_DriverIRQHandler
                0x6020238e                CCM_1_DriverIRQHandler
                0x6020238e                ADC2_DriverIRQHandler
                0x6020238e                Reserved115_DriverIRQHandler
                0x6020238e                TEMP_PANIC_DriverIRQHandler
                0x6020238e                LPSPI3_DriverIRQHandler
                0x6020238e                PWM1_3_DriverIRQHandler
                0x6020238e                ACMP1_DriverIRQHandler
                0x6020238e                Reserved86_DriverIRQHandler
                0x6020238e                DMA_ERROR_DriverIRQHandler
                0x6020238e                ADC_ETC_IRQ0_DriverIRQHandler
                0x6020238e                CAN1_DriverIRQHandler
                0x6020238e                GPIO1_INT6_DriverIRQHandler
                0x6020238e                GPIO1_INT1_DriverIRQHandler
                0x6020238e                PWM2_0_DriverIRQHandler
                0x6020238e                SNVS_LP_WRAPPER_DriverIRQHandler
                0x6020238e                USB_OTG2_DriverIRQHandler
 *(SORT_BY_ALIGNMENT(.text*))
 .text.SVC_Handler
                0x60202390       0x28 ./amazon-freertos/FreeRTOS/portable/port.o
                0x60202390                SVC_Handler
 *fill*         0x602023b8        0x8 ff
 .text.PendSV_Handler
                0x602023c0       0x68 ./amazon-freertos/FreeRTOS/portable/port.o
                0x602023c0                PendSV_Handler
 .text.RGB_LED_Init
                0x60202428      0x1c0 ./drivers/sln_RT10xx_RGB_LED_driver.o
                0x60202428                RGB_LED_Init
 .text.fp_display
                0x602025e8      0x8a0 c:/nxp/mcuxpressoide_10.3.1_2233/ide/plugins/com.nxp.mcuxpresso.tools.win32_10.3.0.201811011841/tools/bin/../lib/gcc/arm-none-eabi/7.3.1/../../../../arm-none-eabi/lib/thumb/v7e-m/fpv5/hard\libcr_c.a(fpprintf.o)
 .text._frexpl  0x60202e88       0x68 c:/nxp/mcuxpressoide_10.3.1_2233/ide/plugins/com.nxp.mcuxpresso.tools.win32_10.3.0.201811011841/tools/bin/../lib/gcc/arm-none-eabi/7.3.1/../../../../arm-none-eabi/lib/thumb/v7e-m/fpv5/hard\libcr_c.a(_frexpl.o)
                0x60202e88                _frexpl
 .text._ldexpl  0x60202ef0       0x58 c:/nxp/mcuxpressoide_10.3.1_2233/ide/plugins/com.nxp.mcuxpresso.tools.win32_10.3.0.201811011841/tools/bin/../lib/gcc/arm-none-eabi/7.3.1/../../../../arm-none-eabi/lib/thumb/v7e-m/fpv5/hard\libcr_c.a(_ldexpl.o)
                0x60202ef0                _ldexpl
 .text.GPIO5_Combined_0_15_IRQHandler
                0x60202f48       0x28 ./wifi_wwd/platform/wwd_SDIO.o
                0x60202f48                GPIO5_Combined_0_15_IRQHandler
 .text.wwd_thread_notify_irq
                0x60202f70       0x2c ./wifi_wwd/WWD/internal/wwd_thread.o
                0x60202f70                wwd_thread_notify_irq
 .text.host_rtos_set_semaphore
                0x60202f9c       0x68 ./wifi_wwd/FreeRTOS/wwd_rtos.o
                0x60202f9c                host_rtos_set_semaphore
 .text.SHELL_Sprintf
                0x60203004       0x40 ./utilities/fsl_shell.o
 .text.SHELL_Task
                0x60203044      0x510 ./utilities/fsl_shell.o
 .text.SHELL_ExitCommand
                0x60203554       0x40 ./utilities/fsl_shell.o
 .text.SHELL_ProcessCommand
                0x60203594      0x2ac ./utilities/fsl_shell.o
 .text.SHELL_GetHistoryCommand
                0x60203840       0xe4 ./utilities/fsl_shell.o
 .text.SHELL_AutoComplete
                0x60203924      0x148 ./utilities/fsl_shell.o
 .text.SHELL_ParseLine
                0x60203a6c       0xfc ./utilities/fsl_shell.o
 .text.SHELL_Init
                0x60203b68      0x148 ./utilities/fsl_shell.o
                0x60203b68                SHELL_Init
 .text.SHELL_RegisterCommand
                0x60203cb0       0x54 ./utilities/fsl_shell.o
                0x60203cb0                SHELL_RegisterCommand
 .text.SHELL_Write
                0x60203d04       0xa0 ./utilities/fsl_shell.o
                0x60203d04                SHELL_Write
 .text.SHELL_Printf
                0x60203da4       0xa4 ./utilities/fsl_shell.o
                0x60203da4                SHELL_Printf
 .text.USB_EhciPhyGetBase
                0x60203e48       0xe0 ./usb/phy/usb_phy.o
                0x60203e48                USB_EhciPhyGetBase
 .text.USB_EhciPhyInit
                0x60203f28       0xc8 ./usb/phy/usb_phy.o
                0x60203f28                USB_EhciPhyInit
 .text.USB_DeviceEhciCancelControlPipe
                0x60203ff0      0x194 ./usb/device/source/ehci/usb_device_ehci.o
 .text.USB_DeviceEhciInterruptTokenDone
                0x60204184      0x42c ./usb/device/source/ehci/usb_device_ehci.o
 .text.USB_DeviceEhciTransfer
                0x602045b0      0x3b4 ./usb/device/source/ehci/usb_device_ehci.o
 .text.USB_EhciGetValidEhciState
                0x60204964       0x58 ./usb/device/source/ehci/usb_device_ehci.o
                0x60204964                USB_EhciGetValidEhciState
 .text.USB_DeviceEhciInit
                0x602049bc       0xe4 ./usb/device/source/ehci/usb_device_ehci.o
                0x602049bc                USB_DeviceEhciInit
 .text.USB_DeviceEhciDeinit
                0x60204aa0       0x8c ./usb/device/source/ehci/usb_device_ehci.o
                0x60204aa0                USB_DeviceEhciDeinit
 .text.USB_DeviceEhciCancel
                0x60204b2c      0x220 ./usb/device/source/ehci/usb_device_ehci.o
                0x60204b2c                USB_DeviceEhciCancel
 .text.USB_DeviceEhciControl
                0x60204d4c      0x284 ./usb/device/source/ehci/usb_device_ehci.o
                0x60204d4c                USB_DeviceEhciControl
 .text.USB_DeviceAllocateHandle
                0x60204fd0       0xd0 ./usb/device/source/usb_device_dci.o
 .text.USB_DeviceGetControllerInterface
                0x602050a0       0x38 ./usb/device/source/usb_device_dci.o
 .text.USB_DeviceGetStatus
                0x602050d8       0xcc ./usb/device/source/usb_device_dci.o
                0x602050d8                USB_DeviceGetStatus
 .text.USB_DeviceSetStatus
                0x602051a4      0x114 ./usb/device/source/usb_device_dci.o
                0x602051a4                USB_DeviceSetStatus
 .text.map_flexram
                0x602052b8       0x4c ./startup/startup_mimxrt1062.o
                0x602052b8                map_flexram
 .text.group_c1_feature
                0x60205304       0xa0 ./source/RealityAI_sound_classifier.o
                0x60205304                group_c1_feature
 .text.memorex_feature_extractor
                0x602053a4       0x68 ./source/RealityAI_sound_classifier.o
                0x602053a4                memorex_feature_extractor
 .text.get_learner_predictions
                0x6020540c       0xc4 ./source/RealityAI_sound_classifier.o
                0x6020540c                get_learner_predictions
 .text.memorex_classifier_prediction
                0x602054d0       0x48 ./source/RealityAI_sound_classifier.o
                0x602054d0                memorex_classifier_prediction
 .text.RealityAI_memorex_classify
                0x60205518       0x38 ./source/RealityAI_sound_classifier.o
                0x60205518                RealityAI_memorex_classify
 .text.audio_processing_reset_mic_capture_buffers
                0x60205550       0x2c ./source/audio_processing_task.o
 .text.audio_processing_set_app_task_handle
                0x6020557c       0x30 ./source/audio_processing_task.o
                0x6020557c                audio_processing_set_app_task_handle
 .text.audio_processing_set_task_handle
                0x602055ac       0x20 ./source/audio_processing_task.o
                0x602055ac                audio_processing_set_task_handle
 .text.audio_processing_set_mic_input_buffer
                0x602055cc       0x30 ./source/audio_processing_task.o
                0x602055cc                audio_processing_set_mic_input_buffer
 .text.audio_processing_set_amp_input_buffer
                0x602055fc       0x30 ./source/audio_processing_task.o
                0x602055fc                audio_processing_set_amp_input_buffer
 .text.audio_processing_task
                0x6020562c      0x430 ./source/audio_processing_task.o
                0x6020562c                audio_processing_task
 .text.CLOCK_SetMux
                0x60205a5c       0x9c ./source/main.o
 .text.CLOCK_SetDiv
                0x60205af8       0x9c ./source/main.o
 .text.CLOCK_ControlGate
                0x60205b94       0x64 ./source/main.o
 .text.appTask  0x60205bf8      0x16c ./source/main.o
                0x60205bf8                appTask
 .text.main     0x60205d64      0x124 ./source/main.o
                0x60205d64                main
 .text.vApplicationMallocFailedHook
                0x60205e88       0x14 ./source/os_hooks.o
                0x60205e88                vApplicationMallocFailedHook
 .text.vApplicationGetIdleTaskMemory
                0x60205e9c       0x34 ./source/os_hooks.o
                0x60205e9c                vApplicationGetIdleTaskMemory
 .text.vApplicationGetTimerTaskMemory
                0x60205ed0       0x34 ./source/os_hooks.o
                0x60205ed0                vApplicationGetTimerTaskMemory
 .text.__NVIC_SystemReset
                0x60205f04       0x28 ./source/sln_shell.o
 .text.USB_DeviceClockInit
                0x60205f2c       0x48 ./source/sln_shell.o
 .text.sln_reset_handler
                0x60205f74       0x30 ./source/sln_shell.o
 .text.log_shell_printf
                0x60205fa4       0x60 ./source/sln_shell.o
                0x60205fa4                log_shell_printf
 .text.sln_shell_init
                0x60206004       0xa8 ./source/sln_shell.o
                0x60206004                sln_shell_init
 .text.sln_shell_task
                0x602060ac       0x60 ./source/sln_shell.o
                0x602060ac                sln_shell_task
 .text.sln_shell_set_app_init_task_handle
                0x6020610c       0x28 ./source/sln_shell.o
                0x6020610c                sln_shell_set_app_init_task_handle
 .text.sln_shell_trace_malloc
                0x60206134       0x60 ./source/sln_shell.o
                0x60206134                sln_shell_trace_malloc
 .text.sln_shell_trace_free
                0x60206194       0x60 ./source/sln_shell.o
                0x60206194                sln_shell_trace_free
 .text.SDMMCEVENT_GetInstance
                0x602061f4       0x40 ./sdmmc/port/fsl_sdmmc_event.o
 .text.SDMMCEVENT_Notify
                0x60206234       0x70 ./sdmmc/port/fsl_sdmmc_event.o
                0x60206234                SDMMCEVENT_Notify
 .text.GPIO_PinRead
                0x602062a4       0x30 ./sdmmc/port/fsl_sdmmc_host_uvoice.o
 .text.SDMMCHOST_DetectCardByGpio
                0x602062d4       0x6c ./sdmmc/port/fsl_sdmmc_host_uvoice.o
 .text.SDMMCHOST_DetectCardInsertByHost
                0x60206340       0x40 ./sdmmc/port/fsl_sdmmc_host_uvoice.o
 .text.SDMMCHOST_DetectCardRemoveByHost
                0x60206380       0x38 ./sdmmc/port/fsl_sdmmc_host_uvoice.o
 .text.SDMMCHOST_TransferCompleteCallback
                0x602063b8       0x34 ./sdmmc/port/fsl_sdmmc_host_uvoice.o
 .text.SDMMCHOST_ReTuningCallback
                0x602063ec       0x24 ./sdmmc/port/fsl_sdmmc_host_uvoice.o
 .text.GPIO2_Combined_16_31_IRQHandler
                0x60206410       0x3c ./sdmmc/port/fsl_sdmmc_host_uvoice.o
                0x60206410                GPIO2_Combined_16_31_IRQHandler
 .text.USB_OsaMutexCreate
                0x6020644c       0xbc ./osa/usb_osa_freertos.o
                0x6020644c                USB_OsaMutexCreate
 .text.ethernet_output
                0x60206508       0x90 ./lwip/src/netif/ethernet.o
                0x60206508                ethernet_output
 .text.dhcp_inc_pcb_refcount
                0x60206598       0x94 ./lwip/src/core/ipv4/dhcp.o
 .text.dhcp_dec_pcb_refcount
                0x6020662c       0x48 ./lwip/src/core/ipv4/dhcp.o
 .text.dhcp_handle_nak
                0x60206674       0x34 ./lwip/src/core/ipv4/dhcp.o
 .text.dhcp_check
                0x602066a8       0x68 ./lwip/src/core/ipv4/dhcp.o
 .text.dhcp_handle_offer
                0x60206710       0x4c ./lwip/src/core/ipv4/dhcp.o
 .text.dhcp_select
                0x6020675c      0x1e0 ./lwip/src/core/ipv4/dhcp.o
 .text.dhcp_coarse_tmr
                0x6020693c       0xa8 ./lwip/src/core/ipv4/dhcp.o
                0x6020693c                dhcp_coarse_tmr
 .text.dhcp_fine_tmr
                0x602069e4       0x64 ./lwip/src/core/ipv4/dhcp.o
                0x602069e4                dhcp_fine_tmr
 .text.dhcp_handle_ack
                0x60206a48      0x100 ./lwip/src/core/ipv4/dhcp.o
 .text.dhcp_start
                0x60206b48       0xe4 ./lwip/src/core/ipv4/dhcp.o
                0x60206b48                dhcp_start
 .text.dhcp_discover
                0x60206c2c      0x144 ./lwip/src/core/ipv4/dhcp.o
 .text.dhcp_bind
                0x60206d70      0x19c ./lwip/src/core/ipv4/dhcp.o
 .text.dhcp_renew
                0x60206f0c      0x138 ./lwip/src/core/ipv4/dhcp.o
                0x60206f0c                dhcp_renew
 .text.dhcp_rebind
                0x60207044      0x138 ./lwip/src/core/ipv4/dhcp.o
 .text.dhcp_reboot
                0x6020717c      0x16c ./lwip/src/core/ipv4/dhcp.o
 .text.dhcp_release_and_stop
                0x602072e8      0x134 ./lwip/src/core/ipv4/dhcp.o
                0x602072e8                dhcp_release_and_stop
 .text.dhcp_option
                0x6020741c       0x58 ./lwip/src/core/ipv4/dhcp.o
 .text.dhcp_option_byte
                0x60207474       0x3c ./lwip/src/core/ipv4/dhcp.o
 .text.dhcp_option_short
                0x602074b0       0x54 ./lwip/src/core/ipv4/dhcp.o
 .text.dhcp_option_long
                0x60207504       0x78 ./lwip/src/core/ipv4/dhcp.o
 .text.dhcp_parse_reply
                0x6020757c      0x598 ./lwip/src/core/ipv4/dhcp.o
 .text.dhcp_recv
                0x60207b14      0x190 ./lwip/src/core/ipv4/dhcp.o
 .text.dhcp_create_msg
                0x60207ca4      0x18c ./lwip/src/core/ipv4/dhcp.o
 .text.etharp_free_entry
                0x60207e30       0xc0 ./lwip/src/core/ipv4/etharp.o
 .text.etharp_tmr
                0x60207ef0      0x150 ./lwip/src/core/ipv4/etharp.o
                0x60207ef0                etharp_tmr
 .text.etharp_find_entry
                0x60208040      0x2c0 ./lwip/src/core/ipv4/etharp.o
 .text.etharp_query
                0x60208300      0x278 ./lwip/src/core/ipv4/etharp.o
                0x60208300                etharp_query
 .text.etharp_raw
                0x60208578      0x11c ./lwip/src/core/ipv4/etharp.o
 .text.etharp_request_dst
                0x60208694       0x44 ./lwip/src/core/ipv4/etharp.o
 .text.etharp_request
                0x602086d8       0x24 ./lwip/src/core/ipv4/etharp.o
                0x602086d8                etharp_request
 .text.icmp_send_response
                0x602086fc       0xec ./lwip/src/core/ipv4/icmp.o
 .text.ip4_route
                0x602087e8       0xf4 ./lwip/src/core/ipv4/ip4.o
                0x602087e8                ip4_route
 .text.ip4_output_if_src
                0x602088dc      0x244 ./lwip/src/core/ipv4/ip4.o
                0x602088dc                ip4_output_if_src
 .text.ip_reass_tmr
                0x60208b20       0x58 ./lwip/src/core/ipv4/ip4_frag.o
                0x60208b20                ip_reass_tmr
 .text.ip_reass_free_complete_datagram
                0x60208b78      0x120 ./lwip/src/core/ipv4/ip4_frag.o
 .text.ip_reass_dequeue_datagram
                0x60208c98       0x4c ./lwip/src/core/ipv4/ip4_frag.o
 .text.ip4_frag
                0x60208ce4      0x1c8 ./lwip/src/core/ipv4/ip4_frag.o
                0x60208ce4                ip4_frag
 .text.dns_setserver
                0x60208eac       0x48 ./lwip/src/core/dns.o
                0x60208eac                dns_setserver
 .text.dns_send
                0x60208ef4      0x1d0 ./lwip/src/core/dns.o
 .text.dns_call_found
                0x602090c4      0x180 ./lwip/src/core/dns.o
 .text.dns_create_txid
                0x60209244       0x60 ./lwip/src/core/dns.o
 .text.dns_backupserver_available
                0x602092a4       0x44 ./lwip/src/core/dns.o
 .text.dns_check_entry
                0x602092e8      0x134 ./lwip/src/core/dns.o
 .text.plug_holes
                0x6020941c      0x108 ./lwip/src/core/mem.o
 .text.mem_init
                0x60209524       0xa0 ./lwip/src/core/mem.o
                0x60209524                mem_init
 .text.mem_free
                0x602095c4       0xf4 ./lwip/src/core/mem.o
                0x602095c4                mem_free
 .text.mem_trim
                0x602096b8      0x200 ./lwip/src/core/mem.o
                0x602096b8                mem_trim
 .text.mem_malloc
                0x602098b8      0x244 ./lwip/src/core/mem.o
                0x602098b8                mem_malloc
 .text.memp_init
                0x60209afc       0x4c ./lwip/src/core/memp.o
                0x60209afc                memp_init
 .text.do_memp_malloc_pool
                0x60209b48       0x88 ./lwip/src/core/memp.o
 .text.memp_malloc
                0x60209bd0       0x3c ./lwip/src/core/memp.o
                0x60209bd0                memp_malloc
 .text.do_memp_free_pool
                0x60209c0c       0x54 ./lwip/src/core/memp.o
 .text.memp_free
                0x60209c60       0x44 ./lwip/src/core/memp.o
                0x60209c60                memp_free
 .text.netif_do_set_ipaddr
                0x60209ca4       0x7c ./lwip/src/core/netif.o
 .text.netif_set_addr
                0x60209d20       0x94 ./lwip/src/core/netif.o
                0x60209d20                netif_set_addr
 .text.netif_issue_reports
                0x60209db4       0x70 ./lwip/src/core/netif.o
 .text.netif_get_by_index
                0x60209e24       0x4c ./lwip/src/core/netif.o
                0x60209e24                netif_get_by_index
 .text.pbuf_free_ooseq
                0x60209e70       0x4c ./lwip/src/core/pbuf.o
 .text.pbuf_pool_is_empty
                0x60209ebc       0x54 ./lwip/src/core/pbuf.o
 .text.pbuf_alloc
                0x60209f10      0x1bc ./lwip/src/core/pbuf.o
                0x60209f10                pbuf_alloc
 .text.pbuf_alloc_reference
                0x6020a0cc       0x58 ./lwip/src/core/pbuf.o
                0x6020a0cc                pbuf_alloc_reference
 .text.pbuf_realloc
                0x6020a124       0xe4 ./lwip/src/core/pbuf.o
                0x6020a124                pbuf_realloc
 .text.pbuf_add_header_impl
                0x6020a208       0xc0 ./lwip/src/core/pbuf.o
 .text.pbuf_free
                0x6020a2c8       0xc8 ./lwip/src/core/pbuf.o
                0x6020a2c8                pbuf_free
 .text.pbuf_ref
                0x6020a390       0x40 ./lwip/src/core/pbuf.o
                0x6020a390                pbuf_ref
 .text.pbuf_cat
                0x6020a3d0       0x8c ./lwip/src/core/pbuf.o
                0x6020a3d0                pbuf_cat
 .text.pbuf_copy
                0x6020a45c      0x16c ./lwip/src/core/pbuf.o
                0x6020a45c                pbuf_copy
 .text.pbuf_copy_partial
                0x6020a5c8       0xcc ./lwip/src/core/pbuf.o
                0x6020a5c8                pbuf_copy_partial
 .text.pbuf_take
                0x6020a694       0xf4 ./lwip/src/core/pbuf.o
                0x6020a694                pbuf_take
 .text.pbuf_take_at
                0x6020a788       0xc4 ./lwip/src/core/pbuf.o
                0x6020a788                pbuf_take_at
 .text.pbuf_clone
                0x6020a84c       0x54 ./lwip/src/core/pbuf.o
                0x6020a84c                pbuf_clone
 .text.stats_init
                0x6020a8a0       0x20 ./lwip/src/core/stats.o
                0x6020a8a0                stats_init
 .text.tcp_init
                0x6020a8c0       0x24 ./lwip/src/core/tcp.o
                0x6020a8c0                tcp_init
 .text.tcp_free
                0x6020a8e4       0x2c ./lwip/src/core/tcp.o
                0x6020a8e4                tcp_free
 .text.tcp_free_listen
                0x6020a910       0x2c ./lwip/src/core/tcp.o
 .text.tcp_tmr  0x6020a93c       0x2c ./lwip/src/core/tcp.o
                0x6020a93c                tcp_tmr
 .text.tcp_remove_listener
                0x6020a968       0x44 ./lwip/src/core/tcp.o
 .text.tcp_listen_closed
                0x6020a9ac       0x5c ./lwip/src/core/tcp.o
 .text.tcp_backlog_accepted
                0x6020aa08       0x64 ./lwip/src/core/tcp.o
                0x6020aa08                tcp_backlog_accepted
 .text.tcp_close_shutdown
                0x6020aa6c      0x1a8 ./lwip/src/core/tcp.o
 .text.tcp_close_shutdown_fin
                0x6020ac14       0xc4 ./lwip/src/core/tcp.o
 .text.tcp_close
                0x6020acd8       0x48 ./lwip/src/core/tcp.o
                0x6020acd8                tcp_close
 .text.tcp_abandon
                0x6020ad20      0x168 ./lwip/src/core/tcp.o
                0x6020ad20                tcp_abandon
 .text.tcp_update_rcv_ann_wnd
                0x6020ae88       0x9c ./lwip/src/core/tcp.o
                0x6020ae88                tcp_update_rcv_ann_wnd
 .text.tcp_recved
                0x6020af24       0x8c ./lwip/src/core/tcp.o
                0x6020af24                tcp_recved
 .text.tcp_slowtmr
                0x6020afb0      0x614 ./lwip/src/core/tcp.o
                0x6020afb0                tcp_slowtmr
 .text.tcp_fasttmr
                0x6020b5c4       0xc8 ./lwip/src/core/tcp.o
                0x6020b5c4                tcp_fasttmr
 .text.tcp_process_refused_data
                0x6020b68c       0xec ./lwip/src/core/tcp.o
                0x6020b68c                tcp_process_refused_data
 .text.tcp_recv_null
                0x6020b778       0x5c ./lwip/src/core/tcp.o
                0x6020b778                tcp_recv_null
 .text.tcp_pcb_purge
                0x6020b7d4       0x98 ./lwip/src/core/tcp.o
                0x6020b7d4                tcp_pcb_purge
 .text.tcp_pcb_remove
                0x6020b86c       0xf8 ./lwip/src/core/tcp.o
                0x6020b86c                tcp_pcb_remove
 .text.tcp_eff_send_mss_netif
                0x6020b964       0x64 ./lwip/src/core/tcp.o
                0x6020b964                tcp_eff_send_mss_netif
 .text.tcp_netif_ip_addr_changed_pcblist
                0x6020b9c8       0x54 ./lwip/src/core/tcp.o
 .text.tcp_netif_ip_addr_changed
                0x6020ba1c       0x7c ./lwip/src/core/tcp.o
                0x6020ba1c                tcp_netif_ip_addr_changed
 .text.tcp_trigger_input_pcb_close
                0x6020ba98       0x20 ./lwip/src/core/tcp_in.o
                0x6020ba98                tcp_trigger_input_pcb_close
 .text.tcp_create_segment
                0x6020bab8      0x13c ./lwip/src/core/tcp_out.o
 .text.tcp_split_unsent_seg
                0x6020bbf4      0x27c ./lwip/src/core/tcp_out.o
                0x6020bbf4                tcp_split_unsent_seg
 .text.tcp_send_fin
                0x6020be70       0x90 ./lwip/src/core/tcp_out.o
                0x6020be70                tcp_send_fin
 .text.tcp_enqueue_flags
                0x6020bf00      0x1c8 ./lwip/src/core/tcp_out.o
                0x6020bf00                tcp_enqueue_flags
 .text.tcp_output
                0x6020c0c8      0x3d8 ./lwip/src/core/tcp_out.o
                0x6020c0c8                tcp_output
 .text.tcp_output_segment_busy
                0x6020c4a0       0x30 ./lwip/src/core/tcp_out.o
 .text.tcp_output_segment
                0x6020c4d0      0x1d0 ./lwip/src/core/tcp_out.o
 .text.tcp_rexmit_rto_prepare
                0x6020c6a0       0xe4 ./lwip/src/core/tcp_out.o
                0x6020c6a0                tcp_rexmit_rto_prepare
 .text.tcp_rexmit_rto_commit
                0x6020c784       0x40 ./lwip/src/core/tcp_out.o
                0x6020c784                tcp_rexmit_rto_commit
 .text.tcp_output_alloc_header_common
                0x6020c7c4       0xd8 ./lwip/src/core/tcp_out.o
 .text.tcp_output_alloc_header
                0x6020c89c       0x6c ./lwip/src/core/tcp_out.o
 .text.tcp_output_fill_options
                0x6020c908       0x68 ./lwip/src/core/tcp_out.o
 .text.tcp_output_control_segment
                0x6020c970       0xb8 ./lwip/src/core/tcp_out.o
 .text.tcp_rst  0x6020ca28       0x8c ./lwip/src/core/tcp_out.o
                0x6020ca28                tcp_rst
 .text.tcp_send_empty_ack
                0x6020cab4       0xb4 ./lwip/src/core/tcp_out.o
                0x6020cab4                tcp_send_empty_ack
 .text.tcp_keepalive
                0x6020cb68       0x70 ./lwip/src/core/tcp_out.o
                0x6020cb68                tcp_keepalive
 .text.tcp_zero_window_probe
                0x6020cbd8      0x144 ./lwip/src/core/tcp_out.o
                0x6020cbd8                tcp_zero_window_probe
 .text.sys_timeout_abs
                0x6020cd1c       0xd0 ./lwip/src/core/timeouts.o
 .text.lwip_cyclic_timer
                0x6020cdec       0x64 ./lwip/src/core/timeouts.o
 .text.sys_timeouts_init
                0x6020ce50       0x40 ./lwip/src/core/timeouts.o
                0x6020ce50                sys_timeouts_init
 .text.sys_timeout
                0x6020ce90       0x3c ./lwip/src/core/timeouts.o
                0x6020ce90                sys_timeout
 .text.sys_check_timeouts
                0x6020cecc       0x74 ./lwip/src/core/timeouts.o
                0x6020cecc                sys_check_timeouts
 .text.sys_timeouts_sleeptime
                0x6020cf40       0x60 ./lwip/src/core/timeouts.o
                0x6020cf40                sys_timeouts_sleeptime
 .text.udp_init
                0x6020cfa0       0x24 ./lwip/src/core/udp.o
                0x6020cfa0                udp_init
 .text.udp_new_port
                0x6020cfc4       0x70 ./lwip/src/core/udp.o
 .text.udp_sendto
                0x6020d034       0xb4 ./lwip/src/core/udp.o
                0x6020d034                udp_sendto
 .text.udp_sendto_if
                0x6020d0e8       0xcc ./lwip/src/core/udp.o
                0x6020d0e8                udp_sendto_if
 .text.udp_sendto_if_src
                0x6020d1b4      0x1dc ./lwip/src/core/udp.o
                0x6020d1b4                udp_sendto_if_src
 .text.udp_bind
                0x6020d390      0x100 ./lwip/src/core/udp.o
                0x6020d390                udp_bind
 .text.udp_connect
                0x6020d490       0xc4 ./lwip/src/core/udp.o
                0x6020d490                udp_connect
 .text.udp_recv
                0x6020d554       0x30 ./lwip/src/core/udp.o
                0x6020d554                udp_recv
 .text.udp_remove
                0x6020d584       0x74 ./lwip/src/core/udp.o
                0x6020d584                udp_remove
 .text.udp_netif_ip_addr_changed
                0x6020d5f8       0x60 ./lwip/src/core/udp.o
                0x6020d5f8                udp_netif_ip_addr_changed
 .text.tcpip_timeouts_mbox_fetch
                0x6020d658       0x6c ./lwip/src/api/tcpip.o
 .text.tcpip_thread
                0x6020d6c4       0x5c ./lwip/src/api/tcpip.o
 .text.tcpip_thread_handle_msg
                0x6020d720       0x7c ./lwip/src/api/tcpip.o
 .text.tcpip_try_callback
                0x6020d79c       0x6c ./lwip/src/api/tcpip.o
                0x6020d79c                tcpip_try_callback
 .text.tcpip_init
                0x6020d808       0x90 ./lwip/src/api/tcpip.o
                0x6020d808                tcpip_init
 .text.sys_assert
                0x6020d898       0x20 ./lwip/port/sys_arch.o
                0x6020d898                sys_assert
 .text.lwip_rand
                0x6020d8b8       0x34 ./lwip/port/sys_arch.o
                0x6020d8b8                lwip_rand
 .text.sys_mbox_new
                0x6020d8ec       0x68 ./lwip/port/sys_arch.o
                0x6020d8ec                sys_mbox_new
 .text.sys_mbox_trypost
                0x6020d954       0xa4 ./lwip/port/sys_arch.o
                0x6020d954                sys_mbox_trypost
 .text.sys_mutex_new
                0x6020d9f8       0x74 ./lwip/port/sys_arch.o
                0x6020d9f8                sys_mutex_new
 .text.CLOCK_GetOscFreq
                0x6020da6c       0x30 ./drivers/fsl_clock.o
 .text.CLOCK_GetPeriphClkFreq
                0x6020da9c       0xe0 ./drivers/fsl_clock.o
 .text.CLOCK_GetAhbFreq
                0x6020db7c       0x24 ./drivers/fsl_clock.o
                0x6020db7c                CLOCK_GetAhbFreq
 .text.CLOCK_GetSemcFreq
                0x6020dba0       0x5c ./drivers/fsl_clock.o
                0x6020dba0                CLOCK_GetSemcFreq
 .text.CLOCK_GetIpgFreq
                0x6020dbfc       0x24 ./drivers/fsl_clock.o
                0x6020dbfc                CLOCK_GetIpgFreq
 .text.CLOCK_GetPerClkFreq
                0x6020dc20       0x44 ./drivers/fsl_clock.o
                0x6020dc20                CLOCK_GetPerClkFreq
 .text.CLOCK_GetFreq
                0x6020dc64      0x184 ./drivers/fsl_clock.o
                0x6020dc64                CLOCK_GetFreq
 .text.CLOCK_EnableUsbhs0Clock
                0x6020dde8       0x7c ./drivers/fsl_clock.o
                0x6020dde8                CLOCK_EnableUsbhs0Clock
 .text.CLOCK_EnableUsbhs0PhyPllClock
                0x6020de64       0x70 ./drivers/fsl_clock.o
                0x6020de64                CLOCK_EnableUsbhs0PhyPllClock
 .text.CLOCK_InitArmPll
                0x6020ded4       0x68 ./drivers/fsl_clock.o
                0x6020ded4                CLOCK_InitArmPll
 .text.CLOCK_InitSysPll
                0x6020df3c       0x9c ./drivers/fsl_clock.o
                0x6020df3c                CLOCK_InitSysPll
 .text.CLOCK_InitUsb1Pll
                0x6020dfd8       0x68 ./drivers/fsl_clock.o
                0x6020dfd8                CLOCK_InitUsb1Pll
 .text.CLOCK_InitAudioPll
                0x6020e040      0x12c ./drivers/fsl_clock.o
                0x6020e040                CLOCK_InitAudioPll
 .text.CLOCK_GetPllFreq
                0x6020e16c      0x320 ./drivers/fsl_clock.o
                0x6020e16c                CLOCK_GetPllFreq
 .text.CLOCK_GetSysPfdFreq
                0x6020e48c       0xac ./drivers/fsl_clock.o
                0x6020e48c                CLOCK_GetSysPfdFreq
 .text.CLOCK_GetUsb1PfdFreq
                0x6020e538       0xac ./drivers/fsl_clock.o
                0x6020e538                CLOCK_GetUsb1PfdFreq
 .text.CLOCK_ControlGate
                0x6020e5e4       0x64 ./drivers/fsl_dmamux.o
 .text.DMAMUX_GetInstance
                0x6020e648       0x44 ./drivers/fsl_dmamux.o
 .text.__NVIC_EnableIRQ
                0x6020e68c       0x3c ./drivers/fsl_edma.o
 .text.CLOCK_ControlGate
                0x6020e6c8       0x64 ./drivers/fsl_edma.o
 .text.EDMA_GetInstance
                0x6020e72c       0x44 ./drivers/fsl_edma.o
 .text.EDMA_InstallTCD
                0x6020e770      0x148 ./drivers/fsl_edma.o
                0x6020e770                EDMA_InstallTCD
 .text.EDMA_Init
                0x6020e8b8       0x94 ./drivers/fsl_edma.o
                0x6020e8b8                EDMA_Init
 .text.EDMA_GetDefaultConfig
                0x6020e94c       0x44 ./drivers/fsl_edma.o
                0x6020e94c                EDMA_GetDefaultConfig
 .text.EDMA_SetTransferConfig
                0x6020e990       0x60 ./drivers/fsl_edma.o
                0x6020e990                EDMA_SetTransferConfig
 .text.EDMA_TcdReset
                0x6020e9f0       0x78 ./drivers/fsl_edma.o
                0x6020e9f0                EDMA_TcdReset
 .text.EDMA_TcdSetTransferConfig
                0x6020ea68       0xe8 ./drivers/fsl_edma.o
                0x6020ea68                EDMA_TcdSetTransferConfig
 .text.EDMA_GetChannelStatusFlags
                0x6020eb50       0x74 ./drivers/fsl_edma.o
                0x6020eb50                EDMA_GetChannelStatusFlags
 .text.Get_StartInstance
                0x6020ebc4       0x24 ./drivers/fsl_edma.o
 .text.EDMA_CreateHandle
                0x6020ebe8       0xe4 ./drivers/fsl_edma.o
                0x6020ebe8                EDMA_CreateHandle
 .text.EDMA_InstallTCDMemory
                0x6020eccc       0x60 ./drivers/fsl_edma.o
                0x6020eccc                EDMA_InstallTCDMemory
 .text.EDMA_SetCallback
                0x6020ed2c       0x30 ./drivers/fsl_edma.o
                0x6020ed2c                EDMA_SetCallback
 .text.EDMA_PrepareTransfer
                0x6020ed5c      0x294 ./drivers/fsl_edma.o
                0x6020ed5c                EDMA_PrepareTransfer
 .text.EDMA_SubmitTransfer
                0x6020eff0      0x2c4 ./drivers/fsl_edma.o
                0x6020eff0                EDMA_SubmitTransfer
 .text.EDMA_StartTransfer
                0x6020f2b4       0xac ./drivers/fsl_edma.o
                0x6020f2b4                EDMA_StartTransfer
 .text.EDMA_HandleIRQ
                0x6020f360      0x154 ./drivers/fsl_edma.o
                0x6020f360                EDMA_HandleIRQ
 .text.DMA2_DMA18_DriverIRQHandler
                0x6020f4b4       0x48 ./drivers/fsl_edma.o
                0x6020f4b4                DMA2_DMA18_DriverIRQHandler
 .text.DMA3_DMA19_DriverIRQHandler
                0x6020f4fc       0x48 ./drivers/fsl_edma.o
                0x6020f4fc                DMA3_DMA19_DriverIRQHandler
 .text.DMA4_DMA20_DriverIRQHandler
                0x6020f544       0x48 ./drivers/fsl_edma.o
                0x6020f544                DMA4_DMA20_DriverIRQHandler
 .text.DMA5_DMA21_DriverIRQHandler
                0x6020f58c       0x48 ./drivers/fsl_edma.o
                0x6020f58c                DMA5_DMA21_DriverIRQHandler
 .text.DMA6_DMA22_DriverIRQHandler
                0x6020f5d4       0x48 ./drivers/fsl_edma.o
                0x6020f5d4                DMA6_DMA22_DriverIRQHandler
 .text.DMA7_DMA23_DriverIRQHandler
                0x6020f61c       0x48 ./drivers/fsl_edma.o
                0x6020f61c                DMA7_DMA23_DriverIRQHandler
 .text.DMA8_DMA24_DriverIRQHandler
                0x6020f664       0x48 ./drivers/fsl_edma.o
                0x6020f664                DMA8_DMA24_DriverIRQHandler
 .text.DMA9_DMA25_DriverIRQHandler
                0x6020f6ac       0x48 ./drivers/fsl_edma.o
                0x6020f6ac                DMA9_DMA25_DriverIRQHandler
 .text.DMA10_DMA26_DriverIRQHandler
                0x6020f6f4       0x48 ./drivers/fsl_edma.o
                0x6020f6f4                DMA10_DMA26_DriverIRQHandler
 .text.DMA11_DMA27_DriverIRQHandler
                0x6020f73c       0x48 ./drivers/fsl_edma.o
                0x6020f73c                DMA11_DMA27_DriverIRQHandler
 .text.DMA12_DMA28_DriverIRQHandler
                0x6020f784       0x48 ./drivers/fsl_edma.o
                0x6020f784                DMA12_DMA28_DriverIRQHandler
 .text.DMA13_DMA29_DriverIRQHandler
                0x6020f7cc       0x48 ./drivers/fsl_edma.o
                0x6020f7cc                DMA13_DMA29_DriverIRQHandler
 .text.DMA14_DMA30_DriverIRQHandler
                0x6020f814       0x48 ./drivers/fsl_edma.o
                0x6020f814                DMA14_DMA30_DriverIRQHandler
 .text.DMA15_DMA31_DriverIRQHandler
                0x6020f85c       0x48 ./drivers/fsl_edma.o
                0x6020f85c                DMA15_DMA31_DriverIRQHandler
 .text.ENET_GetInstance
                0x6020f8a4       0x4c ./drivers/fsl_enet.o
                0x6020f8a4                ENET_GetInstance
 .text.ENET_CommonFrame0IRQHandler
                0x6020f8f0       0xa8 ./drivers/fsl_enet.o
                0x6020f8f0                ENET_CommonFrame0IRQHandler
 .text.ENET_1588_Timer_IRQHandler
                0x6020f998       0x24 ./drivers/fsl_enet.o
                0x6020f998                ENET_1588_Timer_IRQHandler
 .text.ENET_DriverIRQHandler
                0x6020f9bc       0x14 ./drivers/fsl_enet.o
                0x6020f9bc                ENET_DriverIRQHandler
 .text.ENET2_DriverIRQHandler
                0x6020f9d0       0x14 ./drivers/fsl_enet.o
                0x6020f9d0                ENET2_DriverIRQHandler
 .text.FLEXRAM_SetAllocateRamSrc
                0x6020f9e4       0x38 ./drivers/fsl_flexram.o
 .text.FLEXRAM_SetTCMSize
                0x6020fa1c       0xac ./drivers/fsl_flexram.o
 .text.FLEXRAM_AllocateRam
                0x6020fac8       0xcc ./drivers/fsl_flexram.o
                0x6020fac8                FLEXRAM_AllocateRam
 .text.__NVIC_EnableIRQ
                0x6020fb94       0x3c ./drivers/fsl_flexspi.o
 .text.CLOCK_ControlGate
                0x6020fbd0       0x64 ./drivers/fsl_flexspi.o
 .text.GPIO_PinWrite
                0x6020fc34       0x54 ./drivers/fsl_gpio.o
                0x6020fc34                GPIO_PinWrite
 .text.CLOCK_ControlGate
                0x6020fc88       0x64 ./drivers/fsl_gpt.o
 .text.GPT_SetClockDivider
                0x6020fcec       0x40 ./drivers/fsl_gpt.o
 .text.GPT_GetInstance
                0x6020fd2c       0x4c ./drivers/fsl_gpt.o
 .text.GPT_Init
                0x6020fd78       0xc4 ./drivers/fsl_gpt.o
                0x6020fd78                GPT_Init
 .text.GPT_GetDefaultConfig
                0x6020fe3c       0x5c ./drivers/fsl_gpt.o
                0x6020fe3c                GPT_GetDefaultConfig
 .text.__NVIC_EnableIRQ
                0x6020fe98       0x3c ./drivers/fsl_lpi2c.o
 .text.CLOCK_ControlGate
                0x6020fed4       0x64 ./drivers/fsl_lpi2c.o
 .text.LPI2C_GetInstance
                0x6020ff38       0x44 ./drivers/fsl_lpi2c.o
                0x6020ff38                LPI2C_GetInstance
 .text.LPI2C_GetCyclesForWidth
                0x6020ff7c       0x9c ./drivers/fsl_lpi2c.o
 .text.LPI2C_MasterCheckAndClearError
                0x60210018       0x8c ./drivers/fsl_lpi2c.o
                0x60210018                LPI2C_MasterCheckAndClearError
 .text.LPI2C_MasterGetDefaultConfig
                0x602100a4       0x6c ./drivers/fsl_lpi2c.o
                0x602100a4                LPI2C_MasterGetDefaultConfig
 .text.LPI2C_MasterInit
                0x60210110      0x1cc ./drivers/fsl_lpi2c.o
                0x60210110                LPI2C_MasterInit
 .text.LPI2C_MasterSetBaudRate
                0x602102dc      0x178 ./drivers/fsl_lpi2c.o
                0x602102dc                LPI2C_MasterSetBaudRate
 .text.LPI2C_MasterReceive
                0x60210454       0x98 ./drivers/fsl_lpi2c.o
                0x60210454                LPI2C_MasterReceive
 .text.LPI2C_MasterSend
                0x602104ec       0x54 ./drivers/fsl_lpi2c.o
                0x602104ec                LPI2C_MasterSend
 .text.LPI2C_MasterTransferBlocking
                0x60210540      0x1c4 ./drivers/fsl_lpi2c.o
                0x60210540                LPI2C_MasterTransferBlocking
 .text.LPI2C_MasterTransferCreateHandle
                0x60210704       0x7c ./drivers/fsl_lpi2c.o
                0x60210704                LPI2C_MasterTransferCreateHandle
 .text.LPI2C_RunTransferStateMachine
                0x60210780      0x220 ./drivers/fsl_lpi2c.o
 .text.LPI2C_CommonIRQHandler
                0x602109a0       0x70 ./drivers/fsl_lpi2c.o
 .text.LPI2C1_DriverIRQHandler
                0x60210a10       0x14 ./drivers/fsl_lpi2c.o
                0x60210a10                LPI2C1_DriverIRQHandler
 .text.LPI2C2_DriverIRQHandler
                0x60210a24       0x14 ./drivers/fsl_lpi2c.o
                0x60210a24                LPI2C2_DriverIRQHandler
 .text.LPI2C3_DriverIRQHandler
                0x60210a38       0x14 ./drivers/fsl_lpi2c.o
                0x60210a38                LPI2C3_DriverIRQHandler
 .text.LPI2C4_DriverIRQHandler
                0x60210a4c       0x14 ./drivers/fsl_lpi2c.o
                0x60210a4c                LPI2C4_DriverIRQHandler
 .text.CLOCK_ControlGate
                0x60210a60       0x64 ./drivers/fsl_lpuart.o
 .text.LPUART_GetInstance
                0x60210ac4       0x4c ./drivers/fsl_lpuart.o
                0x60210ac4                LPUART_GetInstance
 .text.LPUART_Init
                0x60210b10      0x304 ./drivers/fsl_lpuart.o
                0x60210b10                LPUART_Init
 .text.LPUART_GetDefaultConfig
                0x60210e14       0x88 ./drivers/fsl_lpuart.o
                0x60210e14                LPUART_GetDefaultConfig
 .text.LPUART_GetEnabledInterrupts
                0x60210e9c       0x44 ./drivers/fsl_lpuart.o
                0x60210e9c                LPUART_GetEnabledInterrupts
 .text.LPUART_ClearStatusFlags
                0x60210ee0       0xa4 ./drivers/fsl_lpuart.o
                0x60210ee0                LPUART_ClearStatusFlags
 .text.CLOCK_ControlGate
                0x60210f84       0x64 ./drivers/fsl_pwm.o
 .text.PWM_GetInstance
                0x60210fe8       0x4c ./drivers/fsl_pwm.o
 .text.PWM_Init
                0x60211034      0x2b0 ./drivers/fsl_pwm.o
                0x60211034                PWM_Init
 .text.PWM_GetDefaultConfig
                0x602112e4       0x74 ./drivers/fsl_pwm.o
                0x602112e4                PWM_GetDefaultConfig
 .text.PWM_SetupPwm
                0x60211358      0x4f0 ./drivers/fsl_pwm.o
                0x60211358                PWM_SetupPwm
 .text.PWM_UpdatePwmDutycycle
                0x60211848      0x310 ./drivers/fsl_pwm.o
                0x60211848                PWM_UpdatePwmDutycycle
 .text.CLOCK_ControlGate
                0x60211b58       0x64 ./drivers/fsl_sai.o
 .text.SAI_GetInstance
                0x60211bbc       0x4c ./drivers/fsl_sai.o
 .text.SAI_TxInit
                0x60211c08      0x208 ./drivers/fsl_sai.o
                0x60211c08                SAI_TxInit
 .text.SAI_RxInit
                0x60211e10      0x258 ./drivers/fsl_sai.o
                0x60211e10                SAI_RxInit
 .text.SAI_TxEnable
                0x60212068       0x78 ./drivers/fsl_sai.o
                0x60212068                SAI_TxEnable
 .text.SAI_RxEnable
                0x602120e0       0x7c ./drivers/fsl_sai.o
                0x602120e0                SAI_RxEnable
 .text.SAI1_DriverIRQHandler
                0x6021215c       0xac ./drivers/fsl_sai.o
                0x6021215c                SAI1_DriverIRQHandler
 .text.SAI2_DriverIRQHandler
                0x60212208       0xac ./drivers/fsl_sai.o
                0x60212208                SAI2_DriverIRQHandler
 .text.SAI_GetInstance
                0x602122b4       0x4c ./drivers/fsl_sai_edma.o
 .text.SAI_TransferTxCreateHandleEDMA
                0x60212300       0xa0 ./drivers/fsl_sai_edma.o
                0x60212300                SAI_TransferTxCreateHandleEDMA
 .text.SAI_TransferRxCreateHandleEDMA
                0x602123a0       0xa4 ./drivers/fsl_sai_edma.o
                0x602123a0                SAI_TransferRxCreateHandleEDMA
 .text.SAI_TransferTxSetFormatEDMA
                0x60212444       0x78 ./drivers/fsl_sai_edma.o
                0x60212444                SAI_TransferTxSetFormatEDMA
 .text.SAI_TransferRxSetFormatEDMA
                0x602124bc       0x74 ./drivers/fsl_sai_edma.o
                0x602124bc                SAI_TransferRxSetFormatEDMA
 .text.SAI_TransferSendEDMA
                0x60212530      0x184 ./drivers/fsl_sai_edma.o
                0x60212530                SAI_TransferSendEDMA
 .text.SAI_TransferReceiveEDMA
                0x602126b4      0x188 ./drivers/fsl_sai_edma.o
                0x602126b4                SAI_TransferReceiveEDMA
 .text.USDHC1_DriverIRQHandler
                0x6021283c       0x24 ./drivers/fsl_usdhc_uvoice.o
                0x6021283c                USDHC1_DriverIRQHandler
 .text.USDHC2_DriverIRQHandler
                0x60212860       0x24 ./drivers/fsl_usdhc_uvoice.o
                0x60212860                USDHC2_DriverIRQHandler
 .text.CLOCK_ControlGate
                0x60212884       0x64 ./drivers/fsl_xbara.o
 .text.XBARA_GetInstance
                0x602128e8       0x44 ./drivers/fsl_xbara.o
 .text.RGB_LED_SetColor
                0x6021292c      0x118 ./drivers/sln_RT10xx_RGB_LED_driver.o
                0x6021292c                RGB_LED_SetColor
 .text.SCB_EnableICache
                0x60212a44       0x40 ./device/system_MIMXRT1062.o
 .text.SCB_EnableDCache
                0x60212a84       0x80 ./device/system_MIMXRT1062.o
 .text.SystemInit
                0x60212b04       0xf4 ./device/system_MIMXRT1062.o
                0x60212b04                SystemInit
 .text.__NVIC_EnableIRQ
                0x60212bf8       0x3c ./component/uart/lpuart_adapter.o
 .text.HAL_UartInterruptHandle
                0x60212c34      0x168 ./component/uart/lpuart_adapter.o
 .text.HAL_UartInit
                0x60212d9c      0x12c ./component/uart/lpuart_adapter.o
                0x60212d9c                HAL_UartInit
 .text.HAL_UartInstallCallback
                0x60212ec8       0x38 ./component/uart/lpuart_adapter.o
                0x60212ec8                HAL_UartInstallCallback
 .text.HAL_UartReceiveNonBlocking
                0x60212f00       0x88 ./component/uart/lpuart_adapter.o
                0x60212f00                HAL_UartReceiveNonBlocking
 .text.HAL_UartSendNonBlocking
                0x60212f88       0x88 ./component/uart/lpuart_adapter.o
                0x60212f88                HAL_UartSendNonBlocking
 .text.HAL_UartAbortSend
                0x60213010       0x50 ./component/uart/lpuart_adapter.o
                0x60213010                HAL_UartAbortSend
 .text.HAL_UartIsrFunction
                0x60213060       0x30 ./component/uart/lpuart_adapter.o
                0x60213060                HAL_UartIsrFunction
 .text.USB_DeviceCdcAcmAllocateHandle
                0x60213090       0x58 ./component/serial_manager/usb_cdc_adapter/usb_device_cdc_acm.o
 .text.USB_DeviceCdcAcmEndpointsInit
                0x602130e8      0x3ac ./component/serial_manager/usb_cdc_adapter/usb_device_cdc_acm.o
                0x602130e8                USB_DeviceCdcAcmEndpointsInit
 .text.USB_DeviceCdcAcmEvent
                0x60213494      0x640 ./component/serial_manager/usb_cdc_adapter/usb_device_cdc_acm.o
                0x60213494                USB_DeviceCdcAcmEvent
 .text.USB_DeviceCdcAcmInit
                0x60213ad4       0xc0 ./component/serial_manager/usb_cdc_adapter/usb_device_cdc_acm.o
                0x60213ad4                USB_DeviceCdcAcmInit
 .text.USB_DeviceCdcAcmDeinit
                0x60213b94       0x7c ./component/serial_manager/usb_cdc_adapter/usb_device_cdc_acm.o
                0x60213b94                USB_DeviceCdcAcmDeinit
 .text.USB_DeviceControlCallback
                0x60213c10      0x37c ./component/serial_manager/usb_cdc_adapter/usb_device_ch9.o
                0x60213c10                USB_DeviceControlCallback
 .text.USB_DeviceControlPipeInit
                0x60213f8c       0x7c ./component/serial_manager/usb_cdc_adapter/usb_device_ch9.o
                0x60213f8c                USB_DeviceControlPipeInit
 .text.USB_DeviceClassAllocateHandle
                0x60214008       0xc8 ./component/serial_manager/usb_cdc_adapter/usb_device_class.o
 .text.USB_DeviceClassFreeHandle
                0x602140d0       0x90 ./component/serial_manager/usb_cdc_adapter/usb_device_class.o
 .text.USB_DeviceClassGetHandleByControllerId
                0x60214160       0x78 ./component/serial_manager/usb_cdc_adapter/usb_device_class.o
 .text.USB_DeviceClassGetHandleByDeviceHandle
                0x602141d8       0x64 ./component/serial_manager/usb_cdc_adapter/usb_device_class.o
 .text.USB_DeviceClassGetDeviceHandle
                0x6021423c       0x78 ./component/serial_manager/usb_cdc_adapter/usb_device_class.o
                0x6021423c                USB_DeviceClassGetDeviceHandle
 .text.USB_DeviceClassEvent
                0x602142b4       0xe0 ./component/serial_manager/usb_cdc_adapter/usb_device_class.o
                0x602142b4                USB_DeviceClassEvent
 .text.USB_DeviceClassInit
                0x60214394      0x11c ./component/serial_manager/usb_cdc_adapter/usb_device_class.o
                0x60214394                USB_DeviceClassInit
 .text.USB_DeviceGetDeviceDescriptor
                0x602144b0       0x28 ./component/serial_manager/usb_cdc_adapter/usb_device_descriptor.o
                0x602144b0                USB_DeviceGetDeviceDescriptor
 .text.USB_DeviceGetConfigurationDescriptor
                0x602144d8       0x34 ./component/serial_manager/usb_cdc_adapter/usb_device_descriptor.o
                0x602144d8                USB_DeviceGetConfigurationDescriptor
 .text.USB_DeviceGetStringDescriptor
                0x6021450c       0xc0 ./component/serial_manager/usb_cdc_adapter/usb_device_descriptor.o
                0x6021450c                USB_DeviceGetStringDescriptor
 .text.USB_DeviceSetSpeed
                0x602145cc      0x21c ./component/serial_manager/usb_cdc_adapter/usb_device_descriptor.o
                0x602145cc                USB_DeviceSetSpeed
 .text.SerialManager_TxCallback
                0x602147e8       0x88 ./component/serial_manager/serial_manager.o
 .text.SerialManager_RxCallback
                0x60214870      0x210 ./component/serial_manager/serial_manager.o
 .text.SerialManager_Write
                0x60214a80      0x154 ./component/serial_manager/serial_manager.o
 .text.SerialManager_Read
                0x60214bd4      0x1b8 ./component/serial_manager/serial_manager.o
 .text.SerialManager_Init
                0x60214d8c      0x138 ./component/serial_manager/serial_manager.o
                0x60214d8c                SerialManager_Init
 .text.SerialManager_OpenWriteHandle
                0x60214ec4       0x60 ./component/serial_manager/serial_manager.o
                0x60214ec4                SerialManager_OpenWriteHandle
 .text.SerialManager_CloseWriteHandle
                0x60214f24       0x70 ./component/serial_manager/serial_manager.o
                0x60214f24                SerialManager_CloseWriteHandle
 .text.SerialManager_OpenReadHandle
                0x60214f94       0x6c ./component/serial_manager/serial_manager.o
                0x60214f94                SerialManager_OpenReadHandle
 .text.SerialManager_CloseReadHandle
                0x60215000       0x6c ./component/serial_manager/serial_manager.o
                0x60215000                SerialManager_CloseReadHandle
 .text.SerialManager_CancelWriting
                0x6021506c       0xfc ./component/serial_manager/serial_manager.o
                0x6021506c                SerialManager_CancelWriting
 .text.SerialManager_CancelReading
                0x60215168       0x9c ./component/serial_manager/serial_manager.o
                0x60215168                SerialManager_CancelReading
 .text.SerialManager_TryRead
                0x60215204       0x38 ./component/serial_manager/serial_manager.o
                0x60215204                SerialManager_TryRead
 .text.SerialManager_InstallTxCallback
                0x6021523c       0x50 ./component/serial_manager/serial_manager.o
                0x6021523c                SerialManager_InstallTxCallback
 .text.SerialManager_InstallRxCallback
                0x6021528c       0x50 ./component/serial_manager/serial_manager.o
                0x6021528c                SerialManager_InstallRxCallback
 .text.Serial_UartInit
                0x602152dc       0xd4 ./component/serial_manager/serial_port_uart.o
                0x602152dc                Serial_UartInit
 .text.Serial_UartWrite
                0x602153b0       0x8c ./component/serial_manager/serial_port_uart.o
                0x602153b0                Serial_UartWrite
 .text.Serial_UartCancelWrite
                0x6021543c       0x78 ./component/serial_manager/serial_port_uart.o
                0x6021543c                Serial_UartCancelWrite
 .text.Serial_UartInstallTxCallback
                0x602154b4       0x38 ./component/serial_manager/serial_port_uart.o
                0x602154b4                Serial_UartInstallTxCallback
 .text.Serial_UartInstallRxCallback
                0x602154ec       0x38 ./component/serial_manager/serial_port_uart.o
                0x602154ec                Serial_UartInstallRxCallback
 .text.Serial_UartIsrFunction
                0x60215524       0x30 ./component/serial_manager/serial_port_uart.o
                0x60215524                Serial_UartIsrFunction
 .text.__NVIC_EnableIRQ
                0x60215554       0x3c ./component/serial_manager/serial_port_usb.o
 .text.__NVIC_SetPriority
                0x60215590       0x54 ./component/serial_manager/serial_port_usb.o
 .text.USB_DeviceCdcVcomCallback
                0x602155e4      0x3cc ./component/serial_manager/serial_port_usb.o
 .text.USB_DeviceCallback
                0x602159b0      0x1ac ./component/serial_manager/serial_port_usb.o
 .text.USB_OTG2_IRQHandler
                0x60215b5c       0x3c ./component/serial_manager/serial_port_usb.o
                0x60215b5c                USB_OTG2_IRQHandler
 .text.USB_OTG1_IRQHandler
                0x60215b98       0x3c ./component/serial_manager/serial_port_usb.o
                0x60215b98                USB_OTG1_IRQHandler
 .text.USB_DeviceIsrEnable
                0x60215bd4       0x50 ./component/serial_manager/serial_port_usb.o
 .text.Serial_UsbCdcInit
                0x60215c24       0x98 ./component/serial_manager/serial_port_usb.o
                0x60215c24                Serial_UsbCdcInit
 .text.Serial_UsbCdcWrite
                0x60215cbc       0xc4 ./component/serial_manager/serial_port_usb.o
                0x60215cbc                Serial_UsbCdcWrite
 .text.Serial_UsbCdcCancelWrite
                0x60215d80       0x34 ./component/serial_manager/serial_port_usb.o
                0x60215d80                Serial_UsbCdcCancelWrite
 .text.Serial_UsbCdcInstallTxCallback
                0x60215db4       0x38 ./component/serial_manager/serial_port_usb.o
                0x60215db4                Serial_UsbCdcInstallTxCallback
 .text.Serial_UsbCdcInstallRxCallback
                0x60215dec       0x38 ./component/serial_manager/serial_port_usb.o
                0x60215dec                Serial_UsbCdcInstallRxCallback
 .text.Serial_UsbCdcIsrFunction
                0x60215e24       0x44 ./component/serial_manager/serial_port_usb.o
                0x60215e24                Serial_UsbCdcIsrFunction
 .text.TFA9894_Init
                0x60215e68      0x5f0 ./codec/fsl_tfa9894.o
                0x60215e68                TFA9894_Init
 .text.TFA98XX_ReadRegister
                0x60216458       0xac ./codec/fsl_tfa9894.o
                0x60216458                TFA98XX_ReadRegister
 .text.TFA98XX_WriteRegister
                0x60216504       0x80 ./codec/fsl_tfa9894.o
                0x60216504                TFA98XX_WriteRegister
 .text.TFA98XX_WriteBitfValue
                0x60216584       0x88 ./codec/fsl_tfa9894.o
                0x60216584                TFA98XX_WriteBitfValue
 .text.TFA98XX_DspGetCalibrationImpedance
                0x6021660c       0xfc ./codec/fsl_tfa9894.o
                0x6021660c                TFA98XX_DspGetCalibrationImpedance
 .text.TFA98XX_ClearCalibrateOnce
                0x60216708      0x100 ./codec/fsl_tfa9894.o
                0x60216708                TFA98XX_ClearCalibrateOnce
 .text.tfa98xx_dsp_read_mem
                0x60216808      0x110 ./codec/fsl_tfa9894.o
 .text.tfa98xx_convert_data2bytes
                0x60216918       0xa8 ./codec/fsl_tfa9894.o
 .text.tfa98xx_convert_bytes2data
                0x602169c0       0xd0 ./codec/fsl_tfa9894.o
 .text.ARM_MPU_Enable
                0x60216a90       0x3c ./board/board.o
 .text.ARM_MPU_Disable
                0x60216acc       0x38 ./board/board.o
 .text.SCB_EnableICache
                0x60216b04       0x40 ./board/board.o
 .text.SCB_DisableICache
                0x60216b44       0x38 ./board/board.o
 .text.SCB_EnableDCache
                0x60216b7c       0x80 ./board/board.o
 .text.SCB_DisableDCache
                0x60216bfc       0x68 ./board/board.o
 .text.BOARD_ConfigMPU
                0x60216c64      0x14c ./board/board.o
                0x60216c64                BOARD_ConfigMPU
 .text.CLOCK_SetMux
                0x60216db0       0x9c ./board/clock_config.o
 .text.CLOCK_SetDiv
                0x60216e4c       0x9c ./board/clock_config.o
 .text.CLOCK_SetXtalFreq
                0x60216ee8       0x20 ./board/clock_config.o
 .text.CLOCK_SetRtcXtalFreq
                0x60216f08       0x20 ./board/clock_config.o
 .text.BOARD_BootClockRUN
                0x60216f28      0x318 ./board/clock_config.o
                0x60216f28                BOARD_BootClockRUN
 .text.CLOCK_SetMux
                0x60217240       0x9c ./board/perf.o
 .text.CLOCK_SetDiv
                0x602172dc       0x9c ./board/perf.o
 .text.GPT_SetClockDivider
                0x60217378       0x40 ./board/perf.o
 .text.PERF_InitTimer
                0x602173b8       0x4c ./board/perf.o
                0x602173b8                PERF_InitTimer
 .text.CLOCK_ControlGate
                0x60217404       0x64 ./board/pin_mux.o
 .text.BOARD_InitSwitches
                0x60217468       0x78 ./board/pin_mux.o
                0x60217468                BOARD_InitSwitches
 .text.BOARD_InitMicrophone
                0x602174e0      0x1ec ./board/pin_mux.o
                0x602174e0                BOARD_InitMicrophone
 .text.BOARD_InitEthernet
                0x602176cc      0x1e8 ./board/pin_mux.o
                0x602176cc                BOARD_InitEthernet
 .text.BOARD_InittJtag
                0x602178b4       0xa0 ./board/pin_mux.o
                0x602178b4                BOARD_InittJtag
 .text.BOARD_InitLPI2C
                0x60217954       0x80 ./board/pin_mux.o
                0x60217954                BOARD_InitLPI2C
 .text.BOARD_InitLPSPI
                0x602179d4       0xe8 ./board/pin_mux.o
                0x602179d4                BOARD_InitLPSPI
 .text.BOARD_InitLPUART
                0x60217abc       0x80 ./board/pin_mux.o
                0x60217abc                BOARD_InitLPUART
 .text.BOARD_InitBootConfig
                0x60217b3c       0x48 ./board/pin_mux.o
                0x60217b3c                BOARD_InitBootConfig
 .text.BOARD_InitWifi
                0x60217b84       0xfc ./board/pin_mux.o
                0x60217b84                BOARD_InitWifi
 .text.BOARD_InitBluetooth
                0x60217c80       0xbc ./board/pin_mux.o
                0x60217c80                BOARD_InitBluetooth
 .text.BOARD_InitAudioOut
                0x60217d3c      0x170 ./board/pin_mux.o
                0x60217d3c                BOARD_InitAudioOut
 .text.BOARD_InitLED
                0x60217eac       0xb0 ./board/pin_mux.o
                0x60217eac                BOARD_InitLED
 .text.__NVIC_EnableIRQ
                0x60217f5c       0x3c ./audio/pdm_mic/sln_pdm_mic.o
 .text.__NVIC_SetPriority
                0x60217f98       0x54 ./audio/pdm_mic/sln_pdm_mic.o
 .text.CLOCK_SetMux
                0x60217fec       0x9c ./audio/pdm_mic/sln_pdm_mic.o
 .text.CLOCK_SetDiv
                0x60218088       0x9c ./audio/pdm_mic/sln_pdm_mic.o
 .text.CLOCK_ControlGate
                0x60218124       0x64 ./audio/pdm_mic/sln_pdm_mic.o
 .text.DMAMUX_EnableChannel
                0x60218188       0x38 ./audio/pdm_mic/sln_pdm_mic.o
 .text.DMAMUX_SetSource
                0x602181c0       0x44 ./audio/pdm_mic/sln_pdm_mic.o
 .text.PDM_MIC_GetSAIConfiguration
                0x60218204       0xc4 ./audio/pdm_mic/sln_pdm_mic.o
                0x60218204                PDM_MIC_GetSAIConfiguration
 .text.PDM_MIC_ConfigMic
                0x602182c8      0x494 ./audio/pdm_mic/sln_pdm_mic.o
                0x602182c8                PDM_MIC_ConfigMic
 .text.PDM_MIC_StartMic
                0x6021875c       0x50 ./audio/pdm_mic/sln_pdm_mic.o
                0x6021875c                PDM_MIC_StartMic
 .text.DMA0_DMA16_IRQHandler
                0x602187ac       0x14 ./audio/audio_processing/pdm_to_pcm_task.o
                0x602187ac                DMA0_DMA16_IRQHandler
 .text.DMA1_DMA17_IRQHandler
                0x602187c0       0x14 ./audio/audio_processing/pdm_to_pcm_task.o
                0x602187c0                DMA1_DMA17_IRQHandler
 .text.pdm_to_pcm_dsp_init
                0x602187d4       0x58 ./audio/audio_processing/pdm_to_pcm_task.o
 .text.pdm_to_pcm_set_task_handle
                0x6021882c       0x28 ./audio/audio_processing/pdm_to_pcm_task.o
                0x6021882c                pdm_to_pcm_set_task_handle
 .text.pdm_to_pcm_set_audio_proces_task_handle
                0x60218854       0x28 ./audio/audio_processing/pdm_to_pcm_task.o
                0x60218854                pdm_to_pcm_set_audio_proces_task_handle
 .text.pdm_to_pcm_get_event_group
                0x6021887c       0x18 ./audio/audio_processing/pdm_to_pcm_task.o
                0x6021887c                pdm_to_pcm_get_event_group
 .text.pdm_to_pcm_set_amp_loopback_buffer
                0x60218894       0x30 ./audio/audio_processing/pdm_to_pcm_task.o
                0x60218894                pdm_to_pcm_set_amp_loopback_buffer
 .text.pdm_to_pcm_get_amp_output
                0x602188c4       0x14 ./audio/audio_processing/pdm_to_pcm_task.o
                0x602188c4                pdm_to_pcm_get_amp_output
 .text.pdm_to_pcm_get_pcm_output
                0x602188d8       0x14 ./audio/audio_processing/pdm_to_pcm_task.o
                0x602188d8                pdm_to_pcm_get_pcm_output
 .text.pdm_to_pcm_task
                0x602188ec      0x394 ./audio/audio_processing/pdm_to_pcm_task.o
                0x602188ec                pdm_to_pcm_task
 .text.__NVIC_EnableIRQ
                0x60218c80       0x3c ./audio/amplifier/sln_amplifier.o
 .text.__NVIC_SetPriority
                0x60218cbc       0x54 ./audio/amplifier/sln_amplifier.o
 .text.CLOCK_SetMux
                0x60218d10       0x9c ./audio/amplifier/sln_amplifier.o
 .text.CLOCK_SetDiv
                0x60218dac       0x9c ./audio/amplifier/sln_amplifier.o
 .text.DMAMUX_EnableChannel
                0x60218e48       0x38 ./audio/amplifier/sln_amplifier.o
 .text.DMAMUX_SetSource
                0x60218e80       0x44 ./audio/amplifier/sln_amplifier.o
 .text.BOARD_EnableSaiMclkOutput
                0x60218ec4       0x3c ./audio/amplifier/sln_amplifier.o
                0x60218ec4                BOARD_EnableSaiMclkOutput
 .text.SAI_UserTxIRQHandler
                0x60218f00       0x18 ./audio/amplifier/sln_amplifier.o
                0x60218f00                SAI_UserTxIRQHandler
 .text.SAI_UserRxIRQHandler
                0x60218f18       0x18 ./audio/amplifier/sln_amplifier.o
                0x60218f18                SAI_UserRxIRQHandler
 .text.SAI3_TX_IRQHandler
                0x60218f30       0x1c ./audio/amplifier/sln_amplifier.o
                0x60218f30                SAI3_TX_IRQHandler
 .text.SAI3_RX_IRQHandler
                0x60218f4c       0x20 ./audio/amplifier/sln_amplifier.o
                0x60218f4c                SAI3_RX_IRQHandler
 .text.SLN_AMP_RxCallback
                0x60218f6c       0xc4 ./audio/amplifier/sln_amplifier.o
 .text.SLN_AMP_TxCallback
                0x60219030       0x44 ./audio/amplifier/sln_amplifier.o
 .text.SLN_AMP_WriteDefault
                0x60219074       0x48 ./audio/amplifier/sln_amplifier.o
                0x60219074                SLN_AMP_WriteDefault
 .text.SLN_AMP_Read
                0x602190bc       0x3c ./audio/amplifier/sln_amplifier.o
                0x602190bc                SLN_AMP_Read
 .text.SLN_AMP_Init
                0x602190f8      0x29c ./audio/amplifier/sln_amplifier.o
                0x602190f8                SLN_AMP_Init
 .text.SLN_AMP_GetLoopBackBuffer
                0x60219394       0x14 ./audio/amplifier/sln_amplifier.o
                0x60219394                SLN_AMP_GetLoopBackBuffer
 .text.SLN_AMP_SetLoopBackEventGroup
                0x602193a8       0x30 ./audio/amplifier/sln_amplifier.o
                0x602193a8                SLN_AMP_SetLoopBackEventGroup
 .text.SLN_AMP_SetLoopBackEventBits
                0x602193d8       0x20 ./audio/amplifier/sln_amplifier.o
                0x602193d8                SLN_AMP_SetLoopBackEventBits
 .text.SLN_AMAZON_WAKE_SetWakeupDetectedParams
                0x602193f8       0x2c ./audio/amazon/amazon_wake_word.o
                0x602193f8                SLN_AMAZON_WAKE_SetWakeupDetectedParams
 .text.loadModel
                0x60219424       0x28 ./audio/amazon/amazon_wake_word.o
 .text.detectionCallback
                0x6021944c       0x70 ./audio/amazon/amazon_wake_word.o
 .text.SLN_AMAZON_WAKE_Initialize
                0x602194bc       0xb4 ./audio/amazon/amazon_wake_word.o
                0x602194bc                SLN_AMAZON_WAKE_Initialize
 .text.SLN_AMAZON_WAKE_ProcessWakeWord
                0x60219570       0x38 ./audio/amazon/amazon_wake_word.o
                0x60219570                SLN_AMAZON_WAKE_ProcessWakeWord
 .text.vPortSetupTimerInterrupt
                0x602195a8       0x48 ./amazon-freertos/FreeRTOS/portable/fsl_tickless_systick.o
                0x602195a8                vPortSetupTimerInterrupt
 .text.pvPortMalloc
                0x602195f0      0x1c4 ./amazon-freertos/FreeRTOS/portable/heap_4.o
                0x602195f0                pvPortMalloc
 .text.vPortFree
                0x602197b4       0xe8 ./amazon-freertos/FreeRTOS/portable/heap_4.o
                0x602197b4                vPortFree
 .text.prvHeapInit
                0x6021989c       0xc4 ./amazon-freertos/FreeRTOS/portable/heap_4.o
 .text.prvInsertBlockIntoFreeList
                0x60219960       0xb4 ./amazon-freertos/FreeRTOS/portable/heap_4.o
 .text.prvTaskExitError
                0x60219a14       0x54 ./amazon-freertos/FreeRTOS/portable/port.o
 .text.xPortStartScheduler
                0x60219a68      0x148 ./amazon-freertos/FreeRTOS/portable/port.o
                0x60219a68                xPortStartScheduler
 .text.vPortEnterCritical
                0x60219bb0       0x5c ./amazon-freertos/FreeRTOS/portable/port.o
                0x60219bb0                vPortEnterCritical
 .text.vPortExitCritical
                0x60219c0c       0x50 ./amazon-freertos/FreeRTOS/portable/port.o
                0x60219c0c                vPortExitCritical
 .text.SysTick_Handler
                0x60219c5c       0x40 ./amazon-freertos/FreeRTOS/portable/port.o
                0x60219c5c                SysTick_Handler
 .text.vPortEnableVFP
                0x60219c9c       0x14 ./amazon-freertos/FreeRTOS/portable/port.o
 .text.vPortValidateInterruptPriority
                0x60219cb0       0x7c ./amazon-freertos/FreeRTOS/portable/port.o
                0x60219cb0                vPortValidateInterruptPriority
 .text.xEventGroupWaitBits
                0x60219d2c      0x194 ./amazon-freertos/FreeRTOS/event_groups.o
                0x60219d2c                xEventGroupWaitBits
 .text.xEventGroupSetBitsFromISR
                0x60219ec0       0x28 ./amazon-freertos/FreeRTOS/event_groups.o
                0x60219ec0                xEventGroupSetBitsFromISR
 .text.xQueueGenericReset
                0x60219ee8       0xd0 ./amazon-freertos/FreeRTOS/queue.o
                0x60219ee8                xQueueGenericReset
 .text.xQueueGenericSend
                0x60219fb8      0x1f4 ./amazon-freertos/FreeRTOS/queue.o
                0x60219fb8                xQueueGenericSend
 .text.xQueueReceive
                0x6021a1ac      0x1b8 ./amazon-freertos/FreeRTOS/queue.o
                0x6021a1ac                xQueueReceive
 .text.xQueueSemaphoreTake
                0x6021a364      0x214 ./amazon-freertos/FreeRTOS/queue.o
                0x6021a364                xQueueSemaphoreTake
 .text.vQueueAddToRegistry
                0x6021a578       0x50 ./amazon-freertos/FreeRTOS/queue.o
                0x6021a578                vQueueAddToRegistry
 .text.vQueueUnregisterQueue
                0x6021a5c8       0x54 ./amazon-freertos/FreeRTOS/queue.o
                0x6021a5c8                vQueueUnregisterQueue
 .text.prvAddNewTaskToReadyList
                0x6021a61c       0xe0 ./amazon-freertos/FreeRTOS/tasks.o
 .text.vTaskDelay
                0x6021a6fc       0x68 ./amazon-freertos/FreeRTOS/tasks.o
                0x6021a6fc                vTaskDelay
 .text.vTaskStartScheduler
                0x6021a764       0xcc ./amazon-freertos/FreeRTOS/tasks.o
                0x6021a764                vTaskStartScheduler
 .text.vTaskSuspendAll
                0x6021a830       0x1c ./amazon-freertos/FreeRTOS/tasks.o
                0x6021a830                vTaskSuspendAll
 .text.xTaskResumeAll
                0x6021a84c      0x138 ./amazon-freertos/FreeRTOS/tasks.o
                0x6021a84c                xTaskResumeAll
 .text.xTaskGetTickCount
                0x6021a984       0x20 ./amazon-freertos/FreeRTOS/tasks.o
                0x6021a984                xTaskGetTickCount
 .text.xTaskIncrementTick
                0x6021a9a4      0x17c ./amazon-freertos/FreeRTOS/tasks.o
                0x6021a9a4                xTaskIncrementTick
 .text.vTaskSwitchContext
                0x6021ab20      0x104 ./amazon-freertos/FreeRTOS/tasks.o
                0x6021ab20                vTaskSwitchContext
 .text.vTaskPlaceOnEventList
                0x6021ac24       0x48 ./amazon-freertos/FreeRTOS/tasks.o
                0x6021ac24                vTaskPlaceOnEventList
 .text.vTaskPlaceOnUnorderedEventList
                0x6021ac6c       0x74 ./amazon-freertos/FreeRTOS/tasks.o
                0x6021ac6c                vTaskPlaceOnUnorderedEventList
 .text.vTaskPlaceOnEventListRestricted
                0x6021ace0       0x54 ./amazon-freertos/FreeRTOS/tasks.o
                0x6021ace0                vTaskPlaceOnEventListRestricted
 .text.xTaskRemoveFromEventList
                0x6021ad34       0xc4 ./amazon-freertos/FreeRTOS/tasks.o
                0x6021ad34                xTaskRemoveFromEventList
 .text.vTaskRemoveFromUnorderedEventList
                0x6021adf8       0xc0 ./amazon-freertos/FreeRTOS/tasks.o
                0x6021adf8                vTaskRemoveFromUnorderedEventList
 .text.vTaskInternalSetTimeOutState
                0x6021aeb8       0x2c ./amazon-freertos/FreeRTOS/tasks.o
                0x6021aeb8                vTaskInternalSetTimeOutState
 .text.xTaskCheckForTimeOut
                0x6021aee4       0xc0 ./amazon-freertos/FreeRTOS/tasks.o
                0x6021aee4                xTaskCheckForTimeOut
 .text.vTaskMissedYield
                0x6021afa4       0x18 ./amazon-freertos/FreeRTOS/tasks.o
                0x6021afa4                vTaskMissedYield
 .text.prvIdleTask
                0x6021afbc       0x30 ./amazon-freertos/FreeRTOS/tasks.o
 .text.prvInitialiseTaskLists
                0x6021afec       0x80 ./amazon-freertos/FreeRTOS/tasks.o
 .text.prvCheckTasksWaitingTermination
                0x6021b06c       0x58 ./amazon-freertos/FreeRTOS/tasks.o
 .text.prvResetNextTaskUnblockTime
                0x6021b0c4       0x4c ./amazon-freertos/FreeRTOS/tasks.o
 .text.xTaskGetSchedulerState
                0x6021b110       0x3c ./amazon-freertos/FreeRTOS/tasks.o
                0x6021b110                xTaskGetSchedulerState
 .text.xTaskPriorityInherit
                0x6021b14c       0xdc ./amazon-freertos/FreeRTOS/tasks.o
                0x6021b14c                xTaskPriorityInherit
 .text.xTaskPriorityDisinherit
                0x6021b228       0xd8 ./amazon-freertos/FreeRTOS/tasks.o
                0x6021b228                xTaskPriorityDisinherit
 .text.vTaskPriorityDisinheritAfterTimeout
                0x6021b300      0x108 ./amazon-freertos/FreeRTOS/tasks.o
                0x6021b300                vTaskPriorityDisinheritAfterTimeout
 .text.uxTaskResetEventItemValue
                0x6021b408       0x30 ./amazon-freertos/FreeRTOS/tasks.o
                0x6021b408                uxTaskResetEventItemValue
 .text.pvTaskIncrementMutexHeldCount
                0x6021b438       0x28 ./amazon-freertos/FreeRTOS/tasks.o
                0x6021b438                pvTaskIncrementMutexHeldCount
 .text.xTaskNotifyWait
                0x6021b460       0xb4 ./amazon-freertos/FreeRTOS/tasks.o
                0x6021b460                xTaskNotifyWait
 .text.xTaskGenericNotify
                0x6021b514      0x144 ./amazon-freertos/FreeRTOS/tasks.o
                0x6021b514                xTaskGenericNotify
 .text.prvAddCurrentTaskToDelayedList
                0x6021b658       0xa8 ./amazon-freertos/FreeRTOS/tasks.o
 .text.xTimerCreateTimerTask
                0x6021b700       0x90 ./amazon-freertos/FreeRTOS/timers.o
                0x6021b700                xTimerCreateTimerTask
 .text.xTimerGenericCommand
                0x6021b790       0x98 ./amazon-freertos/FreeRTOS/timers.o
                0x6021b790                xTimerGenericCommand
 .text.prvProcessExpiredTimer
                0x6021b828       0x80 ./amazon-freertos/FreeRTOS/timers.o
 .text.prvProcessTimerOrBlockTask
                0x6021b8a8       0x9c ./amazon-freertos/FreeRTOS/timers.o
 .text.prvGetNextExpireTime
                0x6021b944       0x48 ./amazon-freertos/FreeRTOS/timers.o
 .text.prvSampleTimeNow
                0x6021b98c       0x40 ./amazon-freertos/FreeRTOS/timers.o
 .text.prvInsertTimerInActiveList
                0x6021b9cc       0x84 ./amazon-freertos/FreeRTOS/timers.o
 .text.prvProcessReceivedCommands
                0x6021ba50      0x160 ./amazon-freertos/FreeRTOS/timers.o
 .text.prvSwitchTimerLists
                0x6021bbb0       0xc0 ./amazon-freertos/FreeRTOS/timers.o
 .text.prvCheckForValidListAndQueue
                0x6021bc70       0x80 ./amazon-freertos/FreeRTOS/timers.o
 .text.xTimerPendFunctionCallFromISR
                0x6021bcf0       0x40 ./amazon-freertos/FreeRTOS/timers.o
                0x6021bcf0                xTimerPendFunctionCallFromISR
 .text.getDnnAccelModelData
                0x6021bd30       0x20 C:\Users\matlab\Documents\MCUXpressoIDE_10.3.1_2233\workspace2\uvoice1060_bare_afe\libs\libpryon_lite-U.a(pryon_lite.o)