Archive member included to satisfy reference by file (symbol)

C:\Users\matlab\Documents\MCUXpressoIDE_10.3.1_2233\workspace2\uvoice1060_bare_afe\libs\libpryon_lite-U.a(pryon_lite.o)
                              ./audio/amazon/amazon_wake_word.o (PryonLite_GetModelAttributes)
C:\Users\matlab\Documents\MCUXpressoIDE_10.3.1_2233\workspace2\uvoice1060_bare_afe\libs\libpryon_lite-U.a(mtdnn_decoder.o)
                              C:\Users\matlab\Documents\MCUXpressoIDE_10.3.1_2233\workspace2\uvoice1060_bare_afe\libs\libpryon_lite-U.a(pryon_lite.o) (prlDecoderInitMtdnn)
C:\Users\matlab\Documents\MCUXpressoIDE_10.3.1_2233\workspace2\uvoice1060_bare_afe\libs\libpryon_lite-U.a(mtdnn_spotter.o)
                              C:\Users\matlab\Documents\MCUXpressoIDE_10.3.1_2233\workspace2\uvoice1060_bare_afe\libs\libpryon_lite-U.a(mtdnn_decoder.o) (prlMultiTargetDnnKeywordSpotterInit)
C:\Users\matlab\Documents\MCUXpressoIDE_10.3.1_2233\workspace2\uvoice1060_bare_afe\libs\libpryon_lite-U.a(prl_cfg_mtdnn.o)
                              C:\Users\matlab\Documents\MCUXpressoIDE_10.3.1_2233\workspace2\uvoice1060_bare_afe\libs\libpryon_lite-U.a(pryon_lite.o) (prlMultiTargetDnnSpotterCfgThresholdOverride)
C:\Users\matlab\Documents\MCUXpressoIDE_10.3.1_2233\workspace2\uvoice1060_bare_afe\libs\libpryon_lite-U.a(prl_version.o)
                              C:\Users\matlab\Documents\MCUXpressoIDE_10.3.1_2233\workspace2\uvoice1060_bare_afe\libs\libpryon_lite-U.a(pryon_lite.o) (sWWApiVersion)
C:\Users\matlab\Documents\MCUXpressoIDE_10.3.1_2233\workspace2\uvoice1060_bare_afe\libs\libpryon_lite-U.a(batch-scorer.o)
                              C:\Users\matlab\Documents\MCUXpressoIDE_10.3.1_2233\workspace2\uvoice1060_bare_afe\libs\libpryon_lite-U.a(mtdnn_decoder.o) (prlBatchScorerInit)
C:\Users\matlab\Documents\MCUXpressoIDE_10.3.1_2233\workspace2\uvoice1060_bare_afe\libs\libpryon_lite-U.a(frame_stacker_processor.o)
                              C:\Users\matlab\Documents\MCUXpressoIDE_10.3.1_2233\workspace2\uvoice1060_bare_afe\libs\libpryon_lite-U.a(mtdnn_decoder.o) (prlFrameStackerInit)
C:\Users\matlab\Documents\MCUXpressoIDE_10.3.1_2233\workspace2\uvoice1060_bare_afe\libs\libpryon_lite-U.a(feature-window.o)
                              C:\Users\matlab\Documents\MCUXpressoIDE_10.3.1_2233\workspace2\uvoice1060_bare_afe\libs\libpryon_lite-U.a(mtdnn_decoder.o) (prlSlidingFeatureWindowInit)
C:\Users\matlab\Documents\MCUXpressoIDE_10.3.1_2233\workspace2\uvoice1060_bare_afe\libs\libpryon_lite-U.a(feature-window-scorer-processor.o)
                              C:\Users\matlab\Documents\MCUXpressoIDE_10.3.1_2233\workspace2\uvoice1060_bare_afe\libs\libpryon_lite-U.a(mtdnn_decoder.o) (prlSlidingFeatureWindowScorerInit)
C:\Users\matlab\Documents\MCUXpressoIDE_10.3.1_2233\workspace2\uvoice1060_bare_afe\libs\libpryon_lite-U.a(dnn_provider.o)
                              C:\Users\matlab\Documents\MCUXpressoIDE_10.3.1_2233\workspace2\uvoice1060_bare_afe\libs\libpryon_lite-U.a(pryon_lite.o) (prlDnnGetRequiredMemSize)
C:\Users\matlab\Documents\MCUXpressoIDE_10.3.1_2233\workspace2\uvoice1060_bare_afe\libs\libpryon_lite-U.a(prl_cfg.o)
                              C:\Users\matlab\Documents\MCUXpressoIDE_10.3.1_2233\workspace2\uvoice1060_bare_afe\libs\libpryon_lite-U.a(pryon_lite.o) (prlModelWWCfgInit)
C:\Users\matlab\Documents\MCUXpressoIDE_10.3.1_2233\workspace2\uvoice1060_bare_afe\libs\libpryon_lite-U.a(prl_cfg_common.o)
                              C:\Users\matlab\Documents\MCUXpressoIDE_10.3.1_2233\workspace2\uvoice1060_bare_afe\libs\libpryon_lite-U.a(prl_cfg.o) (prlLoadModelChunkHeader)
C:\Users\matlab\Documents\MCUXpressoIDE_10.3.1_2233\workspace2\uvoice1060_bare_afe\libs\libpryon_lite-U.a(prl_cfg_feat.o)
                              C:\Users\matlab\Documents\MCUXpressoIDE_10.3.1_2233\workspace2\uvoice1060_bare_afe\libs\libpryon_lite-U.a(prl_cfg.o) (prlFeatConfigInit)
C:\Users\matlab\Documents\MCUXpressoIDE_10.3.1_2233\workspace2\uvoice1060_bare_afe\libs\libpryon_lite-U.a(prl_cfg_scorer.o)
                              C:\Users\matlab\Documents\MCUXpressoIDE_10.3.1_2233\workspace2\uvoice1060_bare_afe\libs\libpryon_lite-U.a(prl_cfg.o) (prlScorerConfigInit)
C:\Users\matlab\Documents\MCUXpressoIDE_10.3.1_2233\workspace2\uvoice1060_bare_afe\libs\libpryon_lite-U.a(prl_cfg_read_buffer_default.o)
                              C:\Users\matlab\Documents\MCUXpressoIDE_10.3.1_2233\workspace2\uvoice1060_bare_afe\libs\libpryon_lite-U.a(prl_cfg.o) (freeModelMemory)
C:\Users\matlab\Documents\MCUXpressoIDE_10.3.1_2233\workspace2\uvoice1060_bare_afe\libs\libpryon_lite-U.a(prl_feat_ex.o)
                              C:\Users\matlab\Documents\MCUXpressoIDE_10.3.1_2233\workspace2\uvoice1060_bare_afe\libs\libpryon_lite-U.a(pryon_lite.o) (prlFeatExGetRequiredMemSize)
C:\Users\matlab\Documents\MCUXpressoIDE_10.3.1_2233\workspace2\uvoice1060_bare_afe\libs\libpryon_lite-U.a(prl_feat_norm.o)
[...]
Memory Configuration

Name             Origin             Length             Attributes
BOARD_FLASH      0x60202000         0x019fe000         xr
SRAM_DTC         0x20000000         0x00080000         xrw
SRAM_ITC         0x00000000         0x00000000         xrw
SRAM_OC          0x20200000         0x00080000         xrw
*default*        0x00000000         0xffffffff

Linker script and memory map

LOAD ./xip/fsl_flexspi_nor_boot.o
LOAD ./xip/uvoice1060_flexspi_nor_config.o
LOAD ./xip/uvoice1060_sdram_ini_dcd.o
LOAD ./wifi_wwd/platform/wwd_SDIO.o
LOAD ./wifi_wwd/platform/wwd_platform.o
LOAD ./wifi_wwd/platform/wwd_platform_separate_mcu.o
LOAD ./wifi_wwd/platform/wwd_resources.o
LOAD ./wifi_wwd/network/wwd_buffer.o
LOAD ./wifi_wwd/network/wwd_network.o
LOAD ./wifi_wwd/WWD/internal/chips/wwd_ap.o
LOAD ./wifi_wwd/WWD/internal/chips/wwd_chip_specific_functions.o
LOAD ./wifi_wwd/WWD/internal/bus_protocols/SDIO/wwd_bus_protocol.o
LOAD ./wifi_wwd/WWD/internal/bus_protocols/wwd_bus_common.o
LOAD ./wifi_wwd/WWD/internal/tlv.o
LOAD ./wifi_wwd/WWD/internal/wwd_ap_common.o
LOAD ./wifi_wwd/WWD/internal/wwd_clm.o
LOAD ./wifi_wwd/WWD/internal/wwd_debug.o
LOAD ./wifi_wwd/WWD/internal/wwd_eapol.o
LOAD ./wifi_wwd/WWD/internal/wwd_internal.o
LOAD ./wifi_wwd/WWD/internal/wwd_management.o
LOAD ./wifi_wwd/WWD/internal/wwd_rtos_interface.o
LOAD ./wifi_wwd/WWD/internal/wwd_sdpcm.o
LOAD ./wifi_wwd/WWD/internal/wwd_thread.o
LOAD ./wifi_wwd/WWD/internal/wwd_thread_internal.o
LOAD ./wifi_wwd/WWD/internal/wwd_wifi.o
LOAD ./wifi_wwd/WWD/internal/wwd_wifi_chip_common.o
LOAD ./wifi_wwd/WWD/internal/wwd_wifi_sleep.o
LOAD ./wifi_wwd/FreeRTOS/wwd_rtos.o
LOAD ./wifi_wwd/wifi.o
LOAD ./utilities/fsl_shell.o
LOAD ./utilities/fsl_str.o
LOAD ./usb/phy/usb_phy.o
LOAD ./usb/device/source/ehci/usb_device_ehci.o
LOAD ./usb/device/source/usb_device_dci.o
LOAD ./startup/startup_mimxrt1062.o
LOAD ./source/RealityAI_sound_classifier.o
LOAD ./source/audio_processing_task.o
LOAD ./source/dhcp_server.o
LOAD ./source/join_wifi.o
LOAD ./source/main.o
LOAD ./source/os_hooks.o
LOAD ./source/semihost_hardfault.o
LOAD ./source/sln_shell.o
LOAD ./source/tcp_send.o
LOAD ./source/tcpecho.o
LOAD ./source/test_apsta.o
LOAD ./source/test_join.o
LOAD ./source/test_scan.o
LOAD ./source/udpecho.o
LOAD ./source/wlanif_add.o
LOAD ./sdmmc/src/fsl_sdio.o
LOAD ./sdmmc/src/fsl_sdmmc_common.o
LOAD ./sdmmc/port/fsl_sdmmc_event.o
LOAD ./sdmmc/port/fsl_sdmmc_host_uvoice.o
LOAD ./osa/usb_osa_freertos.o
LOAD ./lwip/src/netif/ppp/polarssl/arc4.o
LOAD ./lwip/src/netif/ppp/polarssl/des.o
LOAD ./lwip/src/netif/ppp/polarssl/md4.o
LOAD ./lwip/src/netif/ppp/polarssl/md5.o
LOAD ./lwip/src/netif/ppp/polarssl/sha1.o
LOAD ./lwip/src/netif/ppp/auth.o
LOAD ./lwip/src/netif/ppp/ccp.o
LOAD ./lwip/src/netif/ppp/chap-md5.o
LOAD ./lwip/src/netif/ppp/chap-new.o
LOAD ./lwip/src/netif/ppp/chap_ms.o
LOAD ./lwip/src/netif/ppp/demand.o
LOAD ./lwip/src/netif/ppp/eap.o
LOAD ./lwip/src/netif/ppp/eui64.o
LOAD ./lwip/src/netif/ppp/fsm.o
LOAD ./lwip/src/netif/ppp/ipcp.o
LOAD ./lwip/src/netif/ppp/ipv6cp.o
LOAD ./lwip/src/netif/ppp/lcp.o
LOAD ./lwip/src/netif/ppp/lwip_ecp.o
LOAD ./lwip/src/netif/ppp/magic.o
LOAD ./lwip/src/netif/ppp/mppe.o
LOAD ./lwip/src/netif/ppp/multilink.o
LOAD ./lwip/src/netif/ppp/ppp.o
LOAD ./lwip/src/netif/ppp/pppapi.o
LOAD ./lwip/src/netif/ppp/pppcrypt.o
LOAD ./lwip/src/netif/ppp/pppoe.o
LOAD ./lwip/src/netif/ppp/pppol2tp.o
LOAD ./lwip/src/netif/ppp/pppos.o
LOAD ./lwip/src/netif/ppp/upap.o
LOAD ./lwip/src/netif/ppp/utils.o
LOAD ./lwip/src/netif/ppp/vj.o
LOAD ./lwip/src/netif/bridgeif.o
LOAD ./lwip/src/netif/bridgeif_fdb.o
LOAD ./lwip/src/netif/ethernet.o
LOAD ./lwip/src/netif/lowpan6.o
LOAD ./lwip/src/netif/lowpan6_ble.o
LOAD ./lwip/src/netif/lowpan6_common.o
LOAD ./lwip/src/netif/slipif.o
LOAD ./lwip/src/netif/zepif.o
LOAD ./lwip/src/core/ipv6/dhcp6.o
LOAD ./lwip/src/core/ipv6/ethip6.o
LOAD ./lwip/src/core/ipv6/icmp6.o
LOAD ./lwip/src/core/ipv6/inet6.o
LOAD ./lwip/src/core/ipv6/ip6.o
LOAD ./lwip/src/core/ipv6/ip6_addr.o
LOAD ./lwip/src/core/ipv6/ip6_frag.o
LOAD ./lwip/src/core/ipv6/mld6.o
LOAD ./lwip/src/core/ipv6/nd6.o
LOAD ./lwip/src/core/ipv4/autoip.o
LOAD ./lwip/src/core/ipv4/dhcp.o
LOAD ./lwip/src/core/ipv4/etharp.o
LOAD ./lwip/src/core/ipv4/icmp.o
LOAD ./lwip/src/core/ipv4/igmp.o
LOAD ./lwip/src/core/ipv4/ip4.o
LOAD ./lwip/src/core/ipv4/ip4_addr.o
LOAD ./lwip/src/core/ipv4/ip4_frag.o
LOAD ./lwip/src/core/altcp.o
LOAD ./lwip/src/core/altcp_alloc.o
LOAD ./lwip/src/core/altcp_tcp.o
LOAD ./lwip/src/core/def.o
LOAD ./lwip/src/core/dns.o
LOAD ./lwip/src/core/inet_chksum.o
LOAD ./lwip/src/core/init.o
LOAD ./lwip/src/core/ip.o
LOAD ./lwip/src/core/mem.o
LOAD ./lwip/src/core/memp.o
LOAD ./lwip/src/core/netif.o
LOAD ./lwip/src/core/pbuf.o
LOAD ./lwip/src/core/raw.o
LOAD ./lwip/src/core/stats.o
LOAD ./lwip/src/core/sys.o
LOAD ./lwip/src/core/tcp.o
LOAD ./lwip/src/core/tcp_in.o
LOAD ./lwip/src/core/tcp_out.o
LOAD ./lwip/src/core/timeouts.o
LOAD ./lwip/src/core/udp.o
LOAD ./lwip/src/api/api_lib.o
LOAD ./lwip/src/api/api_msg.o
LOAD ./lwip/src/api/err.o
LOAD ./lwip/src/api/if_api.o
LOAD ./lwip/src/api/netbuf.o
LOAD ./lwip/src/api/netdb.o
LOAD ./lwip/src/api/netifapi.o
LOAD ./lwip/src/api/sockets.o
LOAD ./lwip/src/api/tcpip.o
LOAD ./lwip/port/ethernetif.o
LOAD ./lwip/port/sys_arch.o
LOAD ./drivers/flexspi_hyper_flash.o
LOAD ./drivers/fsl_clock.o
LOAD ./drivers/fsl_common.o
LOAD ./drivers/fsl_dcp.o
LOAD ./drivers/fsl_dmamux.o
LOAD ./drivers/fsl_edma.o
LOAD ./drivers/fsl_enet.o
LOAD ./drivers/fsl_flexram.o
LOAD ./drivers/fsl_flexspi.o
LOAD ./drivers/fsl_gpio.o
LOAD ./drivers/fsl_gpt.o
LOAD ./drivers/fsl_lpi2c.o
LOAD ./drivers/fsl_lpuart.o
LOAD ./drivers/fsl_pit.o
LOAD ./drivers/fsl_pwm.o
LOAD ./drivers/fsl_sai.o
LOAD ./drivers/fsl_sai_edma.o
LOAD ./drivers/fsl_trng.o
LOAD ./drivers/fsl_usdhc_uvoice.o
LOAD ./drivers/fsl_xbara.o
LOAD ./drivers/sln_RT10xx_RGB_LED_driver.o
LOAD ./device/system_MIMXRT1062.o
LOAD ./component/uart/lpuart_adapter.o
LOAD ./component/serial_manager/usb_cdc_adapter/usb_device_cdc_acm.o
LOAD ./component/serial_manager/usb_cdc_adapter/usb_device_ch9.o
LOAD ./component/serial_manager/usb_cdc_adapter/usb_device_class.o
LOAD ./component/serial_manager/usb_cdc_adapter/usb_device_descriptor.o
LOAD ./component/serial_manager/serial_manager.o
LOAD ./component/serial_manager/serial_port_uart.o
LOAD ./component/serial_manager/serial_port_usb.o
LOAD ./component/lists/generic_list.o
LOAD ./codec/fsl_codec_common.o
LOAD ./codec/fsl_tfa9894.o
LOAD ./board/board.o
LOAD ./board/clock_config.o
LOAD ./board/fsl_phy.o
LOAD ./board/perf.o
LOAD ./board/pin_mux.o
LOAD ./audio/pdm_mic/sln_pdm_mic.o
LOAD ./audio/audio_samples/wake_word_prompt.o
LOAD ./audio/audio_processing/pdm_to_pcm_task.o
LOAD ./audio/amplifier/sln_amplifier.o
LOAD ./audio/amazon/amazon_wake_word.o
LOAD ./amazon-freertos/FreeRTOS/portable/fsl_tickless_systick.o
LOAD ./amazon-freertos/FreeRTOS/portable/heap_4.o
LOAD ./amazon-freertos/FreeRTOS/portable/port.o
LOAD ./amazon-freertos/FreeRTOS/event_groups.o
LOAD ./amazon-freertos/FreeRTOS/list.o
LOAD ./amazon-freertos/FreeRTOS/queue.o
LOAD ./amazon-freertos/FreeRTOS/stream_buffer.o
LOAD ./amazon-freertos/FreeRTOS/tasks.o
LOAD ./amazon-freertos/FreeRTOS/timers.o
LOAD C:\Users\matlab\Documents\MCUXpressoIDE_10.3.1_2233\workspace2\uvoice1060_bare_afe\libs\libpryon_lite-U.a
LOAD C:\Users\matlab\Documents\MCUXpressoIDE_10.3.1_2233\workspace2\uvoice1060_bare_afe\libs\libarm_cortexM7lfdp_math.a
START GROUP
LOAD c:/nxp/mcuxpressoide_10.3.1_2233/ide/plugins/com.nxp.mcuxpresso.tools.win32_10.3.0.201811011841/tools/bin/../lib/gcc/arm-none-eabi/7.3.1/../../../../arm-none-eabi/lib/thumb/v7e-m/fpv5/hard\libcr_semihost_nf.a
LOAD c:/nxp/mcuxpressoide_10.3.1_2233/ide/plugins/com.nxp.mcuxpresso.tools.win32_10.3.0.201811011841/tools/bin/../lib/gcc/arm-none-eabi/7.3.1/../../../../arm-none-eabi/lib/thumb/v7e-m/fpv5/hard\libcr_c.a
LOAD c:/nxp/mcuxpressoide_10.3.1_2233/ide/plugins/com.nxp.mcuxpresso.tools.win32_10.3.0.201811011841/tools/bin/../lib/gcc/arm-none-eabi/7.3.1/thumb/v7e-m/fpv5/hard\libcr_eabihelpers.a
LOAD c:/nxp/mcuxpressoide_10.3.1_2233/ide/plugins/com.nxp.mcuxpresso.tools.win32_10.3.0.201811011841/tools/bin/../lib/gcc/arm-none-eabi/7.3.1/thumb/v7e-m/fpv5/hard\libgcc.a
END GROUP
                0x60202000                __base_BOARD_FLASH = 0x60202000
                0x60202000                __base_Flash = 0x60202000
                0x61c00000                __top_BOARD_FLASH = 0x61c00000
                0x61c00000                __top_Flash = 0x61c00000
                0x20000000                __base_SRAM_DTC = 0x20000000
                0x20000000                __base_RAM = 0x20000000
                0x20080000                __top_SRAM_DTC = 0x20080000
                0x20080000                __top_RAM = 0x20080000
                0x00000000                __base_SRAM_ITC = 0x0
                0x00000000                __base_RAM2 = 0x0
                0x00000000                __top_SRAM_ITC = 0x0
                0x00000000                __top_RAM2 = 0x0
                0x20200000                __base_SRAM_OC = 0x20200000
                0x20200000                __base_RAM3 = 0x20200000
                0x20280000                __top_SRAM_OC = 0x20280000
                0x20280000                __top_RAM3 = 0x20280000

.text           0x60202000    0xecf30
 FILL mask 0xff
                0x60202000                __vectors_start__ = ABSOLUTE (.)
 *(SORT_BY_ALIGNMENT(.isr_vector))
 .isr_vector    0x60202000      0x2b8 ./startup/startup_mimxrt1062.o
                0x60202000                g_pfnVectors
                0x60202000                __Vectors
                0x602022b8                . = ALIGN (0x4)
                0x602022b8                __section_table_start = .
                0x602022b8                __data_section_table = .
                0x602022b8        0x4 LONG 0x602efe38 LOADADDR (.data)
                0x602022bc        0x4 LONG 0x20000000 ADDR (.data)
                0x602022c0        0x4 LONG 0x2d08c SIZEOF (.data)
                0x602022c4        0x4 LONG 0x602eef30 LOADADDR (.data_RAM2)
                0x602022c8        0x4 LONG 0x0 ADDR (.data_RAM2)
                0x602022cc        0x4 LONG 0x0 SIZEOF (.data_RAM2)
                0x602022d0        0x4 LONG 0x602eef30 LOADADDR (.data_RAM3)
                0x602022d4        0x4 LONG 0x20200000 ADDR (.data_RAM3)
                0x602022d8        0x4 LONG 0xf08 SIZEOF (.data_RAM3)
                0x602022dc                __data_section_table_end = .
                0x602022dc                __bss_section_table = .
                0x602022dc        0x4 LONG 0x20033000 ADDR (.bss)
                0x602022e0        0x4 LONG 0x37558 SIZEOF (.bss)
                0x602022e4        0x4 LONG 0x0 ADDR (.bss_RAM2)
                0x602022e8        0x4 LONG 0x0 SIZEOF (.bss_RAM2)
                0x602022ec        0x4 LONG 0x20200f08 ADDR (.bss_RAM3)
                0x602022f0        0x4 LONG 0x4590 SIZEOF (.bss_RAM3)
                0x602022f4                __bss_section_table_end = .
                0x602022f4                __section_table_end = .
 *(SORT_BY_ALIGNMENT(.after_vectors*))
 .after_vectors.reset
                0x602022f4       0x60 ./startup/startup_mimxrt1062.o
                0x602022f4                ResetISR
 .after_vectors.init_data
                0x60202354       0x1e ./startup/startup_mimxrt1062.o
                0x60202354                data_init
 .after_vectors.init_bss
                0x60202372       0x12 ./startup/startup_mimxrt1062.o
                0x60202372                bss_init
 .after_vectors
                0x60202384        0xc ./startup/startup_mimxrt1062.o
                0x60202384                NMI_Handler
                0x60202386                HardFault_Handler
                0x6020238e                KPP_DriverIRQHandler
                0x6020238e                FLEXSPI2_DriverIRQHandler
                0x6020238e                LPSPI2_DriverIRQHandler
                0x6020238e                LCDIF_DriverIRQHandler
                0x6020238e                Reserved87_DriverIRQHandler
                0x6020238e                CCM_2_DriverIRQHandler
                0x6020238e                PIT_DriverIRQHandler
                0x6020238e                PMU_EVENT_DriverIRQHandler
                0x6020238e                PWM4_FAULT_DriverIRQHandler
                0x6020238e                FLEXRAM_DriverIRQHandler
                0x6020238e                SAI3_RX_DriverIRQHandler
                0x6020238e                LPSPI4_DriverIRQHandler
                0x6020238e                SEMC_DriverIRQHandler
                0x6020238e                SPDIF_DriverIRQHandler
                0x6020238e                PWM4_3_DriverIRQHandler
                0x6020238e                ACMP4_DriverIRQHandler
                0x6020238e                USB_PHY1_DriverIRQHandler
                0x6020238e                GPIO3_Combined_0_15_DriverIRQHandler
                0x6020238e                CAN3_DriverIRQHandler
                0x6020238e                Reserved171_DriverIRQHandler
                0x6020238e                BEE_DriverIRQHandler
                0x6020238e                GPR_IRQ_DriverIRQHandler
                0x6020238e                PWM2_FAULT_DriverIRQHandler
                0x6020238e                PWM3_1_DriverIRQHandler
                0x6020238e                TMR1_DriverIRQHandler
                0x6020238e                TRNG_DriverIRQHandler
                0x6020238e                PWM3_2_DriverIRQHandler
                0x6020238e                ENET_1588_Timer_DriverIRQHandler
                0x6020238e                FLEXIO2_DriverIRQHandler
                0x6020238e                GPIO2_Combined_16_31_DriverIRQHandler
                0x6020238e                Reserved143_DriverIRQHandler
                0x6020238e                PWM4_1_DriverIRQHandler
                0x6020238e                PWM3_3_DriverIRQHandler
                0x6020238e                IntDefaultHandler
                0x6020238e                SRC_DriverIRQHandler
                0x6020238e                GPIO1_INT4_DriverIRQHandler
                0x6020238e                Reserved144_DriverIRQHandler
                0x6020238e                ENC3_DriverIRQHandler
                0x6020238e                PWM3_FAULT_DriverIRQHandler
                0x6020238e                EWM_DriverIRQHandler
                0x6020238e                TSC_DIG_DriverIRQHandler
                0x6020238e                WDOG1_DriverIRQHandler
                0x6020238e                FLEXIO1_DriverIRQHandler
                0x6020238e                Reserved78_DriverIRQHandler
                0x6020238e                TMR4_DriverIRQHandler
                0x6020238e                ENC2_DriverIRQHandler
                0x6020238e                ADC_ETC_IRQ2_DriverIRQHandler
                0x6020238e                GPIO1_Combined_16_31_DriverIRQHandler
                0x6020238e                GPIO1_INT7_DriverIRQHandler
                0x6020238e                DCDC_DriverIRQHandler
                0x6020238e                PWM4_0_DriverIRQHandler
                0x6020238e                ADC_ETC_ERROR_IRQ_DriverIRQHandler
                0x6020238e                ACMP2_DriverIRQHandler
                0x6020238e                GPIO5_Combined_0_15_DriverIRQHandler
                0x6020238e                GPIO1_INT0_DriverIRQHandler
                0x6020238e                GPIO1_INT2_DriverIRQHandler
                0x6020238e                RTWDOG_DriverIRQHandler
                0x6020238e                GPT2_DriverIRQHandler
                0x6020238e                USB_PHY2_DriverIRQHandler
                0x6020238e                PWM2_1_DriverIRQHandler
                0x6020238e                PWM1_1_DriverIRQHandler
                0x6020238e                PXP_DriverIRQHandler
                0x6020238e                ADC1_DriverIRQHandler
                0x6020238e                PWM1_0_DriverIRQHandler
                0x6020238e                SJC_DriverIRQHandler
                0x6020238e                ENC1_DriverIRQHandler
                0x6020238e                ENC4_DriverIRQHandler
                0x6020238e                CAN2_DriverIRQHandler
                0x6020238e                DCP_DriverIRQHandler
                0x6020238e                CTI0_ERROR_DriverIRQHandler
                0x6020238e                GPT1_DriverIRQHandler
                0x6020238e                ACMP3_DriverIRQHandler
                0x6020238e                CSU_DriverIRQHandler
                0x6020238e                GPIO1_INT5_DriverIRQHandler
                0x6020238e                TMR3_DriverIRQHandler
                0x6020238e                TMR2_DriverIRQHandler
                0x6020238e                CTI1_ERROR_DriverIRQHandler
                0x6020238e                GPIO1_Combined_0_15_DriverIRQHandler
                0x6020238e                PWM4_2_DriverIRQHandler
                0x6020238e                CORE_DriverIRQHandler
                0x6020238e                CSI_DriverIRQHandler
                0x6020238e                PWM2_3_DriverIRQHandler
                0x6020238e                XBAR1_IRQ_2_3_DriverIRQHandler
                0x6020238e                SNVS_HP_WRAPPER_TZ_DriverIRQHandler
                0x6020238e                GPIO3_Combined_16_31_DriverIRQHandler
                0x6020238e                PWM1_FAULT_DriverIRQHandler
                0x6020238e                ENET2_1588_Timer_DriverIRQHandler
                0x6020238e                PWM2_2_DriverIRQHandler
                0x6020238e                SNVS_HP_WRAPPER_DriverIRQHandler
                0x6020238e                XBAR1_IRQ_0_1_DriverIRQHandler
                0x6020238e                ADC_ETC_IRQ1_DriverIRQHandler
                0x6020238e                LPSPI1_DriverIRQHandler
                0x6020238e                GPIO1_INT3_DriverIRQHandler
                0x6020238e                DCP_VMI_DriverIRQHandler
                0x6020238e                GPC_DriverIRQHandler
                0x6020238e                GPIO2_Combined_0_15_DriverIRQHandler
                0x6020238e                PWM1_2_DriverIRQHandler
                0x6020238e                USB_OTG1_DriverIRQHandler
                0x6020238e                TEMP_LOW_HIGH_DriverIRQHandler
                0x6020238e                SAI3_TX_DriverIRQHandler
                0x6020238e                FLEXIO3_DriverIRQHandler
                0x6020238e                WDOG2_DriverIRQHandler
                0x6020238e                Reserved68_DriverIRQHandler
                0x6020238e                PWM3_0_DriverIRQHandler
                0x6020238e                GPIO4_Combined_0_15_DriverIRQHandler
                0x6020238e                GPIO4_Combined_16_31_DriverIRQHandler
                0x6020238e                GPIO6_7_8_9_DriverIRQHandler
                0x6020238e                GPIO5_Combined_16_31_DriverIRQHandler
                0x6020238e                CCM_1_DriverIRQHandler
                0x6020238e                ADC2_DriverIRQHandler
                0x6020238e                Reserved115_DriverIRQHandler
                0x6020238e                TEMP_PANIC_DriverIRQHandler
                0x6020238e                LPSPI3_DriverIRQHandler
                0x6020238e                PWM1_3_DriverIRQHandler
                0x6020238e                ACMP1_DriverIRQHandler
                0x6020238e                Reserved86_DriverIRQHandler
                0x6020238e                DMA_ERROR_DriverIRQHandler
                0x6020238e                ADC_ETC_IRQ0_DriverIRQHandler
                0x6020238e                CAN1_DriverIRQHandler
                0x6020238e                GPIO1_INT6_DriverIRQHandler
                0x6020238e                GPIO1_INT1_DriverIRQHandler
                0x6020238e                PWM2_0_DriverIRQHandler
                0x6020238e                SNVS_LP_WRAPPER_DriverIRQHandler
                0x6020238e                USB_OTG2_DriverIRQHandler
 *(SORT_BY_ALIGNMENT(.text*))
 .text.SVC_Handler
                0x60202390       0x28 ./amazon-freertos/FreeRTOS/portable/port.o
                0x60202390                SVC_Handler
 *fill*         0x602023b8        0x8 ff
 .text.PendSV_Handler
                0x602023c0       0x68 ./amazon-freertos/FreeRTOS/portable/port.o
                0x602023c0                PendSV_Handler
 .text.RGB_LED_Init
                0x60202428      0x1c0 ./drivers/sln_RT10xx_RGB_LED_driver.o
                0x60202428                RGB_LED_Init
 .text.fp_display
                0x602025e8      0x8a0 c:/nxp/mcuxpressoide_10.3.1_2233/ide/plugins/com.nxp.mcuxpresso.tools.win32_10.3.0.201811011841/tools/bin/../lib/gcc/arm-none-eabi/7.3.1/../../../../arm-none-eabi/lib/thumb/v7e-m/fpv5/hard\libcr_c.a(fpprintf.o)
 .text._frexpl  0x60202e88       0x68 c:/nxp/mcuxpressoide_10.3.1_2233/ide/plugins/com.nxp.mcuxpresso.tools.win32_10.3.0.201811011841/tools/bin/../lib/gcc/arm-none-eabi/7.3.1/../../../../arm-none-eabi/lib/thumb/v7e-m/fpv5/hard\libcr_c.a(_frexpl.o)
                0x60202e88                _frexpl
 .text._ldexpl  0x60202ef0       0x58 c:/nxp/mcuxpressoide_10.3.1_2233/ide/plugins/com.nxp.mcuxpresso.tools.win32_10.3.0.201811011841/tools/bin/../lib/gcc/arm-none-eabi/7.3.1/../../../../arm-none-eabi/lib/thumb/v7e-m/fpv5/hard\libcr_c.a(_ldexpl.o)
                0x60202ef0                _ldexpl
 .text.__NVIC_EnableIRQ
                0x60202f48       0x3c ./wifi_wwd/platform/wwd_SDIO.o
 .text.__NVIC_SetPriority
                0x60202f84       0x54 ./wifi_wwd/platform/wwd_SDIO.o
 .text.CLOCK_SetMux
                0x60202fd8       0x9c ./wifi_wwd/platform/wwd_SDIO.o
 .text.CLOCK_SetDiv
                0x60203074       0x9c ./wifi_wwd/platform/wwd_SDIO.o
 .text.CLOCK_GetDiv
                0x60203110       0x44 ./wifi_wwd/platform/wwd_SDIO.o
 .text.BOARD_PowerOnSDIOCARD
                0x60203154       0x18 ./wifi_wwd/platform/wwd_SDIO.o
 .text.SDIOCARD_DetectCallBack
                0x6020316c       0x24 ./wifi_wwd/platform/wwd_SDIO.o
 .text.BOARD_USDHCClockConfiguration
                0x60203190       0x28 ./wifi_wwd/platform/wwd_SDIO.o
 .text.host_platform_wifi_oob_irq_init
                0x602031b8       0x40 ./wifi_wwd/platform/wwd_SDIO.o
 .text.host_platform_unmask_sdio_interrupt
                0x602031f8       0x2c ./wifi_wwd/platform/wwd_SDIO.o
                0x602031f8                host_platform_unmask_sdio_interrupt
 .text.host_platform_bus_init
                0x60203224       0xa8 ./wifi_wwd/platform/wwd_SDIO.o
                0x60203224                host_platform_bus_init
 .text.host_platform_sdio_enumerate
                0x602032cc      0x12c ./wifi_wwd/platform/wwd_SDIO.o
                0x602032cc                host_platform_sdio_enumerate
 .text.host_platform_sdio_transfer
                0x602033f8      0x11c ./wifi_wwd/platform/wwd_SDIO.o
                0x602033f8                host_platform_sdio_transfer
 .text.host_platform_enable_high_speed_sdio
                0x60203514       0x8c ./wifi_wwd/platform/wwd_SDIO.o
                0x60203514                host_platform_enable_high_speed_sdio
 .text.host_platform_bus_enable_interrupt
                0x602035a0       0x1c ./wifi_wwd/platform/wwd_SDIO.o
                0x602035a0                host_platform_bus_enable_interrupt
 .text.GPIO5_Combined_0_15_IRQHandler
                0x602035bc       0x28 ./wifi_wwd/platform/wwd_SDIO.o
                0x602035bc                GPIO5_Combined_0_15_IRQHandler
 .text.host_platform_resource_size
                0x602035e4       0x38 ./wifi_wwd/platform/wwd_resources.o
                0x602035e4                host_platform_resource_size
 .text.host_platform_resource_read_indirect
                0x6020361c       0x64 ./wifi_wwd/platform/wwd_resources.o
                0x6020361c                host_platform_resource_read_indirect
 .text.low_level_output
                0x60203680       0x88 ./wifi_wwd/network/wwd_network.o
 .text.host_network_process_ethernet_data
                0x60203708      0x12c ./wifi_wwd/network/wwd_network.o
                0x60203708                host_network_process_ethernet_data
 .text.wlanif_init
                0x60203834       0x5c ./wifi_wwd/network/wwd_network.o
                0x60203834                wlanif_init
 .text.wwd_handle_apsta_event
                0x60203890       0x4c ./wifi_wwd/WWD/internal/chips/wwd_ap.o
 .text.internal_ap_init
                0x602038dc      0x450 ./wifi_wwd/WWD/internal/chips/wwd_ap.o
 .text.wwd_wifi_ap_init
                0x60203d2c       0x5c ./wifi_wwd/WWD/internal/chips/wwd_ap.o
                0x60203d2c                wwd_wifi_ap_init
 .text.wwd_wifi_ap_up
                0x60203d88       0x94 ./wifi_wwd/WWD/internal/chips/wwd_ap.o
                0x60203d88                wwd_wifi_ap_up
 .text.wwd_bus_is_up
                0x60203e1c       0x18 ./wifi_wwd/WWD/internal/chips/wwd_chip_specific_functions.o
                0x60203e1c                wwd_bus_is_up
 .text.wwd_chip_specific_socsram_init
                0x60203e34       0x48 ./wifi_wwd/WWD/internal/chips/wwd_chip_specific_functions.o
                0x60203e34                wwd_chip_specific_socsram_init
 .text.wwd_ensure_wlan_bus_is_up
                0x60203e7c       0xb8 ./wifi_wwd/WWD/internal/chips/wwd_chip_specific_functions.o
                0x60203e7c                wwd_ensure_wlan_bus_is_up
 .text.wwd_allow_wlan_bus_to_sleep
                0x60203f34       0x48 ./wifi_wwd/WWD/internal/chips/wwd_chip_specific_functions.o
                0x60203f34                wwd_allow_wlan_bus_to_sleep
 .text.wwd_enable_save_restore
                0x60203f7c      0x104 ./wifi_wwd/WWD/internal/chips/wwd_chip_specific_functions.o
 .text.wwd_is_fw_sr_capable
                0x60204080       0x38 ./wifi_wwd/WWD/internal/chips/wwd_chip_specific_functions.o
 .text.wwd_kso_enable
                0x602040b8       0xb8 ./wifi_wwd/WWD/internal/chips/wwd_chip_specific_functions.o
 .text.wwd_bus_init
                0x60204170      0x410 ./wifi_wwd/WWD/internal/bus_protocols/SDIO/wwd_bus_protocol.o
                0x60204170                wwd_bus_init
 .text.wwd_bus_wake_interrupt_present
                0x60204580       0x6c ./wifi_wwd/WWD/internal/bus_protocols/SDIO/wwd_bus_protocol.o
                0x60204580                wwd_bus_wake_interrupt_present
 .text.wwd_bus_packet_available_to_read
                0x602045ec       0x70 ./wifi_wwd/WWD/internal/bus_protocols/SDIO/wwd_bus_protocol.o
                0x602045ec                wwd_bus_packet_available_to_read
 .text.wwd_bus_read_frame
                0x6020465c      0x1b4 ./wifi_wwd/WWD/internal/bus_protocols/SDIO/wwd_bus_protocol.o
                0x6020465c                wwd_bus_read_frame
 .text.wwd_bus_sdio_download_firmware
                0x60204810      0x174 ./wifi_wwd/WWD/internal/bus_protocols/SDIO/wwd_bus_protocol.o
 .text.wwd_bus_sdio_abort_read
                0x60204984       0x70 ./wifi_wwd/WWD/internal/bus_protocols/SDIO/wwd_bus_protocol.o
 .text.wwd_bus_poke_wlan
                0x602049f4       0x18 ./wifi_wwd/WWD/internal/bus_protocols/SDIO/wwd_bus_protocol.o
                0x602049f4                wwd_bus_poke_wlan
 .text.wwd_bus_set_flow_control
                0x60204a0c       0x30 ./wifi_wwd/WWD/internal/bus_protocols/SDIO/wwd_bus_protocol.o
                0x60204a0c                wwd_bus_set_flow_control
 .text.wwd_bus_is_flow_controlled
                0x60204a3c       0x18 ./wifi_wwd/WWD/internal/bus_protocols/SDIO/wwd_bus_protocol.o
                0x60204a3c                wwd_bus_is_flow_controlled
 .text.wwd_bus_sdio_set_oob_interrupt
                0x60204a54       0x94 ./wifi_wwd/WWD/internal/bus_protocols/SDIO/wwd_bus_protocol.o
 .text.wwd_bus_reinit
                0x60204ae8      0x410 ./wifi_wwd/WWD/internal/bus_protocols/SDIO/wwd_bus_protocol.o
                0x60204ae8                wwd_bus_reinit
 .text.wwd_delayed_bus_release_schedule_update
                0x60204ef8       0x2c ./wifi_wwd/WWD/internal/bus_protocols/wwd_bus_common.o
                0x60204ef8                wwd_delayed_bus_release_schedule_update
 .text.wwd_bus_handle_delayed_release
                0x60204f24       0xe4 ./wifi_wwd/WWD/internal/bus_protocols/wwd_bus_common.o
                0x60204f24                wwd_bus_handle_delayed_release
 .text.wwd_bus_init_backplane_window
                0x60205008       0x18 ./wifi_wwd/WWD/internal/bus_protocols/wwd_bus_common.o
                0x60205008                wwd_bus_init_backplane_window
 .text.wwd_bus_write_wifi_nvram_image
                0x60205020       0x84 ./wifi_wwd/WWD/internal/bus_protocols/wwd_bus_common.o
                0x60205020                wwd_bus_write_wifi_nvram_image
 .text.download_resource
                0x602050a4      0x160 ./wifi_wwd/WWD/internal/bus_protocols/wwd_bus_common.o
 .text.wwd_bus_set_backplane_window
                0x60205204       0xcc ./wifi_wwd/WWD/internal/bus_protocols/wwd_bus_common.o
                0x60205204                wwd_bus_set_backplane_window
 .text.wwd_wifi_set_ap_is_up
                0x602052d0       0x2c ./wifi_wwd/WWD/internal/wwd_ap_common.o
                0x602052d0                wwd_wifi_set_ap_is_up
 .text.wwd_wifi_get_ap_is_up
                0x602052fc       0x18 ./wifi_wwd/WWD/internal/wwd_ap_common.o
                0x602052fc                wwd_wifi_get_ap_is_up
 .text.wwd_wifi_set_block_ack_window_size_common
                0x60205314       0x4c ./wifi_wwd/WWD/internal/wwd_ap_common.o
                0x60205314                wwd_wifi_set_block_ack_window_size_common
 .text.wwd_wifi_set_ampdu_parameters_common
                0x60205360       0x88 ./wifi_wwd/WWD/internal/wwd_ap_common.o
                0x60205360                wwd_wifi_set_ampdu_parameters_common
 .text.wwd_process_clm_data
                0x602053e8      0x150 ./wifi_wwd/WWD/internal/wwd_clm.o
                0x602053e8                wwd_process_clm_data
 .text.wwd_get_core_address
                0x60205538       0x24 ./wifi_wwd/WWD/internal/wwd_internal.o
 .text.wwd_management_wifi_platform_init
                0x6020555c       0xa8 ./wifi_wwd/WWD/internal/wwd_management.o
                0x6020555c                wwd_management_wifi_platform_init
 .text.wwd_management_wifi_on
                0x60205604      0x214 ./wifi_wwd/WWD/internal/wwd_management.o
                0x60205604                wwd_management_wifi_on
 .text.wwd_sdpcm_init
                0x60205818       0xe8 ./wifi_wwd/WWD/internal/wwd_sdpcm.o
                0x60205818                wwd_sdpcm_init
 .text.wwd_sdpcm_bus_vars_init
                0x60205900       0x38 ./wifi_wwd/WWD/internal/wwd_sdpcm.o
                0x60205900                wwd_sdpcm_bus_vars_init
 .text.wwd_sdpcm_quit
                0x60205938       0x64 ./wifi_wwd/WWD/internal/wwd_sdpcm.o
                0x60205938                wwd_sdpcm_quit
 .text.wwd_network_send_ethernet_data
                0x6020599c      0x110 ./wifi_wwd/WWD/internal/wwd_sdpcm.o
                0x6020599c                wwd_network_send_ethernet_data
 .text.wwd_sdpcm_update_credit
                0x60205aac       0x70 ./wifi_wwd/WWD/internal/wwd_sdpcm.o
                0x60205aac                wwd_sdpcm_update_credit
 .text.wwd_sdpcm_process_rx_packet
                0x60205b1c      0x4a0 ./wifi_wwd/WWD/internal/wwd_sdpcm.o
                0x60205b1c                wwd_sdpcm_process_rx_packet
 .text.wwd_sdpcm_notify_client_ioctl_finished
                0x60205fbc       0x34 ./wifi_wwd/WWD/internal/wwd_sdpcm.o
 .text.wwd_sdpcm_notify_client_ioctl_start
                0x60205ff0       0x1c ./wifi_wwd/WWD/internal/wwd_sdpcm.o
 .text.wwd_sdpcm_notify_client_ioctl_end_registered
                0x6020600c       0x20 ./wifi_wwd/WWD/internal/wwd_sdpcm.o
 .text.wwd_sdpcm_send_ioctl
                0x6020602c      0x26c ./wifi_wwd/WWD/internal/wwd_sdpcm.o
                0x6020602c                wwd_sdpcm_send_ioctl
 .text.wwd_management_set_event_handler_locally
                0x60206298      0x12c ./wifi_wwd/WWD/internal/wwd_sdpcm.o
                0x60206298                wwd_management_set_event_handler_locally
 .text.wwd_management_alloc_event_msgs_buffer
                0x602063c4      0x13c ./wifi_wwd/WWD/internal/wwd_sdpcm.o
 .text.wwd_management_set_event_handler
                0x60206500      0x1a0 ./wifi_wwd/WWD/internal/wwd_sdpcm.o
                0x60206500                wwd_management_set_event_handler
 .text.wwd_sdpcm_has_tx_packet
                0x602066a0       0x20 ./wifi_wwd/WWD/internal/wwd_sdpcm.o
                0x602066a0                wwd_sdpcm_has_tx_packet
 .text.wwd_sdpcm_get_packet_to_send
                0x602066c0       0xbc ./wifi_wwd/WWD/internal/wwd_sdpcm.o
                0x602066c0                wwd_sdpcm_get_packet_to_send
 .text.wwd_sdpcm_get_available_credits
                0x6020677c       0x24 ./wifi_wwd/WWD/internal/wwd_sdpcm.o
                0x6020677c                wwd_sdpcm_get_available_credits
 .text.wwd_get_bss_index
                0x602067a0       0x2c ./wifi_wwd/WWD/internal/wwd_sdpcm.o
                0x602067a0                wwd_get_bss_index
 .text.wwd_sdpcm_send_common
                0x602067cc       0xc8 ./wifi_wwd/WWD/internal/wwd_sdpcm.o
 .text.wwd_map_dscp_to_priority
                0x60206894       0x28 ./wifi_wwd/WWD/internal/wwd_sdpcm.o
 .text.wwd_wifi_get_source_interface
                0x602068bc       0x34 ./wifi_wwd/WWD/internal/wwd_sdpcm.o
 .text.wwd_thread_init
                0x602068f0       0x74 ./wifi_wwd/WWD/internal/wwd_thread.o
                0x602068f0                wwd_thread_init
 .text.wwd_thread_notify_irq
                0x60206964       0x2c ./wifi_wwd/WWD/internal/wwd_thread.o
                0x60206964                wwd_thread_notify_irq
 .text.wwd_thread_notify
                0x60206990       0x24 ./wifi_wwd/WWD/internal/wwd_thread.o
                0x60206990                wwd_thread_notify
 .text.wwd_thread_func
                0x602069b4       0x9c ./wifi_wwd/WWD/internal/wwd_thread.o
 .text.wwd_wifi_p2p_is_go_up
                0x60206a50       0x18 ./wifi_wwd/WWD/internal/wwd_wifi.o
                0x60206a50                wwd_wifi_p2p_is_go_up
 .text.wwd_wifi_get_mac_address
                0x60206a68       0x8c ./wifi_wwd/WWD/internal/wwd_wifi.o
                0x60206a68                wwd_wifi_get_mac_address
 .text.wwd_wifi_link_update
                0x60206af4       0x1c ./wifi_wwd/WWD/internal/wwd_wifi.o
                0x60206af4                wwd_wifi_link_update
 .text.wwd_wifi_monitor_mode_is_enabled
                0x60206b10       0x18 ./wifi_wwd/WWD/internal/wwd_wifi.o
                0x60206b10                wwd_wifi_monitor_mode_is_enabled
 .text.wwd_wifi_set_up
                0x60206b28       0x48 ./wifi_wwd/WWD/internal/wwd_wifi.o
                0x60206b28                wwd_wifi_set_up
 .text.wwd_wifi_get_wifi_version
                0x60206b70       0x58 ./wifi_wwd/WWD/internal/wwd_wifi.o
                0x60206b70                wwd_wifi_get_wifi_version
 .text.wwd_wifi_get_clm_version
                0x60206bc8       0x74 ./wifi_wwd/WWD/internal/wwd_wifi.o
                0x60206bc8                wwd_wifi_get_clm_version
 .text.wwd_wifi_check_join_status
                0x60206c3c       0xd8 ./wifi_wwd/WWD/internal/wwd_wifi.o
 .text.wwd_wifi_is_mesh_enabled
                0x60206d14       0x24 ./wifi_wwd/WWD/internal/wwd_wifi.o
                0x60206d14                wwd_wifi_is_mesh_enabled
 .text.ds_state_set
                0x60206d38       0x38 ./wifi_wwd/WWD/internal/wwd_wifi_sleep.o
 .text.wwd_wifi_ds1_wake_handle
                0x60206d70       0x5c ./wifi_wwd/WWD/internal/wwd_wifi_sleep.o
                0x60206d70                wwd_wifi_ds1_wake_handle
 .text.wwd_wifi_ds1_finish_wake
                0x60206dcc       0x98 ./wifi_wwd/WWD/internal/wwd_wifi_sleep.o
 .text.host_rtos_set_semaphore
                0x60206e64       0x68 ./wifi_wwd/FreeRTOS/wwd_rtos.o
                0x60206e64                host_rtos_set_semaphore
 .text.host_rtos_delay_milliseconds
                0x60206ecc       0x60 ./wifi_wwd/FreeRTOS/wwd_rtos.o
                0x60206ecc                host_rtos_delay_milliseconds
 .text.wiced_wlan_connectivity_init
                0x60206f2c      0x100 ./wifi_wwd/wifi.o
                0x60206f2c                wiced_wlan_connectivity_init
 .text.SHELL_Sprintf
                0x6020702c       0x40 ./utilities/fsl_shell.o
 .text.SHELL_Task
                0x6020706c      0x510 ./utilities/fsl_shell.o
 .text.SHELL_ExitCommand
                0x6020757c       0x40 ./utilities/fsl_shell.o
 .text.SHELL_ProcessCommand
                0x602075bc      0x2ac ./utilities/fsl_shell.o
 .text.SHELL_GetHistoryCommand
                0x60207868       0xe4 ./utilities/fsl_shell.o
 .text.SHELL_AutoComplete
                0x6020794c      0x148 ./utilities/fsl_shell.o
 .text.SHELL_ParseLine
                0x60207a94       0xfc ./utilities/fsl_shell.o
 .text.SHELL_Init
                0x60207b90      0x148 ./utilities/fsl_shell.o
                0x60207b90                SHELL_Init
 .text.SHELL_RegisterCommand
                0x60207cd8       0x54 ./utilities/fsl_shell.o
                0x60207cd8                SHELL_RegisterCommand
 .text.SHELL_Write
                0x60207d2c       0xa0 ./utilities/fsl_shell.o
                0x60207d2c                SHELL_Write
 .text.SHELL_Printf
                0x60207dcc       0xa4 ./utilities/fsl_shell.o
                0x60207dcc                SHELL_Printf
 .text.USB_EhciPhyGetBase
                0x60207e70       0xe0 ./usb/phy/usb_phy.o
                0x60207e70                USB_EhciPhyGetBase
 .text.USB_EhciPhyInit
                0x60207f50       0xc8 ./usb/phy/usb_phy.o
                0x60207f50                USB_EhciPhyInit
 .text.USB_DeviceEhciCancelControlPipe
                0x60208018      0x194 ./usb/device/source/ehci/usb_device_ehci.o
 .text.USB_DeviceEhciInterruptTokenDone
                0x602081ac      0x42c ./usb/device/source/ehci/usb_device_ehci.o
 .text.USB_DeviceEhciTransfer
                0x602085d8      0x3b4 ./usb/device/source/ehci/usb_device_ehci.o
 .text.USB_EhciGetValidEhciState
                0x6020898c       0x58 ./usb/device/source/ehci/usb_device_ehci.o
                0x6020898c                USB_EhciGetValidEhciState
 .text.USB_DeviceEhciInit
                0x602089e4       0xe4 ./usb/device/source/ehci/usb_device_ehci.o
                0x602089e4                USB_DeviceEhciInit
 .text.USB_DeviceEhciDeinit
                0x60208ac8       0x8c ./usb/device/source/ehci/usb_device_ehci.o
                0x60208ac8                USB_DeviceEhciDeinit
 .text.USB_DeviceEhciCancel
                0x60208b54      0x220 ./usb/device/source/ehci/usb_device_ehci.o
                0x60208b54                USB_DeviceEhciCancel
 .text.USB_DeviceEhciControl
                0x60208d74      0x284 ./usb/device/source/ehci/usb_device_ehci.o
                0x60208d74                USB_DeviceEhciControl
 .text.USB_DeviceAllocateHandle
                0x60208ff8       0xd0 ./usb/device/source/usb_device_dci.o
 .text.USB_DeviceGetControllerInterface
                0x602090c8       0x38 ./usb/device/source/usb_device_dci.o
 .text.USB_DeviceGetStatus
                0x60209100       0xcc ./usb/device/source/usb_device_dci.o
                0x60209100                USB_DeviceGetStatus
 .text.USB_DeviceSetStatus
                0x602091cc      0x114 ./usb/device/source/usb_device_dci.o
                0x602091cc                USB_DeviceSetStatus
 .text.map_flexram
                0x602092e0       0x4c ./startup/startup_mimxrt1062.o
                0x602092e0                map_flexram
 .text.audio_processing_reset_mic_capture_buffers
                0x6020932c       0x2c ./source/audio_processing_task.o
 .text.audio_processing_set_app_task_handle
                0x60209358       0x30 ./source/audio_processing_task.o
                0x60209358                audio_processing_set_app_task_handle
 .text.audio_processing_set_task_handle
                0x60209388       0x20 ./source/audio_processing_task.o
                0x60209388                audio_processing_set_task_handle
 .text.audio_processing_set_mic_input_buffer
                0x602093a8       0x30 ./source/audio_processing_task.o
                0x602093a8                audio_processing_set_mic_input_buffer
 .text.audio_processing_set_amp_input_buffer
                0x602093d8       0x30 ./source/audio_processing_task.o
                0x602093d8                audio_processing_set_amp_input_buffer
 .text.audio_processing_task
                0x60209408      0x254 ./source/audio_processing_task.o
                0x60209408                audio_processing_task
 .text.start_dhcp_server
                0x6020965c       0x34 ./source/dhcp_server.o
                0x6020965c                start_dhcp_server
 .text.dhcp_thread
                0x60209690      0x3fc ./source/dhcp_server.o
 .text.CLOCK_SetMux
                0x60209a8c       0x9c ./source/main.o
 .text.CLOCK_SetDiv
                0x60209b28       0x9c ./source/main.o
 .text.CLOCK_ControlGate
                0x60209bc4       0x64 ./source/main.o
 .text.appTask  0x60209c28      0x16c ./source/main.o
                0x60209c28                appTask
 .text.main     0x60209d94      0x124 ./source/main.o
                0x60209d94                main
 .text.vApplicationMallocFailedHook
                0x60209eb8       0x14 ./source/os_hooks.o
                0x60209eb8                vApplicationMallocFailedHook
 .text.vApplicationGetIdleTaskMemory
                0x60209ecc       0x34 ./source/os_hooks.o
                0x60209ecc                vApplicationGetIdleTaskMemory
 .text.vApplicationGetTimerTaskMemory
                0x60209f00       0x34 ./source/os_hooks.o
                0x60209f00                vApplicationGetTimerTaskMemory
 .text.__NVIC_SystemReset
                0x60209f34       0x28 ./source/sln_shell.o
 .text.USB_DeviceClockInit
                0x60209f5c       0x48 ./source/sln_shell.o
 .text.sln_reset_handler
                0x60209fa4       0x30 ./source/sln_shell.o
 .text.log_shell_printf
                0x60209fd4       0x60 ./source/sln_shell.o
                0x60209fd4                log_shell_printf
 .text.sln_shell_init
                0x6020a034       0xa8 ./source/sln_shell.o
                0x6020a034                sln_shell_init
 .text.sln_shell_task
                0x6020a0dc       0x60 ./source/sln_shell.o
                0x6020a0dc                sln_shell_task
 .text.sln_shell_set_app_init_task_handle
                0x6020a13c       0x28 ./source/sln_shell.o
                0x6020a13c                sln_shell_set_app_init_task_handle
 .text.sln_shell_trace_malloc
                0x6020a164       0x60 ./source/sln_shell.o
                0x6020a164                sln_shell_trace_malloc
 .text.sln_shell_trace_free
                0x6020a1c4       0x60 ./source/sln_shell.o
                0x6020a1c4                sln_shell_trace_free
 .text.tcp_start_connection
                0x6020a224       0x78 ./source/tcp_send.o
                0x6020a224                tcp_start_connection
 .text.test_apsta
                0x6020a29c       0xe0 ./source/test_apsta.o
                0x6020a29c                test_apsta
 .text.SDIO_IO_RW_Direct
                0x6020a37c       0xdc ./sdmmc/src/fsl_sdio.o
                0x6020a37c                SDIO_IO_RW_Direct
 .text.SDIO_GetCardCapability
                0x6020a458      0x2bc ./sdmmc/src/fsl_sdio.o
                0x6020a458                SDIO_GetCardCapability
 .text.SDIO_HostInit
                0x6020a714       0x70 ./sdmmc/src/fsl_sdio.o
                0x6020a714                SDIO_HostInit
 .text.SDMMCEVENT_GetInstance
                0x6020a784       0x40 ./sdmmc/port/fsl_sdmmc_event.o
 .text.SDMMCEVENT_Wait
                0x6020a7c4       0x78 ./sdmmc/port/fsl_sdmmc_event.o
                0x6020a7c4                SDMMCEVENT_Wait
 .text.SDMMCEVENT_Notify
                0x6020a83c       0x70 ./sdmmc/port/fsl_sdmmc_event.o
                0x6020a83c                SDMMCEVENT_Notify
 .text.__NVIC_EnableIRQ
                0x6020a8ac       0x3c ./sdmmc/port/fsl_sdmmc_host_uvoice.o
 .text.__NVIC_SetPriority
                0x6020a8e8       0x54 ./sdmmc/port/fsl_sdmmc_host_uvoice.o
 .text.GPIO_PinRead
                0x6020a93c       0x30 ./sdmmc/port/fsl_sdmmc_host_uvoice.o
 .text.SDMMCHOST_DetectCardByGpio
                0x6020a96c       0x6c ./sdmmc/port/fsl_sdmmc_host_uvoice.o
 .text.SDMMCHOST_DetectCardInsertByHost
                0x6020a9d8       0x40 ./sdmmc/port/fsl_sdmmc_host_uvoice.o
 .text.SDMMCHOST_DetectCardRemoveByHost
                0x6020aa18       0x38 ./sdmmc/port/fsl_sdmmc_host_uvoice.o
 .text.SDMMCHOST_TransferCompleteCallback
                0x6020aa50       0x34 ./sdmmc/port/fsl_sdmmc_host_uvoice.o
 .text.SDMMCHOST_ReTuningCallback
                0x6020aa84       0x24 ./sdmmc/port/fsl_sdmmc_host_uvoice.o
 .text.SDMMCHOST_TransferFunction
                0x6020aaa8       0xd0 ./sdmmc/port/fsl_sdmmc_host_uvoice.o
 .text.SDMMCHOST_CardDetectInit
                0x6020ab78       0xcc ./sdmmc/port/fsl_sdmmc_host_uvoice.o
 .text.GPIO2_Combined_16_31_IRQHandler
                0x6020ac44       0x3c ./sdmmc/port/fsl_sdmmc_host_uvoice.o
                0x6020ac44                GPIO2_Combined_16_31_IRQHandler
 .text.SDMMCHOST_Init
                0x6020ac80       0xf4 ./sdmmc/port/fsl_sdmmc_host_uvoice.o
                0x6020ac80                SDMMCHOST_Init
 .text.USB_OsaMutexCreate
                0x6020ad74       0xbc ./osa/usb_osa_freertos.o
                0x6020ad74                USB_OsaMutexCreate
 .text.ethernet_input
                0x6020ae30      0x164 ./lwip/src/netif/ethernet.o
                0x6020ae30                ethernet_input
 .text.ethernet_output
                0x6020af94       0x90 ./lwip/src/netif/ethernet.o
                0x6020af94                ethernet_output
 .text.dhcp_inc_pcb_refcount
                0x6020b024       0x94 ./lwip/src/core/ipv4/dhcp.o
 .text.dhcp_dec_pcb_refcount
                0x6020b0b8       0x48 ./lwip/src/core/ipv4/dhcp.o
 .text.dhcp_handle_nak
                0x6020b100       0x34 ./lwip/src/core/ipv4/dhcp.o
 .text.dhcp_check
                0x6020b134       0x68 ./lwip/src/core/ipv4/dhcp.o
 .text.dhcp_handle_offer
                0x6020b19c       0x4c ./lwip/src/core/ipv4/dhcp.o
 .text.dhcp_select
                0x6020b1e8      0x1e0 ./lwip/src/core/ipv4/dhcp.o
 .text.dhcp_coarse_tmr
                0x6020b3c8       0xa8 ./lwip/src/core/ipv4/dhcp.o
                0x6020b3c8                dhcp_coarse_tmr
 .text.dhcp_fine_tmr
                0x6020b470       0x64 ./lwip/src/core/ipv4/dhcp.o
                0x6020b470                dhcp_fine_tmr
 .text.dhcp_handle_ack
                0x6020b4d4      0x100 ./lwip/src/core/ipv4/dhcp.o
 .text.dhcp_start
                0x6020b5d4       0xe4 ./lwip/src/core/ipv4/dhcp.o
                0x6020b5d4                dhcp_start
 .text.dhcp_arp_reply
                0x6020b6b8       0x48 ./lwip/src/core/ipv4/dhcp.o
                0x6020b6b8                dhcp_arp_reply
 .text.dhcp_decline
                0x6020b700       0xec ./lwip/src/core/ipv4/dhcp.o
 .text.dhcp_discover
                0x6020b7ec      0x144 ./lwip/src/core/ipv4/dhcp.o
 .text.dhcp_bind
                0x6020b930      0x19c ./lwip/src/core/ipv4/dhcp.o
 .text.dhcp_renew
                0x6020bacc      0x138 ./lwip/src/core/ipv4/dhcp.o
                0x6020bacc                dhcp_renew
 .text.dhcp_rebind
                0x6020bc04      0x138 ./lwip/src/core/ipv4/dhcp.o
 .text.dhcp_reboot
                0x6020bd3c      0x16c ./lwip/src/core/ipv4/dhcp.o
 .text.dhcp_release_and_stop
                0x6020bea8      0x134 ./lwip/src/core/ipv4/dhcp.o
                0x6020bea8                dhcp_release_and_stop
 .text.dhcp_option
                0x6020bfdc       0x58 ./lwip/src/core/ipv4/dhcp.o
 .text.dhcp_option_byte
                0x6020c034       0x3c ./lwip/src/core/ipv4/dhcp.o
 .text.dhcp_option_short
                0x6020c070       0x54 ./lwip/src/core/ipv4/dhcp.o
 .text.dhcp_option_long
                0x6020c0c4       0x78 ./lwip/src/core/ipv4/dhcp.o
 .text.dhcp_parse_reply
                0x6020c13c      0x598 ./lwip/src/core/ipv4/dhcp.o
 .text.dhcp_recv
                0x6020c6d4      0x190 ./lwip/src/core/ipv4/dhcp.o
 .text.dhcp_create_msg
                0x6020c864      0x18c ./lwip/src/core/ipv4/dhcp.o
 .text.etharp_free_entry
                0x6020c9f0       0xc0 ./lwip/src/core/ipv4/etharp.o
 .text.etharp_tmr
                0x6020cab0      0x150 ./lwip/src/core/ipv4/etharp.o
                0x6020cab0                etharp_tmr
 .text.etharp_find_entry
                0x6020cc00      0x2c0 ./lwip/src/core/ipv4/etharp.o
 .text.etharp_update_arp_entry
                0x6020cec0      0x13c ./lwip/src/core/ipv4/etharp.o
 .text.etharp_input
                0x6020cffc      0x158 ./lwip/src/core/ipv4/etharp.o
                0x6020cffc                etharp_input
 .text.etharp_output_to_arp_index
                0x6020d154      0x124 ./lwip/src/core/ipv4/etharp.o
 .text.etharp_output
                0x6020d278      0x1f4 ./lwip/src/core/ipv4/etharp.o
                0x6020d278                etharp_output
 .text.etharp_query
                0x6020d46c      0x278 ./lwip/src/core/ipv4/etharp.o
                0x6020d46c                etharp_query
 .text.etharp_raw
                0x6020d6e4      0x11c ./lwip/src/core/ipv4/etharp.o
 .text.etharp_request_dst
                0x6020d800       0x44 ./lwip/src/core/ipv4/etharp.o
 .text.etharp_request
                0x6020d844       0x24 ./lwip/src/core/ipv4/etharp.o
                0x6020d844                etharp_request
 .text.icmp_input
                0x6020d868      0x2bc ./lwip/src/core/ipv4/icmp.o
                0x6020d868                icmp_input
 .text.icmp_send_response
                0x6020db24       0xec ./lwip/src/core/ipv4/icmp.o
 .text.ip4_route
                0x6020dc10       0xf4 ./lwip/src/core/ipv4/ip4.o
                0x6020dc10                ip4_route
 .text.ip4_input_accept
                0x6020dd04       0x54 ./lwip/src/core/ipv4/ip4.o
 .text.ip4_input
                0x6020dd58      0x358 ./lwip/src/core/ipv4/ip4.o
                0x6020dd58                ip4_input
 .text.ip4_output_if_src
                0x6020e0b0      0x244 ./lwip/src/core/ipv4/ip4.o
                0x6020e0b0                ip4_output_if_src
 .text.ip_reass_tmr
                0x6020e2f4       0x58 ./lwip/src/core/ipv4/ip4_frag.o
                0x6020e2f4                ip_reass_tmr
 .text.ip_reass_free_complete_datagram
                0x6020e34c      0x120 ./lwip/src/core/ipv4/ip4_frag.o
 .text.ip_reass_remove_oldest_datagram
                0x6020e46c       0xc4 ./lwip/src/core/ipv4/ip4_frag.o
 .text.ip_reass_enqueue_new_datagram
                0x6020e530       0x84 ./lwip/src/core/ipv4/ip4_frag.o
 .text.ip_reass_dequeue_datagram
                0x6020e5b4       0x4c ./lwip/src/core/ipv4/ip4_frag.o
 .text.ip_reass_chain_frag_into_datagram_and_validate
                0x6020e600      0x2a4 ./lwip/src/core/ipv4/ip4_frag.o
 .text.ip4_reass
                0x6020e8a4      0x364 ./lwip/src/core/ipv4/ip4_frag.o
                0x6020e8a4                ip4_reass
 .text.ip4_frag
                0x6020ec08      0x1c8 ./lwip/src/core/ipv4/ip4_frag.o
                0x6020ec08                ip4_frag
 .text.dns_setserver
                0x6020edd0       0x48 ./lwip/src/core/dns.o
                0x6020edd0                dns_setserver
 .text.dns_send
                0x6020ee18      0x1d0 ./lwip/src/core/dns.o
 .text.dns_call_found
                0x6020efe8      0x180 ./lwip/src/core/dns.o
 .text.dns_create_txid
                0x6020f168       0x60 ./lwip/src/core/dns.o
 .text.dns_backupserver_available
                0x6020f1c8       0x44 ./lwip/src/core/dns.o
 .text.dns_check_entry
                0x6020f20c      0x134 ./lwip/src/core/dns.o
 .text.plug_holes
                0x6020f340      0x108 ./lwip/src/core/mem.o
 .text.mem_init
                0x6020f448       0xa0 ./lwip/src/core/mem.o
                0x6020f448                mem_init
 .text.mem_free
                0x6020f4e8       0xf4 ./lwip/src/core/mem.o
                0x6020f4e8                mem_free
 .text.mem_trim
                0x6020f5dc      0x200 ./lwip/src/core/mem.o
                0x6020f5dc                mem_trim
 .text.mem_malloc
                0x6020f7dc      0x244 ./lwip/src/core/mem.o
                0x6020f7dc                mem_malloc
 .text.memp_init
                0x6020fa20       0x4c ./lwip/src/core/memp.o
                0x6020fa20                memp_init
 .text.do_memp_malloc_pool
                0x6020fa6c       0x88 ./lwip/src/core/memp.o
 .text.memp_malloc
                0x6020faf4       0x3c ./lwip/src/core/memp.o
                0x6020faf4                memp_malloc
 .text.do_memp_free_pool
                0x6020fb30       0x54 ./lwip/src/core/memp.o
 .text.memp_free
                0x6020fb84       0x44 ./lwip/src/core/memp.o
                0x6020fb84                memp_free
 .text.netif_add
                0x6020fbc8      0x17c ./lwip/src/core/netif.o
                0x6020fbc8                netif_add
 .text.netif_do_set_ipaddr
                0x6020fd44       0x7c ./lwip/src/core/netif.o
 .text.netif_set_addr
                0x6020fdc0       0x94 ./lwip/src/core/netif.o
                0x6020fdc0                netif_set_addr
 .text.netif_set_default
                0x6020fe54       0x20 ./lwip/src/core/netif.o
                0x6020fe54                netif_set_default
 .text.netif_set_up
                0x6020fe74       0x48 ./lwip/src/core/netif.o
                0x6020fe74                netif_set_up
 .text.netif_issue_reports
                0x6020febc       0x70 ./lwip/src/core/netif.o
 .text.netif_get_by_index
                0x6020ff2c       0x4c ./lwip/src/core/netif.o
                0x6020ff2c                netif_get_by_index
 .text.pbuf_free_ooseq
                0x6020ff78       0x4c ./lwip/src/core/pbuf.o
 .text.pbuf_pool_is_empty
                0x6020ffc4       0x54 ./lwip/src/core/pbuf.o
 .text.pbuf_alloc
                0x60210018      0x1bc ./lwip/src/core/pbuf.o
                0x60210018                pbuf_alloc
 .text.pbuf_alloc_reference
                0x602101d4       0x58 ./lwip/src/core/pbuf.o
                0x602101d4                pbuf_alloc_reference
 .text.pbuf_realloc
                0x6021022c       0xe4 ./lwip/src/core/pbuf.o
                0x6021022c                pbuf_realloc
 .text.pbuf_add_header_impl
                0x60210310       0xc0 ./lwip/src/core/pbuf.o
 .text.pbuf_remove_header
                0x602103d0       0x8c ./lwip/src/core/pbuf.o
                0x602103d0                pbuf_remove_header
 .text.pbuf_free
                0x6021045c       0xc8 ./lwip/src/core/pbuf.o
                0x6021045c                pbuf_free
 .text.pbuf_ref
                0x60210524       0x40 ./lwip/src/core/pbuf.o
                0x60210524                pbuf_ref
 .text.pbuf_cat
                0x60210564       0x8c ./lwip/src/core/pbuf.o
                0x60210564                pbuf_cat
 .text.pbuf_copy
                0x602105f0      0x16c ./lwip/src/core/pbuf.o
                0x602105f0                pbuf_copy
 .text.pbuf_copy_partial
                0x6021075c       0xcc ./lwip/src/core/pbuf.o
                0x6021075c                pbuf_copy_partial
 .text.pbuf_take
                0x60210828       0xf4 ./lwip/src/core/pbuf.o
                0x60210828                pbuf_take
 .text.pbuf_take_at
                0x6021091c       0xc4 ./lwip/src/core/pbuf.o
                0x6021091c                pbuf_take_at
 .text.pbuf_clone
                0x602109e0       0x54 ./lwip/src/core/pbuf.o
                0x602109e0                pbuf_clone
 .text.stats_init
                0x60210a34       0x20 ./lwip/src/core/stats.o
                0x60210a34                stats_init
 .text.tcp_init
                0x60210a54       0x24 ./lwip/src/core/tcp.o
                0x60210a54                tcp_init
 .text.tcp_free
                0x60210a78       0x2c ./lwip/src/core/tcp.o
                0x60210a78                tcp_free
 .text.tcp_free_listen
                0x60210aa4       0x2c ./lwip/src/core/tcp.o
 .text.tcp_tmr  0x60210ad0       0x2c ./lwip/src/core/tcp.o
                0x60210ad0                tcp_tmr
 .text.tcp_remove_listener
                0x60210afc       0x44 ./lwip/src/core/tcp.o
 .text.tcp_listen_closed
                0x60210b40       0x5c ./lwip/src/core/tcp.o
 .text.tcp_backlog_delayed
                0x60210b9c       0x64 ./lwip/src/core/tcp.o
                0x60210b9c                tcp_backlog_delayed
 .text.tcp_backlog_accepted
                0x60210c00       0x64 ./lwip/src/core/tcp.o
                0x60210c00                tcp_backlog_accepted
 .text.tcp_close_shutdown
                0x60210c64      0x1a8 ./lwip/src/core/tcp.o
 .text.tcp_close_shutdown_fin
                0x60210e0c       0xc4 ./lwip/src/core/tcp.o
 .text.tcp_close
                0x60210ed0       0x48 ./lwip/src/core/tcp.o
                0x60210ed0                tcp_close
 .text.tcp_shutdown
                0x60210f18       0xa4 ./lwip/src/core/tcp.o
                0x60210f18                tcp_shutdown
 .text.tcp_abandon
                0x60210fbc      0x168 ./lwip/src/core/tcp.o
                0x60210fbc                tcp_abandon
 .text.tcp_bind
                0x60211124      0x118 ./lwip/src/core/tcp.o
                0x60211124                tcp_bind
 .text.tcp_accept_null
                0x6021123c       0x30 ./lwip/src/core/tcp.o
 .text.tcp_listen_with_backlog_and_err
                0x6021126c      0x164 ./lwip/src/core/tcp.o
                0x6021126c                tcp_listen_with_backlog_and_err
 .text.tcp_update_rcv_ann_wnd
                0x602113d0       0x9c ./lwip/src/core/tcp.o
                0x602113d0                tcp_update_rcv_ann_wnd
 .text.tcp_recved
                0x6021146c       0x8c ./lwip/src/core/tcp.o
                0x6021146c                tcp_recved
 .text.tcp_new_port
                0x602114f8       0x8c ./lwip/src/core/tcp.o
 .text.tcp_slowtmr
                0x60211584      0x614 ./lwip/src/core/tcp.o
                0x60211584                tcp_slowtmr
 .text.tcp_fasttmr
                0x60211b98       0xc8 ./lwip/src/core/tcp.o
                0x60211b98                tcp_fasttmr
 .text.tcp_process_refused_data
                0x60211c60       0xec ./lwip/src/core/tcp.o
                0x60211c60                tcp_process_refused_data
 .text.tcp_seg_copy
                0x60211d4c       0x48 ./lwip/src/core/tcp.o
                0x60211d4c                tcp_seg_copy
 .text.tcp_recv_null
                0x60211d94       0x5c ./lwip/src/core/tcp.o
                0x60211d94                tcp_recv_null
 .text.tcp_kill_prio
                0x60211df0       0x9c ./lwip/src/core/tcp.o
 .text.tcp_kill_state
                0x60211e8c       0x84 ./lwip/src/core/tcp.o
 .text.tcp_kill_timewait
                0x60211f10       0x60 ./lwip/src/core/tcp.o
 .text.tcp_handle_closepend
                0x60211f70       0x4c ./lwip/src/core/tcp.o
 .text.tcp_alloc
                0x60211fbc      0x15c ./lwip/src/core/tcp.o
                0x60211fbc                tcp_alloc
 .text.tcp_recv
                0x60212118       0x34 ./lwip/src/core/tcp.o
                0x60212118                tcp_recv
 .text.tcp_sent
                0x6021214c       0x34 ./lwip/src/core/tcp.o
                0x6021214c                tcp_sent
 .text.tcp_err  0x60212180       0x34 ./lwip/src/core/tcp.o
                0x60212180                tcp_err
 .text.tcp_poll
                0x602121b4       0x48 ./lwip/src/core/tcp.o
                0x602121b4                tcp_poll
 .text.tcp_pcb_purge
                0x602121fc       0x98 ./lwip/src/core/tcp.o
                0x602121fc                tcp_pcb_purge
 .text.tcp_pcb_remove
                0x60212294       0xf8 ./lwip/src/core/tcp.o
                0x60212294                tcp_pcb_remove
 .text.tcp_next_iss
                0x6021238c       0x3c ./lwip/src/core/tcp.o
                0x6021238c                tcp_next_iss
 .text.tcp_eff_send_mss_netif
                0x602123c8       0x64 ./lwip/src/core/tcp.o
                0x602123c8                tcp_eff_send_mss_netif
 .text.tcp_netif_ip_addr_changed_pcblist
                0x6021242c       0x54 ./lwip/src/core/tcp.o
 .text.tcp_netif_ip_addr_changed
                0x60212480       0x7c ./lwip/src/core/tcp.o
                0x60212480                tcp_netif_ip_addr_changed
 .text.tcp_input
                0x602124fc      0x894 ./lwip/src/core/tcp_in.o
                0x602124fc                tcp_input
 .text.tcp_input_delayed_close
                0x60212d90       0x70 ./lwip/src/core/tcp_in.o
 .text.tcp_listen_input
                0x60212e00      0x22c ./lwip/src/core/tcp_in.o
 .text.tcp_timewait_input
                0x6021302c       0xe8 ./lwip/src/core/tcp_in.o
 .text.tcp_process
                0x60213114      0x7ac ./lwip/src/core/tcp_in.o
 .text.tcp_oos_insert_segment
                0x602138c0      0x100 ./lwip/src/core/tcp_in.o
 .text.tcp_free_acked_segments
                0x602139c0       0xe0 ./lwip/src/core/tcp_in.o
 .text.tcp_receive
                0x60213aa0      0xeb0 ./lwip/src/core/tcp_in.o
 .text.tcp_get_next_optbyte
                0x60214950       0x6c ./lwip/src/core/tcp_in.o
 .text.tcp_parseopt
                0x602149bc       0xd8 ./lwip/src/core/tcp_in.o
 .text.tcp_trigger_input_pcb_close
                0x60214a94       0x20 ./lwip/src/core/tcp_in.o
                0x60214a94                tcp_trigger_input_pcb_close
 .text.tcp_create_segment
                0x60214ab4      0x13c ./lwip/src/core/tcp_out.o
 .text.tcp_pbuf_prealloc
                0x60214bf0       0x90 ./lwip/src/core/tcp_out.o
 .text.tcp_write_checks
                0x60214c80       0xe8 ./lwip/src/core/tcp_out.o
 .text.tcp_write
                0x60214d68      0x5b4 ./lwip/src/core/tcp_out.o
                0x60214d68                tcp_write
 .text.tcp_split_unsent_seg
                0x6021531c      0x27c ./lwip/src/core/tcp_out.o
                0x6021531c                tcp_split_unsent_seg
 .text.tcp_send_fin
                0x60215598       0x90 ./lwip/src/core/tcp_out.o
                0x60215598                tcp_send_fin
 .text.tcp_enqueue_flags
                0x60215628      0x1c8 ./lwip/src/core/tcp_out.o
                0x60215628                tcp_enqueue_flags
 .text.tcp_output
                0x602157f0      0x3d8 ./lwip/src/core/tcp_out.o
                0x602157f0                tcp_output
 .text.tcp_output_segment_busy
                0x60215bc8       0x30 ./lwip/src/core/tcp_out.o
 .text.tcp_output_segment
                0x60215bf8      0x1d0 ./lwip/src/core/tcp_out.o
 .text.tcp_rexmit_rto_prepare
                0x60215dc8       0xe4 ./lwip/src/core/tcp_out.o
                0x60215dc8                tcp_rexmit_rto_prepare
 .text.tcp_rexmit_rto_commit
                0x60215eac       0x40 ./lwip/src/core/tcp_out.o
                0x60215eac                tcp_rexmit_rto_commit
 .text.tcp_rexmit_rto
                0x60215eec       0x34 ./lwip/src/core/tcp_out.o
                0x60215eec                tcp_rexmit_rto
 .text.tcp_rexmit
                0x60215f20       0xc8 ./lwip/src/core/tcp_out.o
                0x60215f20                tcp_rexmit
 .text.tcp_rexmit_fast
                0x60215fe8       0xc8 ./lwip/src/core/tcp_out.o
                0x60215fe8                tcp_rexmit_fast
 .text.tcp_output_alloc_header_common
                0x602160b0       0xd8 ./lwip/src/core/tcp_out.o
 .text.tcp_output_alloc_header
                0x60216188       0x6c ./lwip/src/core/tcp_out.o
 .text.tcp_output_fill_options
                0x602161f4       0x68 ./lwip/src/core/tcp_out.o
 .text.tcp_output_control_segment
                0x6021625c       0xb8 ./lwip/src/core/tcp_out.o
 .text.tcp_rst  0x60216314       0x8c ./lwip/src/core/tcp_out.o
                0x60216314                tcp_rst
 .text.tcp_send_empty_ack
                0x602163a0       0xb4 ./lwip/src/core/tcp_out.o
                0x602163a0                tcp_send_empty_ack
 .text.tcp_keepalive
                0x60216454       0x70 ./lwip/src/core/tcp_out.o
                0x60216454                tcp_keepalive
 .text.tcp_zero_window_probe
                0x602164c4      0x144 ./lwip/src/core/tcp_out.o
                0x602164c4                tcp_zero_window_probe
 .text.tcpip_tcp_timer
                0x60216608       0x48 ./lwip/src/core/timeouts.o
 .text.tcp_timer_needed
                0x60216650       0x40 ./lwip/src/core/timeouts.o
                0x60216650                tcp_timer_needed
 .text.sys_timeout_abs
                0x60216690       0xd0 ./lwip/src/core/timeouts.o
 .text.lwip_cyclic_timer
                0x60216760       0x64 ./lwip/src/core/timeouts.o
 .text.sys_timeouts_init
                0x602167c4       0x40 ./lwip/src/core/timeouts.o
                0x602167c4                sys_timeouts_init
 .text.sys_timeout
                0x60216804       0x3c ./lwip/src/core/timeouts.o
                0x60216804                sys_timeout
 .text.sys_check_timeouts
                0x60216840       0x74 ./lwip/src/core/timeouts.o
                0x60216840                sys_check_timeouts
 .text.sys_timeouts_sleeptime
                0x602168b4       0x60 ./lwip/src/core/timeouts.o
                0x602168b4                sys_timeouts_sleeptime
 .text.udp_init
                0x60216914       0x24 ./lwip/src/core/udp.o
                0x60216914                udp_init
 .text.udp_new_port
                0x60216938       0x70 ./lwip/src/core/udp.o
 .text.udp_input_local_match
                0x602169a8       0xb4 ./lwip/src/core/udp.o
 .text.udp_input
                0x60216a5c      0x2d4 ./lwip/src/core/udp.o
                0x60216a5c                udp_input
 .text.udp_send
                0x60216d30       0x50 ./lwip/src/core/udp.o
                0x60216d30                udp_send
 .text.udp_sendto
                0x60216d80       0xb4 ./lwip/src/core/udp.o
                0x60216d80                udp_sendto
 .text.udp_sendto_if
                0x60216e34       0xcc ./lwip/src/core/udp.o
                0x60216e34                udp_sendto_if
 .text.udp_sendto_if_src
                0x60216f00      0x1dc ./lwip/src/core/udp.o
                0x60216f00                udp_sendto_if_src
 .text.udp_bind
                0x602170dc      0x100 ./lwip/src/core/udp.o
                0x602170dc                udp_bind
 .text.udp_connect
                0x602171dc       0xc4 ./lwip/src/core/udp.o
                0x602171dc                udp_connect
 .text.udp_recv
                0x602172a0       0x30 ./lwip/src/core/udp.o
                0x602172a0                udp_recv
 .text.udp_remove
                0x602172d0       0x74 ./lwip/src/core/udp.o
                0x602172d0                udp_remove
 .text.udp_netif_ip_addr_changed
                0x60217344       0x60 ./lwip/src/core/udp.o
                0x60217344                udp_netif_ip_addr_changed
 .text.netconn_new_with_proto_and_callback
                0x602173a4       0xbc ./lwip/src/api/api_lib.o
                0x602173a4                netconn_new_with_proto_and_callback
 .text.netconn_prepare_delete
                0x60217460       0x48 ./lwip/src/api/api_lib.o
                0x60217460                netconn_prepare_delete
 .text.netconn_bind
                0x602174a8       0x60 ./lwip/src/api/api_lib.o
                0x602174a8                netconn_bind
 .text.netconn_listen_with_backlog
                0x60217508       0x4c ./lwip/src/api/api_lib.o
                0x60217508                netconn_listen_with_backlog
 .text.netconn_accept
                0x60217554      0x124 ./lwip/src/api/api_lib.o
                0x60217554                netconn_accept
 .text.netconn_recv_data
                0x60217678      0x180 ./lwip/src/api/api_lib.o
 .text.netconn_tcp_recvd_msg
                0x602177f8       0x50 ./lwip/src/api/api_lib.o
 .text.netconn_recv
                0x60217848       0xd4 ./lwip/src/api/api_lib.o
                0x60217848                netconn_recv
 .text.netconn_send
                0x6021791c       0x4c ./lwip/src/api/api_lib.o
                0x6021791c                netconn_send
 .text.netconn_write_vectors_partly
                0x60217968      0x150 ./lwip/src/api/api_lib.o
                0x60217968                netconn_write_vectors_partly
 .text.netconn_close_shutdown
                0x60217ab8       0x50 ./lwip/src/api/api_lib.o
 .text.lwip_netconn_err_to_msg
                0x60217b08       0x58 ./lwip/src/api/api_msg.o
 .text.lwip_netconn_is_err_msg
                0x60217b60       0x68 ./lwip/src/api/api_msg.o
                0x60217b60                lwip_netconn_is_err_msg
 .text.recv_udp
                0x60217bc8       0xd8 ./lwip/src/api/api_msg.o
 .text.recv_tcp
                0x60217ca0       0xdc ./lwip/src/api/api_msg.o
 .text.poll_tcp
                0x60217d7c       0xc0 ./lwip/src/api/api_msg.o
 .text.sent_tcp
                0x60217e3c       0xa0 ./lwip/src/api/api_msg.o
 .text.err_tcp  0x60217edc      0x178 ./lwip/src/api/api_msg.o
 .text.setup_tcp
                0x60218054       0x50 ./lwip/src/api/api_msg.o
 .text.accept_function
                0x602180a4      0x160 ./lwip/src/api/api_msg.o
 .text.pcb_new  0x60218204       0xc4 ./lwip/src/api/api_msg.o
 .text.netconn_alloc
                0x602182c8       0xd0 ./lwip/src/api/api_msg.o
                0x602182c8                netconn_alloc
 .text.netconn_free
                0x60218398       0x60 ./lwip/src/api/api_msg.o
                0x60218398                netconn_free
 .text.lwip_netconn_do_close_internal
                0x602183f8      0x28c ./lwip/src/api/api_msg.o
 .text.lwip_netconn_do_delconn
                0x60218684      0x190 ./lwip/src/api/api_msg.o
                0x60218684                lwip_netconn_do_delconn
 .text.lwip_netconn_do_listen
                0x60218814      0x150 ./lwip/src/api/api_msg.o
                0x60218814                lwip_netconn_do_listen
 .text.lwip_netconn_do_writemore
                0x60218964      0x364 ./lwip/src/api/api_msg.o
 .text.lwip_netconn_do_write
                0x60218cc8       0xf0 ./lwip/src/api/api_msg.o
                0x60218cc8                lwip_netconn_do_write
 .text.lwip_netconn_do_close
                0x60218db8       0xf8 ./lwip/src/api/api_msg.o
                0x60218db8                lwip_netconn_do_close
 .text.netbuf_alloc
                0x60218eb0       0x80 ./lwip/src/api/netbuf.o
                0x60218eb0                netbuf_alloc
 .text.tcpip_timeouts_mbox_fetch
                0x60218f30       0x6c ./lwip/src/api/tcpip.o
 .text.tcpip_thread
                0x60218f9c       0x5c ./lwip/src/api/tcpip.o
 .text.tcpip_thread_handle_msg
                0x60218ff8       0x7c ./lwip/src/api/tcpip.o
 .text.tcpip_inpkt
                0x60219074       0x74 ./lwip/src/api/tcpip.o
                0x60219074                tcpip_inpkt
 .text.tcpip_input
                0x602190e8       0x44 ./lwip/src/api/tcpip.o
                0x602190e8                tcpip_input
 .text.tcpip_try_callback
                0x6021912c       0x6c ./lwip/src/api/tcpip.o
                0x6021912c                tcpip_try_callback
 .text.tcpip_send_msg_wait_sem
                0x60219198       0x2c ./lwip/src/api/tcpip.o
                0x60219198                tcpip_send_msg_wait_sem
 .text.tcpip_init
                0x602191c4       0x90 ./lwip/src/api/tcpip.o
                0x602191c4                tcpip_init
 .text.sys_assert
                0x60219254       0x20 ./lwip/port/sys_arch.o
                0x60219254                sys_assert
 .text.lwip_rand
                0x60219274       0x34 ./lwip/port/sys_arch.o
                0x60219274                lwip_rand
 .text.sys_mbox_new
                0x602192a8       0x68 ./lwip/port/sys_arch.o
                0x602192a8                sys_mbox_new
 .text.sys_mbox_free
                0x60219310       0x6c ./lwip/port/sys_arch.o
                0x60219310                sys_mbox_free
 .text.sys_mbox_trypost
                0x6021937c       0xa4 ./lwip/port/sys_arch.o
                0x6021937c                sys_mbox_trypost
 .text.sys_sem_new
                0x60219420       0xbc ./lwip/port/sys_arch.o
                0x60219420                sys_sem_new
 .text.sys_mutex_new
                0x602194dc       0x74 ./lwip/port/sys_arch.o
                0x602194dc                sys_mutex_new
 .text.sys_sem_free
                0x60219550       0x30 ./lwip/port/sys_arch.o
                0x60219550                sys_sem_free
 .text.CLOCK_GetOscFreq
                0x60219580       0x30 ./drivers/fsl_clock.o
 .text.CLOCK_GetPeriphClkFreq
                0x602195b0       0xe0 ./drivers/fsl_clock.o
 .text.CLOCK_GetAhbFreq
                0x60219690       0x24 ./drivers/fsl_clock.o
                0x60219690                CLOCK_GetAhbFreq
 .text.CLOCK_GetSemcFreq
                0x602196b4       0x5c ./drivers/fsl_clock.o
                0x602196b4                CLOCK_GetSemcFreq
 .text.CLOCK_GetIpgFreq
                0x60219710       0x24 ./drivers/fsl_clock.o
                0x60219710                CLOCK_GetIpgFreq
 .text.CLOCK_GetPerClkFreq
                0x60219734       0x44 ./drivers/fsl_clock.o
                0x60219734                CLOCK_GetPerClkFreq
 .text.CLOCK_GetFreq
                0x60219778      0x184 ./drivers/fsl_clock.o
                0x60219778                CLOCK_GetFreq
 .text.CLOCK_EnableUsbhs0Clock
                0x602198fc       0x7c ./drivers/fsl_clock.o
                0x602198fc                CLOCK_EnableUsbhs0Clock
 .text.CLOCK_EnableUsbhs0PhyPllClock
                0x60219978       0x70 ./drivers/fsl_clock.o
                0x60219978                CLOCK_EnableUsbhs0PhyPllClock
 .text.CLOCK_InitArmPll
                0x602199e8       0x68 ./drivers/fsl_clock.o
                0x602199e8                CLOCK_InitArmPll
 .text.CLOCK_InitSysPll
                0x60219a50       0x9c ./drivers/fsl_clock.o
                0x60219a50                CLOCK_InitSysPll
 .text.CLOCK_InitUsb1Pll
                0x60219aec       0x68 ./drivers/fsl_clock.o
                0x60219aec                CLOCK_InitUsb1Pll
 .text.CLOCK_InitAudioPll
                0x60219b54      0x12c ./drivers/fsl_clock.o
                0x60219b54                CLOCK_InitAudioPll
 .text.CLOCK_GetPllFreq
                0x60219c80      0x320 ./drivers/fsl_clock.o
                0x60219c80                CLOCK_GetPllFreq
 .text.CLOCK_InitSysPfd
                0x60219fa0       0x64 ./drivers/fsl_clock.o
                0x60219fa0                CLOCK_InitSysPfd
 .text.CLOCK_GetSysPfdFreq
                0x6021a004       0xac ./drivers/fsl_clock.o
                0x6021a004                CLOCK_GetSysPfdFreq
 .text.CLOCK_GetUsb1PfdFreq
                0x6021a0b0       0xac ./drivers/fsl_clock.o
                0x6021a0b0                CLOCK_GetUsb1PfdFreq
 .text.CLOCK_ControlGate
                0x6021a15c       0x64 ./drivers/fsl_dmamux.o
 .text.DMAMUX_GetInstance
                0x6021a1c0       0x44 ./drivers/fsl_dmamux.o
 .text.__NVIC_EnableIRQ
                0x6021a204       0x3c ./drivers/fsl_edma.o
 .text.CLOCK_ControlGate
                0x6021a240       0x64 ./drivers/fsl_edma.o
 .text.EDMA_GetInstance
                0x6021a2a4       0x44 ./drivers/fsl_edma.o
 .text.EDMA_InstallTCD
                0x6021a2e8      0x148 ./drivers/fsl_edma.o
                0x6021a2e8                EDMA_InstallTCD
 .text.EDMA_Init
                0x6021a430       0x94 ./drivers/fsl_edma.o
                0x6021a430                EDMA_Init
 .text.EDMA_GetDefaultConfig
                0x6021a4c4       0x44 ./drivers/fsl_edma.o
                0x6021a4c4                EDMA_GetDefaultConfig
 .text.EDMA_SetTransferConfig
                0x6021a508       0x60 ./drivers/fsl_edma.o
                0x6021a508                EDMA_SetTransferConfig
 .text.EDMA_TcdReset
                0x6021a568       0x78 ./drivers/fsl_edma.o
                0x6021a568                EDMA_TcdReset
 .text.EDMA_TcdSetTransferConfig
                0x6021a5e0       0xe8 ./drivers/fsl_edma.o
                0x6021a5e0                EDMA_TcdSetTransferConfig
 .text.EDMA_GetChannelStatusFlags
                0x6021a6c8       0x74 ./drivers/fsl_edma.o
                0x6021a6c8                EDMA_GetChannelStatusFlags
 .text.Get_StartInstance
                0x6021a73c       0x24 ./drivers/fsl_edma.o
 .text.EDMA_CreateHandle
                0x6021a760       0xe4 ./drivers/fsl_edma.o
                0x6021a760                EDMA_CreateHandle
 .text.EDMA_InstallTCDMemory
                0x6021a844       0x60 ./drivers/fsl_edma.o
                0x6021a844                EDMA_InstallTCDMemory
 .text.EDMA_SetCallback
                0x6021a8a4       0x30 ./drivers/fsl_edma.o
                0x6021a8a4                EDMA_SetCallback
 .text.EDMA_PrepareTransfer
                0x6021a8d4      0x294 ./drivers/fsl_edma.o
                0x6021a8d4                EDMA_PrepareTransfer
 .text.EDMA_SubmitTransfer
                0x6021ab68      0x2c4 ./drivers/fsl_edma.o
                0x6021ab68                EDMA_SubmitTransfer
 .text.EDMA_StartTransfer
                0x6021ae2c       0xac ./drivers/fsl_edma.o
                0x6021ae2c                EDMA_StartTransfer
 .text.EDMA_HandleIRQ
                0x6021aed8      0x154 ./drivers/fsl_edma.o
                0x6021aed8                EDMA_HandleIRQ
 .text.DMA2_DMA18_DriverIRQHandler
                0x6021b02c       0x48 ./drivers/fsl_edma.o
                0x6021b02c                DMA2_DMA18_DriverIRQHandler
 .text.DMA3_DMA19_DriverIRQHandler
                0x6021b074       0x48 ./drivers/fsl_edma.o
                0x6021b074                DMA3_DMA19_DriverIRQHandler
 .text.DMA4_DMA20_DriverIRQHandler
                0x6021b0bc       0x48 ./drivers/fsl_edma.o
                0x6021b0bc                DMA4_DMA20_DriverIRQHandler
 .text.DMA5_DMA21_DriverIRQHandler
                0x6021b104       0x48 ./drivers/fsl_edma.o
                0x6021b104                DMA5_DMA21_DriverIRQHandler
 .text.DMA6_DMA22_DriverIRQHandler
                0x6021b14c       0x48 ./drivers/fsl_edma.o
                0x6021b14c                DMA6_DMA22_DriverIRQHandler
 .text.DMA7_DMA23_DriverIRQHandler
                0x6021b194       0x48 ./drivers/fsl_edma.o
                0x6021b194                DMA7_DMA23_DriverIRQHandler
 .text.DMA8_DMA24_DriverIRQHandler
                0x6021b1dc       0x48 ./drivers/fsl_edma.o
                0x6021b1dc                DMA8_DMA24_DriverIRQHandler
 .text.DMA9_DMA25_DriverIRQHandler
                0x6021b224       0x48 ./drivers/fsl_edma.o
                0x6021b224                DMA9_DMA25_DriverIRQHandler
 .text.DMA10_DMA26_DriverIRQHandler
                0x6021b26c       0x48 ./drivers/fsl_edma.o
                0x6021b26c                DMA10_DMA26_DriverIRQHandler
 .text.DMA11_DMA27_DriverIRQHandler
                0x6021b2b4       0x48 ./drivers/fsl_edma.o
                0x6021b2b4                DMA11_DMA27_DriverIRQHandler
 .text.DMA12_DMA28_DriverIRQHandler
                0x6021b2fc       0x48 ./drivers/fsl_edma.o
                0x6021b2fc                DMA12_DMA28_DriverIRQHandler
 .text.DMA13_DMA29_DriverIRQHandler
                0x6021b344       0x48 ./drivers/fsl_edma.o
                0x6021b344                DMA13_DMA29_DriverIRQHandler
 .text.DMA14_DMA30_DriverIRQHandler
                0x6021b38c       0x48 ./drivers/fsl_edma.o
                0x6021b38c                DMA14_DMA30_DriverIRQHandler
 .text.DMA15_DMA31_DriverIRQHandler
                0x6021b3d4       0x48 ./drivers/fsl_edma.o
                0x6021b3d4                DMA15_DMA31_DriverIRQHandler
 .text.ENET_GetInstance
                0x6021b41c       0x4c ./drivers/fsl_enet.o
                0x6021b41c                ENET_GetInstance
 .text.ENET_CommonFrame0IRQHandler
                0x6021b468       0xa8 ./drivers/fsl_enet.o
                0x6021b468                ENET_CommonFrame0IRQHandler
 .text.ENET_1588_Timer_IRQHandler
                0x6021b510       0x24 ./drivers/fsl_enet.o
                0x6021b510                ENET_1588_Timer_IRQHandler
 .text.ENET_DriverIRQHandler
                0x6021b534       0x14 ./drivers/fsl_enet.o
                0x6021b534                ENET_DriverIRQHandler
 .text.ENET2_DriverIRQHandler
                0x6021b548       0x14 ./drivers/fsl_enet.o
                0x6021b548                ENET2_DriverIRQHandler
 .text.FLEXRAM_SetAllocateRamSrc
                0x6021b55c       0x38 ./drivers/fsl_flexram.o
 .text.FLEXRAM_SetTCMSize
                0x6021b594       0xac ./drivers/fsl_flexram.o
 .text.FLEXRAM_AllocateRam
                0x6021b640       0xcc ./drivers/fsl_flexram.o
                0x6021b640                FLEXRAM_AllocateRam
 .text.__NVIC_EnableIRQ
                0x6021b70c       0x3c ./drivers/fsl_flexspi.o
 .text.CLOCK_ControlGate
                0x6021b748       0x64 ./drivers/fsl_flexspi.o
 .text.CLOCK_ControlGate
                0x6021b7ac       0x64 ./drivers/fsl_gpio.o
 .text.GPIO_GetInstance
                0x6021b810       0x4c ./drivers/fsl_gpio.o
 .text.GPIO_PinInit
                0x6021b85c       0x8c ./drivers/fsl_gpio.o
                0x6021b85c                GPIO_PinInit
 .text.GPIO_PinWrite
                0x6021b8e8       0x54 ./drivers/fsl_gpio.o
                0x6021b8e8                GPIO_PinWrite
 .text.GPIO_PinSetInterruptConfig
                0x6021b93c       0xfc ./drivers/fsl_gpio.o
                0x6021b93c                GPIO_PinSetInterruptConfig
 .text.CLOCK_ControlGate
                0x6021ba38       0x64 ./drivers/fsl_gpt.o
 .text.GPT_SetClockDivider
                0x6021ba9c       0x40 ./drivers/fsl_gpt.o
 .text.GPT_GetInstance
                0x6021badc       0x4c ./drivers/fsl_gpt.o
 .text.GPT_Init
                0x6021bb28       0xc4 ./drivers/fsl_gpt.o
                0x6021bb28                GPT_Init
 .text.GPT_GetDefaultConfig
                0x6021bbec       0x5c ./drivers/fsl_gpt.o
                0x6021bbec                GPT_GetDefaultConfig
 .text.__NVIC_EnableIRQ
                0x6021bc48       0x3c ./drivers/fsl_lpi2c.o
 .text.CLOCK_ControlGate
                0x6021bc84       0x64 ./drivers/fsl_lpi2c.o
 .text.LPI2C_GetInstance
                0x6021bce8       0x44 ./drivers/fsl_lpi2c.o
                0x6021bce8                LPI2C_GetInstance
 .text.LPI2C_GetCyclesForWidth
                0x6021bd2c       0x9c ./drivers/fsl_lpi2c.o
 .text.LPI2C_MasterCheckAndClearError
                0x6021bdc8       0x8c ./drivers/fsl_lpi2c.o
                0x6021bdc8                LPI2C_MasterCheckAndClearError
 .text.LPI2C_MasterGetDefaultConfig
                0x6021be54       0x6c ./drivers/fsl_lpi2c.o
                0x6021be54                LPI2C_MasterGetDefaultConfig
 .text.LPI2C_MasterInit
                0x6021bec0      0x1cc ./drivers/fsl_lpi2c.o
                0x6021bec0                LPI2C_MasterInit
 .text.LPI2C_MasterSetBaudRate
                0x6021c08c      0x178 ./drivers/fsl_lpi2c.o
                0x6021c08c                LPI2C_MasterSetBaudRate
 .text.LPI2C_MasterReceive
                0x6021c204       0x98 ./drivers/fsl_lpi2c.o
                0x6021c204                LPI2C_MasterReceive
 .text.LPI2C_MasterSend
                0x6021c29c       0x54 ./drivers/fsl_lpi2c.o
                0x6021c29c                LPI2C_MasterSend
 .text.LPI2C_MasterTransferBlocking
                0x6021c2f0      0x1c4 ./drivers/fsl_lpi2c.o
                0x6021c2f0                LPI2C_MasterTransferBlocking
 .text.LPI2C_MasterTransferCreateHandle
                0x6021c4b4       0x7c ./drivers/fsl_lpi2c.o
                0x6021c4b4                LPI2C_MasterTransferCreateHandle
 .text.LPI2C_RunTransferStateMachine
                0x6021c530      0x220 ./drivers/fsl_lpi2c.o
 .text.LPI2C_CommonIRQHandler
                0x6021c750       0x70 ./drivers/fsl_lpi2c.o
 .text.LPI2C1_DriverIRQHandler
                0x6021c7c0       0x14 ./drivers/fsl_lpi2c.o
                0x6021c7c0                LPI2C1_DriverIRQHandler
 .text.LPI2C2_DriverIRQHandler
                0x6021c7d4       0x14 ./drivers/fsl_lpi2c.o
                0x6021c7d4                LPI2C2_DriverIRQHandler
 .text.LPI2C3_DriverIRQHandler
                0x6021c7e8       0x14 ./drivers/fsl_lpi2c.o
                0x6021c7e8                LPI2C3_DriverIRQHandler
 .text.LPI2C4_DriverIRQHandler
                0x6021c7fc       0x14 ./drivers/fsl_lpi2c.o
                0x6021c7fc                LPI2C4_DriverIRQHandler
 .text.CLOCK_ControlGate
                0x6021c810       0x64 ./drivers/fsl_lpuart.o
 .text.LPUART_GetInstance
                0x6021c874       0x4c ./drivers/fsl_lpuart.o
                0x6021c874                LPUART_GetInstance
 .text.LPUART_Init
                0x6021c8c0      0x304 ./drivers/fsl_lpuart.o
                0x6021c8c0                LPUART_Init
 .text.LPUART_GetDefaultConfig
                0x6021cbc4       0x88 ./drivers/fsl_lpuart.o
                0x6021cbc4                LPUART_GetDefaultConfig
 .text.LPUART_GetEnabledInterrupts
                0x6021cc4c       0x44 ./drivers/fsl_lpuart.o
                0x6021cc4c                LPUART_GetEnabledInterrupts
 .text.LPUART_ClearStatusFlags
                0x6021cc90       0xa4 ./drivers/fsl_lpuart.o
                0x6021cc90                LPUART_ClearStatusFlags
 .text.CLOCK_ControlGate
                0x6021cd34       0x64 ./drivers/fsl_pwm.o
 .text.PWM_GetInstance
                0x6021cd98       0x4c ./drivers/fsl_pwm.o
 .text.PWM_Init
                0x6021cde4      0x2b0 ./drivers/fsl_pwm.o
                0x6021cde4                PWM_Init
 .text.PWM_GetDefaultConfig
                0x6021d094       0x74 ./drivers/fsl_pwm.o
                0x6021d094                PWM_GetDefaultConfig
 .text.PWM_SetupPwm
                0x6021d108      0x4f0 ./drivers/fsl_pwm.o
                0x6021d108                PWM_SetupPwm
 .text.PWM_UpdatePwmDutycycle
                0x6021d5f8      0x310 ./drivers/fsl_pwm.o
                0x6021d5f8                PWM_UpdatePwmDutycycle
 .text.CLOCK_ControlGate
                0x6021d908       0x64 ./drivers/fsl_sai.o
 .text.SAI_GetInstance
                0x6021d96c       0x4c ./drivers/fsl_sai.o
 .text.SAI_TxInit
                0x6021d9b8      0x208 ./drivers/fsl_sai.o
                0x6021d9b8                SAI_TxInit
 .text.SAI_RxInit
                0x6021dbc0      0x258 ./drivers/fsl_sai.o
                0x6021dbc0                SAI_RxInit
 .text.SAI_TxEnable
                0x6021de18       0x78 ./drivers/fsl_sai.o
                0x6021de18                SAI_TxEnable
 .text.SAI_RxEnable
                0x6021de90       0x7c ./drivers/fsl_sai.o
                0x6021de90                SAI_RxEnable
 .text.SAI1_DriverIRQHandler
                0x6021df0c       0xac ./drivers/fsl_sai.o
                0x6021df0c                SAI1_DriverIRQHandler
 .text.SAI2_DriverIRQHandler
                0x6021dfb8       0xac ./drivers/fsl_sai.o
                0x6021dfb8                SAI2_DriverIRQHandler
 .text.SAI_GetInstance
                0x6021e064       0x4c ./drivers/fsl_sai_edma.o
 .text.SAI_TransferTxCreateHandleEDMA
                0x6021e0b0       0xa0 ./drivers/fsl_sai_edma.o
                0x6021e0b0                SAI_TransferTxCreateHandleEDMA
 .text.SAI_TransferRxCreateHandleEDMA
                0x6021e150       0xa4 ./drivers/fsl_sai_edma.o
                0x6021e150                SAI_TransferRxCreateHandleEDMA
 .text.SAI_TransferTxSetFormatEDMA
                0x6021e1f4       0x78 ./drivers/fsl_sai_edma.o
                0x6021e1f4                SAI_TransferTxSetFormatEDMA
 .text.SAI_TransferRxSetFormatEDMA
                0x6021e26c       0x74 ./drivers/fsl_sai_edma.o
                0x6021e26c                SAI_TransferRxSetFormatEDMA
 .text.SAI_TransferSendEDMA
                0x6021e2e0      0x184 ./drivers/fsl_sai_edma.o
                0x6021e2e0                SAI_TransferSendEDMA
 .text.SAI_TransferReceiveEDMA
                0x6021e464      0x188 ./drivers/fsl_sai_edma.o
                0x6021e464                SAI_TransferReceiveEDMA
 .text.__NVIC_EnableIRQ
                0x6021e5ec       0x3c ./drivers/fsl_usdhc_uvoice.o
 .text.__NVIC_DisableIRQ
                0x6021e628       0x44 ./drivers/fsl_usdhc_uvoice.o
 .text.CLOCK_ControlGate
                0x6021e66c       0x64 ./drivers/fsl_usdhc_uvoice.o
 .text.USDHC_GetInstance
                0x6021e6d0       0x48 ./drivers/fsl_usdhc_uvoice.o
 .text.USDHC_SetTransferInterrupt
                0x6021e718       0x60 ./drivers/fsl_usdhc_uvoice.o
 .text.USDHC_SendCommand
                0x6021e778       0xf8 ./drivers/fsl_usdhc_uvoice.o
                0x6021e778                USDHC_SendCommand
 .text.USDHC_Init
                0x6021e870      0x12c ./drivers/fsl_usdhc_uvoice.o
                0x6021e870                USDHC_Init
 .text.USDHC_GetCapability
                0x6021e99c       0x8c ./drivers/fsl_usdhc_uvoice.o
                0x6021e99c                USDHC_GetCapability
 .text.USDHC_SetSdClock
                0x6021ea28      0x1a8 ./drivers/fsl_usdhc_uvoice.o
                0x6021ea28                USDHC_SetSdClock
 .text.USDHC_SetADMA1Descriptor
                0x6021ebd0      0x18c ./drivers/fsl_usdhc_uvoice.o
                0x6021ebd0                USDHC_SetADMA1Descriptor
 .text.USDHC_SetADMA2Descriptor
                0x6021ed5c      0x1e0 ./drivers/fsl_usdhc_uvoice.o
                0x6021ed5c                USDHC_SetADMA2Descriptor
 .text.USDHC_SetInternalDmaConfig
                0x6021ef3c       0xb4 ./drivers/fsl_usdhc_uvoice.o
                0x6021ef3c                USDHC_SetInternalDmaConfig
 .text.USDHC_SetAdmaTableConfig
                0x6021eff0      0x100 ./drivers/fsl_usdhc_uvoice.o
                0x6021eff0                USDHC_SetAdmaTableConfig
 .text.USDHC_TransferNonBlocking
                0x6021f0f0      0x108 ./drivers/fsl_usdhc_uvoice.o
                0x6021f0f0                USDHC_TransferNonBlocking
 .text.USDHC_TransferHandleCommand
                0x6021f1f8       0xa4 ./drivers/fsl_usdhc_uvoice.o
 .text.USDHC_TransferHandleData
                0x6021f29c      0x110 ./drivers/fsl_usdhc_uvoice.o
 .text.USDHC_TransferHandleReTuning
                0x6021f3ac       0x40 ./drivers/fsl_usdhc_uvoice.o
 .text.USDHC_TransferCreateHandle
                0x6021f3ec       0xc4 ./drivers/fsl_usdhc_uvoice.o
                0x6021f3ec                USDHC_TransferCreateHandle
 .text.USDHC_TransferHandleIRQ
                0x6021f4b0       0xcc ./drivers/fsl_usdhc_uvoice.o
                0x6021f4b0                USDHC_TransferHandleIRQ
 .text.USDHC1_DriverIRQHandler
                0x6021f57c       0x24 ./drivers/fsl_usdhc_uvoice.o
                0x6021f57c                USDHC1_DriverIRQHandler
 .text.USDHC2_DriverIRQHandler
                0x6021f5a0       0x24 ./drivers/fsl_usdhc_uvoice.o
                0x6021f5a0                USDHC2_DriverIRQHandler
 .text.CLOCK_ControlGate
                0x6021f5c4       0x64 ./drivers/fsl_xbara.o
 .text.XBARA_GetInstance
                0x6021f628       0x44 ./drivers/fsl_xbara.o
 .text.RGB_LED_SetColor
                0x6021f66c      0x118 ./drivers/sln_RT10xx_RGB_LED_driver.o
                0x6021f66c                RGB_LED_SetColor
 .text.SCB_EnableICache
                0x6021f784       0x40 ./device/system_MIMXRT1062.o
 .text.SCB_EnableDCache
                0x6021f7c4       0x80 ./device/system_MIMXRT1062.o
 .text.SystemInit
                0x6021f844       0xf4 ./device/system_MIMXRT1062.o
                0x6021f844                SystemInit
 .text.__NVIC_EnableIRQ
                0x6021f938       0x3c ./component/uart/lpuart_adapter.o
 .text.HAL_UartInterruptHandle